Archive member included because of file (symbol)

c:/program files (x86)/atmel/atmel toolchain/arm gcc/native/4.8.1437/arm-gnu-toolchain/bin/../lib/gcc/arm-none-eabi/4.8.4/armv7-m\libgcc.a(_arm_addsubsf3.o)
                              src/usart_func.o (__aeabi_ui2f)
c:/program files (x86)/atmel/atmel toolchain/arm gcc/native/4.8.1437/arm-gnu-toolchain/bin/../lib/gcc/arm-none-eabi/4.8.4/armv7-m\libgcc.a(_arm_muldivsf3.o)
                              src/usart_func.o (__aeabi_fmul)
c:/program files (x86)/atmel/atmel toolchain/arm gcc/native/4.8.1437/arm-gnu-toolchain/bin/../lib/gcc/arm-none-eabi/4.8.4/armv7-m\libgcc.a(_arm_cmpsf2.o)
                              src/usart_func.o (__aeabi_fcmpge)
c:/program files (x86)/atmel/atmel toolchain/arm gcc/native/4.8.1437/arm-gnu-toolchain/bin/../lib/gcc/arm-none-eabi/4.8.4/armv7-m\libgcc.a(_arm_fixunssfsi.o)
                              src/usart_func.o (__aeabi_f2uiz)
c:/program files (x86)/atmel/atmel toolchain/arm gcc/native/4.8.1437/arm-gnu-toolchain/bin/../lib/gcc/arm-none-eabi/4.8.4/../../../../arm-none-eabi/lib/armv7-m\libc.a(lib_a-exit.o)
                              c:/program files (x86)/atmel/atmel toolchain/arm gcc/native/4.8.1437/arm-gnu-toolchain/bin/../lib/gcc/arm-none-eabi/4.8.4/../../../../arm-none-eabi/lib/armv7-m/crt0.o (exit)
c:/program files (x86)/atmel/atmel toolchain/arm gcc/native/4.8.1437/arm-gnu-toolchain/bin/../lib/gcc/arm-none-eabi/4.8.4/../../../../arm-none-eabi/lib/armv7-m\libc.a(lib_a-impure.o)
                              c:/program files (x86)/atmel/atmel toolchain/arm gcc/native/4.8.1437/arm-gnu-toolchain/bin/../lib/gcc/arm-none-eabi/4.8.4/../../../../arm-none-eabi/lib/armv7-m\libc.a(lib_a-exit.o) (_global_impure_ptr)
c:/program files (x86)/atmel/atmel toolchain/arm gcc/native/4.8.1437/arm-gnu-toolchain/bin/../lib/gcc/arm-none-eabi/4.8.4/../../../../arm-none-eabi/lib/armv7-m\libc.a(lib_a-init.o)
                              c:/program files (x86)/atmel/atmel toolchain/arm gcc/native/4.8.1437/arm-gnu-toolchain/bin/../lib/gcc/arm-none-eabi/4.8.4/../../../../arm-none-eabi/lib/armv7-m/crt0.o (__libc_init_array)
c:/program files (x86)/atmel/atmel toolchain/arm gcc/native/4.8.1437/arm-gnu-toolchain/bin/../lib/gcc/arm-none-eabi/4.8.4/../../../../arm-none-eabi/lib/armv7-m\libc.a(lib_a-memcmp.o)
                              src/asf/thirdparty/FreeRTOS/tasks.o (memcmp)
c:/program files (x86)/atmel/atmel toolchain/arm gcc/native/4.8.1437/arm-gnu-toolchain/bin/../lib/gcc/arm-none-eabi/4.8.4/../../../../arm-none-eabi/lib/armv7-m\libc.a(lib_a-memcpy.o)
                              src/asf/thirdparty/FreeRTOS/queue.o (memcpy)
c:/program files (x86)/atmel/atmel toolchain/arm gcc/native/4.8.1437/arm-gnu-toolchain/bin/../lib/gcc/arm-none-eabi/4.8.4/../../../../arm-none-eabi/lib/armv7-m\libc.a(lib_a-memset.o)
                              c:/program files (x86)/atmel/atmel toolchain/arm gcc/native/4.8.1437/arm-gnu-toolchain/bin/../lib/gcc/arm-none-eabi/4.8.4/../../../../arm-none-eabi/lib/armv7-m/crt0.o (memset)
c:/program files (x86)/atmel/atmel toolchain/arm gcc/native/4.8.1437/arm-gnu-toolchain/bin/../lib/gcc/arm-none-eabi/4.8.4/../../../../arm-none-eabi/lib/armv7-m\libc.a(lib_a-__call_atexit.o)
                              c:/program files (x86)/atmel/atmel toolchain/arm gcc/native/4.8.1437/arm-gnu-toolchain/bin/../lib/gcc/arm-none-eabi/4.8.4/../../../../arm-none-eabi/lib/armv7-m\libc.a(lib_a-exit.o) (__call_exitprocs)
c:/program files (x86)/atmel/atmel toolchain/arm gcc/native/4.8.1437/arm-gnu-toolchain/bin/../lib/gcc/arm-none-eabi/4.8.4/../../../../arm-none-eabi/lib/armv7-m\libc.a(lib_a-atexit.o)
                              c:/program files (x86)/atmel/atmel toolchain/arm gcc/native/4.8.1437/arm-gnu-toolchain/bin/../lib/gcc/arm-none-eabi/4.8.4/../../../../arm-none-eabi/lib/armv7-m\libc.a(lib_a-__call_atexit.o) (atexit)
c:/program files (x86)/atmel/atmel toolchain/arm gcc/native/4.8.1437/arm-gnu-toolchain/bin/../lib/gcc/arm-none-eabi/4.8.4/../../../../arm-none-eabi/lib/armv7-m\libc.a(lib_a-fini.o)
                              c:/program files (x86)/atmel/atmel toolchain/arm gcc/native/4.8.1437/arm-gnu-toolchain/bin/../lib/gcc/arm-none-eabi/4.8.4/../../../../arm-none-eabi/lib/armv7-m\libc.a(lib_a-__call_atexit.o) (__libc_fini_array)
c:/program files (x86)/atmel/atmel toolchain/arm gcc/native/4.8.1437/arm-gnu-toolchain/bin/../lib/gcc/arm-none-eabi/4.8.4/../../../../arm-none-eabi/lib/armv7-m\libc.a(lib_a-__atexit.o)
                              c:/program files (x86)/atmel/atmel toolchain/arm gcc/native/4.8.1437/arm-gnu-toolchain/bin/../lib/gcc/arm-none-eabi/4.8.4/../../../../arm-none-eabi/lib/armv7-m\libc.a(lib_a-atexit.o) (__register_exitproc)

Allocating common symbols
Common symbol       size              file

can_glob_hk_reg     0x8               src/command_test.o
canR_MB             0x20              src/command_test.o
can_hk_fifo         0x4               src/command_test.o
[...]
Memory Configuration

Name             Origin             Length             Attributes
rom              0x00080000         0x00080000         xr
sram0            0x20000000         0x00010000         xrw
sram1            0x20080000         0x00008000         xrw
ram              0x20070000         0x00018000         xrw
*default*        0x00000000         0xffffffff

Linker script and memory map

LOAD c:/program files (x86)/atmel/atmel toolchain/arm gcc/native/4.8.1437/arm-gnu-toolchain/bin/../lib/gcc/arm-none-eabi/4.8.4/armv7-m/crti.o
LOAD c:/program files (x86)/atmel/atmel toolchain/arm gcc/native/4.8.1437/arm-gnu-toolchain/bin/../lib/gcc/arm-none-eabi/4.8.4/armv7-m/crtbegin.o
LOAD c:/program files (x86)/atmel/atmel toolchain/arm gcc/native/4.8.1437/arm-gnu-toolchain/bin/../lib/gcc/arm-none-eabi/4.8.4/../../../../arm-none-eabi/lib/armv7-m/crt0.o
LOAD src/asf/sam/drivers/spi/spi.o
LOAD src/asf/sam/drivers/tc/tc.o
LOAD src/asf/sam/drivers/uart/uart.o
LOAD src/command_test.o
LOAD src/data_collect.o
LOAD src/housekeep.o
LOAD src/ParTest.o
LOAD src/spi_func.o
LOAD src/usart_func.o
LOAD src/asf/common/services/clock/sam3x/sysclk.o
LOAD src/asf/common/utils/interrupt/interrupt_sam_nvic.o
LOAD src/asf/common/utils/stdio/read.o
LOAD src/asf/common/utils/stdio/write.o
LOAD src/asf/sam/boards/sam3x_ek/init.o
LOAD src/asf/sam/components/can/sn65hvd234.o
LOAD src/asf/sam/drivers/can/can.o
LOAD src/asf/sam/drivers/pio/pio.o
LOAD src/asf/sam/drivers/pio/pio_handler.o
LOAD src/asf/sam/drivers/pmc/pmc.o
LOAD src/asf/sam/drivers/rtt/rtt.o
LOAD src/asf/sam/drivers/usart/usart.o
LOAD src/asf/sam/drivers/wdt/wdt.o
LOAD src/asf/sam/utils/cmsis/sam3x/source/templates/exceptions.o
LOAD src/asf/sam/utils/cmsis/sam3x/source/templates/gcc/startup_sam3x.o
LOAD src/asf/sam/utils/cmsis/sam3x/source/templates/system_sam3x.o
LOAD src/asf/thirdparty/FreeRTOS/list.o
LOAD src/asf/thirdparty/FreeRTOS/portable/GCC/ARM_CM3/port.o
LOAD src/asf/thirdparty/FreeRTOS/portable/MemMang/heap_4.o
LOAD src/asf/thirdparty/FreeRTOS/queue.o
LOAD src/asf/thirdparty/FreeRTOS/tasks.o
LOAD src/asf/thirdparty/FreeRTOS/timers.o
LOAD src/can_func.o
LOAD src/Common-Demo-Source/BlockQ.o
LOAD src/Common-Demo-Source/blocktim.o
LOAD src/Common-Demo-Source/comtest.o
LOAD src/Common-Demo-Source/countsem.o
LOAD src/Common-Demo-Source/death.o
LOAD src/Common-Demo-Source/dynamic.o
LOAD src/Common-Demo-Source/flash_timer.o
LOAD src/Common-Demo-Source/GenQTest.o
LOAD src/Common-Demo-Source/integer.o
LOAD src/Common-Demo-Source/PollQ.o
LOAD src/Common-Demo-Source/recmutex.o
LOAD src/Common-Demo-Source/semtest.o
LOAD src/main.o
LOAD my_blink.o
START GROUP
END GROUP
START GROUP
LOAD c:/program files (x86)/atmel/atmel toolchain/arm gcc/native/4.8.1437/arm-gnu-toolchain/bin/../lib/gcc/arm-none-eabi/4.8.4/armv7-m\libgcc.a
LOAD c:/program files (x86)/atmel/atmel toolchain/arm gcc/native/4.8.1437/arm-gnu-toolchain/bin/../lib/gcc/arm-none-eabi/4.8.4/../../../../arm-none-eabi/lib/armv7-m\libc.a
END GROUP
LOAD c:/program files (x86)/atmel/atmel toolchain/arm gcc/native/4.8.1437/arm-gnu-toolchain/bin/../lib/gcc/arm-none-eabi/4.8.4/armv7-m/crtend.o
LOAD c:/program files (x86)/atmel/atmel toolchain/arm gcc/native/4.8.1437/arm-gnu-toolchain/bin/../lib/gcc/arm-none-eabi/4.8.4/armv7-m/crtn.o
                0x00002000                STACK_SIZE = 0x2000

.text           0x00080000     0x66c8
                0x00080000                . = ALIGN (0x4)
                0x00080000                _sfixed = .
 *(.vectors .vectors.*)
 .vectors       0x00080000       0xf4 src/asf/sam/utils/cmsis/sam3x/source/templates/gcc/startup_sam3x.o
                0x00080000                exception_table
 *(.text .text.* .gnu.linkonce.t.*)
 .text          0x000800f4       0x54 c:/program files (x86)/atmel/atmel toolchain/arm gcc/native/4.8.1437/arm-gnu-toolchain/bin/../lib/gcc/arm-none-eabi/4.8.4/armv7-m/crtbegin.o
 .text.spi_get_peripheral_select_mode
                0x00080148       0x28 src/asf/sam/drivers/spi/spi.o
 .text.sysclk_enable_peripheral_clock
                0x00080170       0x18 src/asf/sam/drivers/spi/spi.o
 .text.spi_enable_clock
                0x00080188       0x24 src/asf/sam/drivers/spi/spi.o
                0x00080188                spi_enable_clock
 .text.spi_set_peripheral_chip_select_value
                0x000801ac       0x34 src/asf/sam/drivers/spi/spi.o
                0x000801ac                spi_set_peripheral_chip_select_value
 .text.spi_read
                0x000801e0       0x70 src/asf/sam/drivers/spi/spi.o
                0x000801e0                spi_read
 .text.spi_write
                0x00080250       0x80 src/asf/sam/drivers/spi/spi.o
                0x00080250                spi_write
 .text.spi_set_clock_polarity
                0x000802d0       0x50 src/asf/sam/drivers/spi/spi.o
                0x000802d0                spi_set_clock_polarity
 .text.spi_set_clock_phase
                0x00080320       0x50 src/asf/sam/drivers/spi/spi.o
                0x00080320                spi_set_clock_phase
 .text.spi_set_bits_per_transfer
                0x00080370       0x48 src/asf/sam/drivers/spi/spi.o
                0x00080370                spi_set_bits_per_transfer
 .text.data_test
                0x000803b8       0x38 src/data_collect.o
                0x000803b8                data_test
 .text.prvDataTask
                0x000803f0      0x128 src/data_collect.o
 .text.vParTestInitialise
                0x00080518       0x44 src/ParTest.o
                0x00080518                vParTestInitialise
 .text.vParTestSetLED
                0x0008055c       0x74 src/ParTest.o
                0x0008055c                vParTestSetLED
 .text.NVIC_EnableIRQ
                0x000805d0       0x30 src/spi_func.o
 .text.NVIC_DisableIRQ
                0x00080600       0x34 src/spi_func.o
 .text.NVIC_ClearPendingIRQ
                0x00080634       0x34 src/spi_func.o
 .text.spi_reset
                0x00080668       0x18 src/spi_func.o
 .text.spi_enable
                0x00080680       0x18 src/spi_func.o
 .text.spi_disable
                0x00080698       0x18 src/spi_func.o
 .text.spi_set_slave_mode
                0x000806b0       0x20 src/spi_func.o
 .text.spi_disable_mode_fault_detect
                0x000806d0       0x20 src/spi_func.o
 .text.spi_read_status
                0x000806f0       0x18 src/spi_func.o
 .text.spi_enable_interrupt
                0x00080708       0x1c src/spi_func.o
 .text.spi_slave_transfer
                0x00080724       0x50 src/spi_func.o
 .text.SPI0_Handler
                0x00080774       0x54 src/spi_func.o
                0x00080774                SPI0_Handler
 .text.spi_slave_initialize
                0x000807c8       0xe0 src/spi_func.o
 .text.spi_initialize
                0x000808a8       0x50 src/spi_func.o
                0x000808a8                spi_initialize
 .text.NVIC_EnableIRQ
                0x000808f8       0x30 src/usart_func.o
 .text.osc_get_rate
                0x00080928       0x74 src/usart_func.o
 .text.sysclk_get_main_hz
                0x0008099c       0x1c src/usart_func.o
 .text.sysclk_get_cpu_hz
                0x000809b8       0x14 src/usart_func.o
 .text.sysclk_enable_peripheral_clock
                0x000809cc       0x18 src/usart_func.o
 .text.USART0_Handler
                0x000809e4      0x138 src/usart_func.o
                0x000809e4                USART0_Handler
 .text.check_command
                0x00080b1c      0x264 src/usart_func.o
                0x00080b1c                check_command
 .text.check_string
                0x00080d80       0x5c src/usart_func.o
                0x00080d80                check_string
 .text.convert_to_temp
                0x00080ddc       0x98 src/usart_func.o
                0x00080ddc                convert_to_temp
 .text.convert_to_bcd
                0x00080e74       0x64 src/usart_func.o
                0x00080e74                convert_to_bcd
 .text.configure_usart
                0x00080ed8       0x78 src/usart_func.o
                0x00080ed8                configure_usart
 .text.usart_initialize
                0x00080f50       0x98 src/usart_func.o
                0x00080f50                usart_initialize
 .text.osc_enable
                0x00080fe8       0x80 src/asf/common/services/clock/sam3x/sysclk.o
 .text.osc_is_ready
                0x00081068       0x70 src/asf/common/services/clock/sam3x/sysclk.o
 .text.osc_get_rate
                0x000810d8       0x74 src/asf/common/services/clock/sam3x/sysclk.o
 .text.osc_wait_ready
                0x0008114c       0x2c src/asf/common/services/clock/sam3x/sysclk.o
 .text.pll_config_init
                0x00081178       0x68 src/asf/common/services/clock/sam3x/sysclk.o
 .text.pll_enable
                0x000811e0       0x3c src/asf/common/services/clock/sam3x/sysclk.o
 .text.pll_is_locked
                0x0008121c       0x2c src/asf/common/services/clock/sam3x/sysclk.o
 .text.pll_enable_source
                0x00081248       0x34 src/asf/common/services/clock/sam3x/sysclk.o
 .text.pll_wait_for_lock
                0x0008127c       0x24 src/asf/common/services/clock/sam3x/sysclk.o
 .text.sysclk_get_main_hz
                0x000812a0       0x1c src/asf/common/services/clock/sam3x/sysclk.o
 .text.sysclk_get_cpu_hz
                0x000812bc       0x14 src/asf/common/services/clock/sam3x/sysclk.o
 .text.sysclk_init
                0x000812d0       0x68 src/asf/common/services/clock/sam3x/sysclk.o
                0x000812d0                sysclk_init
 .text.safe_board_init
                0x00081338       0x68 src/asf/sam/boards/sam3x_ek/init.o
                0x00081338                safe_board_init
 .text.board_init
                0x000813a0       0xbc src/asf/sam/boards/sam3x_ek/init.o
                0x000813a0                board_init
 .text.sn65hvd234_set_rs
                0x0008145c       0x1c src/asf/sam/components/can/sn65hvd234.o
                0x0008145c                sn65hvd234_set_rs
 .text.sn65hvd234_set_en
                0x00081478       0x1c src/asf/sam/components/can/sn65hvd234.o
                0x00081478                sn65hvd234_set_en
 .text.sn65hvd234_enable
                0x00081494       0x1c src/asf/sam/components/can/sn65hvd234.o
                0x00081494                sn65hvd234_enable
 .text.sn65hvd234_disable_low_power
                0x000814b0       0x1c src/asf/sam/components/can/sn65hvd234.o
                0x000814b0                sn65hvd234_disable_low_power
 .text.can_set_baudrate
                0x000814cc      0x150 src/asf/sam/drivers/can/can.o
 .text.can_init
                0x0008161c       0x88 src/asf/sam/drivers/can/can.o
                0x0008161c                can_init
 .text.can_enable
                0x000816a4       0x20 src/asf/sam/drivers/can/can.o
                0x000816a4                can_enable
 .text.can_disable
                0x000816c4       0x20 src/asf/sam/drivers/can/can.o
                0x000816c4                can_disable
 .text.can_enable_interrupt
                0x000816e4       0x1c src/asf/sam/drivers/can/can.o
                0x000816e4                can_enable_interrupt
 .text.can_disable_interrupt
                0x00081700       0x1c src/asf/sam/drivers/can/can.o
                0x00081700                can_disable_interrupt
 .text.can_get_status
                0x0008171c       0x18 src/asf/sam/drivers/can/can.o
                0x0008171c                can_get_status
 .text.can_global_send_transfer_cmd
                0x00081734       0x2c src/asf/sam/drivers/can/can.o
                0x00081734                can_global_send_transfer_cmd
 .text.can_mailbox_get_status
                0x00081760       0x28 src/asf/sam/drivers/can/can.o
                0x00081760                can_mailbox_get_status
 .text.can_mailbox_send_transfer_cmd
                0x00081788       0x38 src/asf/sam/drivers/can/can.o
                0x00081788                can_mailbox_send_transfer_cmd
 .text.can_mailbox_init
                0x000817c0      0x120 src/asf/sam/drivers/can/can.o
                0x000817c0                can_mailbox_init
 .text.can_mailbox_read
                0x000818e0       0xc4 src/asf/sam/drivers/can/can.o
                0x000818e0                can_mailbox_read
 .text.can_mailbox_write
                0x000819a4       0xb8 src/asf/sam/drivers/can/can.o
                0x000819a4                can_mailbox_write
 .text.can_reset_all_mailbox
                0x00081a5c       0x44 src/asf/sam/drivers/can/can.o
                0x00081a5c                can_reset_all_mailbox
 .text.pio_pull_up
                0x00081aa0       0x2c src/asf/sam/drivers/pio/pio.o
                0x00081aa0                pio_pull_up
 .text.pio_set_peripheral
                0x00081acc       0x80 src/asf/sam/drivers/pio/pio.o
                0x00081acc                pio_set_peripheral
 .text.pio_set_input
                0x00081b4c       0x7c src/asf/sam/drivers/pio/pio.o
                0x00081b4c                pio_set_input
 .text.pio_set_output
                0x00081bc8       0x64 src/asf/sam/drivers/pio/pio.o
                0x00081bc8                pio_set_output
 .text.pio_disable_interrupt
                0x00081c2c       0x1c src/asf/sam/drivers/pio/pio.o
                0x00081c2c                pio_disable_interrupt
 .text.pio_get_interrupt_status
                0x00081c48       0x18 src/asf/sam/drivers/pio/pio.o
                0x00081c48                pio_get_interrupt_status
 .text.pio_get_interrupt_mask
                0x00081c60       0x18 src/asf/sam/drivers/pio/pio.o
                0x00081c60                pio_get_interrupt_mask
 .text.pio_set_pin_high
                0x00081c78       0x34 src/asf/sam/drivers/pio/pio.o
                0x00081c78                pio_set_pin_high
 .text.pio_set_pin_low
                0x00081cac       0x34 src/asf/sam/drivers/pio/pio.o
                0x00081cac                pio_set_pin_low
 .text.pio_toggle_pin
                0x00081ce0       0x60 src/asf/sam/drivers/pio/pio.o
                0x00081ce0                pio_toggle_pin
 .text.pio_configure_pin
                0x00081d40      0x13c src/asf/sam/drivers/pio/pio.o
                0x00081d40                pio_configure_pin
 .text.pio_configure_pin_group
                0x00081e7c       0xe0 src/asf/sam/drivers/pio/pio.o
                0x00081e7c                pio_configure_pin_group
 .text.pio_handler_process
                0x00081f5c       0xa4 src/asf/sam/drivers/pio/pio_handler.o
                0x00081f5c                pio_handler_process
 .text.PIOA_Handler
                0x00082000       0x18 src/asf/sam/drivers/pio/pio_handler.o
                0x00082000                PIOA_Handler
 .text.PIOB_Handler
                0x00082018       0x18 src/asf/sam/drivers/pio/pio_handler.o
                0x00082018                PIOB_Handler
 .text.PIOC_Handler
                0x00082030       0x18 src/asf/sam/drivers/pio/pio_handler.o
                0x00082030                PIOC_Handler
 .text.PIOD_Handler
                0x00082048       0x18 src/asf/sam/drivers/pio/pio_handler.o
                0x00082048                PIOD_Handler
 .text.pmc_switch_mck_to_pllack
                0x00082060       0x84 src/asf/sam/drivers/pmc/pmc.o
                0x00082060                pmc_switch_mck_to_pllack
 .text.pmc_switch_sclk_to_32kxtal
                0x000820e4       0x3c src/asf/sam/drivers/pmc/pmc.o
                0x000820e4                pmc_switch_sclk_to_32kxtal
 .text.pmc_osc_is_ready_32kxtal
                0x00082120       0x34 src/asf/sam/drivers/pmc/pmc.o
                0x00082120                pmc_osc_is_ready_32kxtal
 .text.pmc_switch_mainck_to_fastrc
                0x00082154       0xa0 src/asf/sam/drivers/pmc/pmc.o
                0x00082154                pmc_switch_mainck_to_fastrc
 .text.pmc_switch_mainck_to_xtal
                0x000821f4       0x6c src/asf/sam/drivers/pmc/pmc.o
                0x000821f4                pmc_switch_mainck_to_xtal
 .text.pmc_osc_is_ready_mainck
                0x00082260       0x1c src/asf/sam/drivers/pmc/pmc.o
                0x00082260                pmc_osc_is_ready_mainck
 .text.pmc_disable_pllack
                0x0008227c       0x18 src/asf/sam/drivers/pmc/pmc.o
                0x0008227c                pmc_disable_pllack
 .text.pmc_is_locked_pllack
                0x00082294       0x1c src/asf/sam/drivers/pmc/pmc.o
                0x00082294                pmc_is_locked_pllack
 .text.pmc_is_locked_upll
                0x000822b0       0x1c src/asf/sam/drivers/pmc/pmc.o
                0x000822b0                pmc_is_locked_upll
 .text.pmc_enable_periph_clk
                0x000822cc       0x84 src/asf/sam/drivers/pmc/pmc.o
                0x000822cc                pmc_enable_periph_clk
 .text.usart_set_async_baudrate
                0x00082350       0x8c src/asf/sam/drivers/usart/usart.o
 .text.usart_reset
                0x000823dc       0x54 src/asf/sam/drivers/usart/usart.o
                0x000823dc                usart_reset
 .text.usart_init_rs232
                0x00082430       0x84 src/asf/sam/drivers/usart/usart.o
                0x00082430                usart_init_rs232
 .text.usart_enable_tx
                0x000824b4       0x18 src/asf/sam/drivers/usart/usart.o
                0x000824b4                usart_enable_tx
 .text.usart_reset_tx
                0x000824cc       0x18 src/asf/sam/drivers/usart/usart.o
                0x000824cc                usart_reset_tx
 .text.usart_enable_rx
                0x000824e4       0x18 src/asf/sam/drivers/usart/usart.o
                0x000824e4                usart_enable_rx
 .text.usart_reset_rx
                0x000824fc       0x18 src/asf/sam/drivers/usart/usart.o
                0x000824fc                usart_reset_rx
 .text.usart_enable_interrupt
                0x00082514       0x1c src/asf/sam/drivers/usart/usart.o
                0x00082514                usart_enable_interrupt
 .text.usart_disable_interrupt
                0x00082530       0x1c src/asf/sam/drivers/usart/usart.o
                0x00082530                usart_disable_interrupt
 .text.usart_get_status
                0x0008254c       0x18 src/asf/sam/drivers/usart/usart.o
                0x0008254c                usart_get_status
 .text.usart_reset_status
                0x00082564       0x1c src/asf/sam/drivers/usart/usart.o
                0x00082564                usart_reset_status
 .text.usart_drive_RTS_pin_high
                0x00082580       0x1c src/asf/sam/drivers/usart/usart.o
                0x00082580                usart_drive_RTS_pin_high
 .text.usart_write
                0x0008259c       0x34 src/asf/sam/drivers/usart/usart.o
                0x0008259c                usart_write
 .text.usart_getchar
                0x000825d0       0x48 src/asf/sam/drivers/usart/usart.o
                0x000825d0                usart_getchar
 .text.usart_disable_writeprotect
                0x00082618       0x20 src/asf/sam/drivers/usart/usart.o
                0x00082618                usart_disable_writeprotect
 .text.wdt_restart
                0x00082638       0x28 src/asf/sam/drivers/wdt/wdt.o
                0x00082638                wdt_restart
 .text.wdt_get_status
                0x00082660       0x18 src/asf/sam/drivers/wdt/wdt.o
                0x00082660                wdt_get_status
 .text.Dummy_Handler
                0x00082678        0x8 src/asf/sam/utils/cmsis/sam3x/source/templates/exceptions.o
                0x00082678                DACC_Handler
                0x00082678                DebugMon_Handler
                0x00082678                DMAC_Handler
                0x00082678                TRNG_Handler
                0x00082678                HardFault_Handler
                0x00082678                TC2_Handler
                0x00082678                USART3_Handler
                0x00082678                TWI1_Handler
                0x00082678                NMI_Handler
                0x00082678                TC7_Handler
                0x00082678                ADC_Handler
                0x00082678                SMC_Handler
                0x00082678                RTT_Handler
                0x00082678                EFC1_Handler
                0x00082678                RTC_Handler
                0x00082678                UsageFault_Handler
                0x00082678                TC6_Handler
                0x00082678                TC4_Handler
                0x00082678                TC1_Handler
                0x00082678                HSMCI_Handler
                0x00082678                TC3_Handler
                0x00082678                Dummy_Handler
                0x00082678                TWI0_Handler
                0x00082678                USART1_Handler
                0x00082678                SSC_Handler
                0x00082678                EFC0_Handler
                0x00082678                PMC_Handler
                0x00082678                PWM_Handler
                0x00082678                MemManage_Handler
                0x00082678                SUPC_Handler
                0x00082678                TC8_Handler
                0x00082678                USART2_Handler
                0x00082678                EMAC_Handler
                0x00082678                UART_Handler
                0x00082678                BusFault_Handler
                0x00082678                RSTC_Handler
                0x00082678                TC0_Handler
                0x00082678                TC5_Handler
                0x00082678                UOTGHS_Handler
 .text.Reset_Handler
                0x00082680       0xa8 src/asf/sam/utils/cmsis/sam3x/source/templates/gcc/startup_sam3x.o
                0x00082680                Reset_Handler
 .text.SystemCoreClockUpdate
                0x00082728      0x180 src/asf/sam/utils/cmsis/sam3x/source/templates/system_sam3x.o
                0x00082728                SystemCoreClockUpdate
 .text.system_init_flash
                0x000828a8       0xa0 src/asf/sam/utils/cmsis/sam3x/source/templates/system_sam3x.o
                0x000828a8                system_init_flash
 .text.vListInitialise
                0x00082948       0x40 src/asf/thirdparty/FreeRTOS/list.o
                0x00082948                vListInitialise
 .text.vListInitialiseItem
                0x00082988       0x18 src/asf/thirdparty/FreeRTOS/list.o
                0x00082988                vListInitialiseItem
 .text.vListInsertEnd
                0x000829a0       0x48 src/asf/thirdparty/FreeRTOS/list.o
                0x000829a0                vListInsertEnd
 .text.vListInsert
                0x000829e8       0x70 src/asf/thirdparty/FreeRTOS/list.o
                0x000829e8                vListInsert
 .text.uxListRemove
                0x00082a58       0x54 src/asf/thirdparty/FreeRTOS/list.o
                0x00082a58                uxListRemove
 .text.pxPortInitialiseStack
                0x00082aac       0x58 src/asf/thirdparty/FreeRTOS/portable/GCC/ARM_CM3/port.o
                0x00082aac                pxPortInitialiseStack
 .text.prvTaskExitError
                0x00082b04       0x24 src/asf/thirdparty/FreeRTOS/portable/GCC/ARM_CM3/port.o
 .text.SVC_Handler
                0x00082b28       0x24 src/asf/thirdparty/FreeRTOS/portable/GCC/ARM_CM3/port.o
                0x00082b28                SVC_Handler
 .text.prvPortStartFirstTask
                0x00082b4c       0x20 src/asf/thirdparty/FreeRTOS/portable/GCC/ARM_CM3/port.o
 .text.xPortStartScheduler
                0x00082b6c       0xc8 src/asf/thirdparty/FreeRTOS/portable/GCC/ARM_CM3/port.o
                0x00082b6c                xPortStartScheduler
 .text.vPortYield
                0x00082c34       0x20 src/asf/thirdparty/FreeRTOS/portable/GCC/ARM_CM3/port.o
                0x00082c34                vPortYield
 .text.vPortEnterCritical
                0x00082c54       0x44 src/asf/thirdparty/FreeRTOS/portable/GCC/ARM_CM3/port.o
                0x00082c54                vPortEnterCritical
 .text.vPortExitCritical
                0x00082c98       0x38 src/asf/thirdparty/FreeRTOS/portable/GCC/ARM_CM3/port.o
                0x00082c98                vPortExitCritical
 .text.ulPortSetInterruptMask
                0x00082cd0       0x14 src/asf/thirdparty/FreeRTOS/portable/GCC/ARM_CM3/port.o
                0x00082cd0                ulPortSetInterruptMask
 .text.vPortClearInterruptMask
                0x00082ce4        0x8 src/asf/thirdparty/FreeRTOS/portable/GCC/ARM_CM3/port.o
                0x00082ce4                vPortClearInterruptMask
 .text.PendSV_Handler
                0x00082cec       0x44 src/asf/thirdparty/FreeRTOS/portable/GCC/ARM_CM3/port.o
                0x00082cec                PendSV_Handler
 .text.SysTick_Handler
                0x00082d30       0x34 src/asf/thirdparty/FreeRTOS/portable/GCC/ARM_CM3/port.o
                0x00082d30                SysTick_Handler
 .text.vPortSetupTimerInterrupt
                0x00082d64       0x34 src/asf/thirdparty/FreeRTOS/portable/GCC/ARM_CM3/port.o
                0x00082d64                vPortSetupTimerInterrupt
 .text.vPortValidateInterruptPriority
                0x00082d98       0x5c src/asf/thirdparty/FreeRTOS/portable/GCC/ARM_CM3/port.o
                0x00082d98                vPortValidateInterruptPriority
 .text.pvPortMalloc
                0x00082df4      0x178 src/asf/thirdparty/FreeRTOS/portable/MemMang/heap_4.o
                0x00082df4                pvPortMalloc
 .text.vPortFree
                0x00082f6c       0xa4 src/asf/thirdparty/FreeRTOS/portable/MemMang/heap_4.o
                0x00082f6c                vPortFree
 .text.prvHeapInit
                0x00083010       0xc4 src/asf/thirdparty/FreeRTOS/portable/MemMang/heap_4.o
 .text.prvInsertBlockIntoFreeList
                0x000830d4       0xb0 src/asf/thirdparty/FreeRTOS/portable/MemMang/heap_4.o
 .text.xQueueGenericReset
                0x00083184       0xc8 src/asf/thirdparty/FreeRTOS/queue.o
                0x00083184                xQueueGenericReset
 .text.xQueueGenericCreate
                0x0008324c       0x8c src/asf/thirdparty/FreeRTOS/queue.o
                0x0008324c                xQueueGenericCreate
 .text.xQueueGenericSend
                0x000832d8      0x1c4 src/asf/thirdparty/FreeRTOS/queue.o
                0x000832d8                xQueueGenericSend
 .text.xQueueGenericSendFromISR
                0x0008349c       0xfc src/asf/thirdparty/FreeRTOS/queue.o
                0x0008349c                xQueueGenericSendFromISR
 .text.xQueueGenericReceive
                0x00083598      0x1fc src/asf/thirdparty/FreeRTOS/queue.o
                0x00083598                xQueueGenericReceive
 .text.prvCopyDataToQueue
                0x00083794       0xe4 src/asf/thirdparty/FreeRTOS/queue.o
 .text.prvCopyDataFromQueue
                0x00083878       0x50 src/asf/thirdparty/FreeRTOS/queue.o
 .text.prvUnlockQueue
                0x000838c8       0xa8 src/asf/thirdparty/FreeRTOS/queue.o
 .text.prvIsQueueEmpty
                0x00083970       0x34 src/asf/thirdparty/FreeRTOS/queue.o
 .text.prvIsQueueFull
                0x000839a4       0x38 src/asf/thirdparty/FreeRTOS/queue.o
 .text.vQueueWaitForMessageRestricted
                0x000839dc       0x68 src/asf/thirdparty/FreeRTOS/queue.o
                0x000839dc                vQueueWaitForMessageRestricted
 .text.xTaskGenericCreate
                0x00083a44      0x180 src/asf/thirdparty/FreeRTOS/tasks.o
                0x00083a44                xTaskGenericCreate
 .text.vTaskDelayUntil
                0x00083bc4       0xfc src/asf/thirdparty/FreeRTOS/tasks.o
                0x00083bc4                vTaskDelayUntil
 .text.vTaskStartScheduler
                0x00083cc0       0x80 src/asf/thirdparty/FreeRTOS/tasks.o
                0x00083cc0                vTaskStartScheduler
 .text.vTaskSuspendAll
                0x00083d40       0x1c src/asf/thirdparty/FreeRTOS/tasks.o
                0x00083d40                vTaskSuspendAll
 .text.xTaskResumeAll
                0x00083d5c      0x124 src/asf/thirdparty/FreeRTOS/tasks.o
                0x00083d5c                xTaskResumeAll
 .text.xTaskGetTickCount
                0x00083e80       0x2c src/asf/thirdparty/FreeRTOS/tasks.o
                0x00083e80                xTaskGetTickCount
 .text.xTaskIncrementTick
                0x00083eac      0x17c src/asf/thirdparty/FreeRTOS/tasks.o
                0x00083eac                xTaskIncrementTick
 .text.vTaskSwitchContext
                0x00084028       0xfc src/asf/thirdparty/FreeRTOS/tasks.o
                0x00084028                vTaskSwitchContext
 .text.vTaskPlaceOnEventList
                0x00084124       0xa0 src/asf/thirdparty/FreeRTOS/tasks.o
                0x00084124                vTaskPlaceOnEventList
 .text.vTaskPlaceOnEventListRestricted
                0x000841c4       0x80 src/asf/thirdparty/FreeRTOS/tasks.o
                0x000841c4                vTaskPlaceOnEventListRestricted
 .text.xTaskRemoveFromEventList
                0x00084244       0xc0 src/asf/thirdparty/FreeRTOS/tasks.o
                0x00084244                xTaskRemoveFromEventList
 .text.vTaskSetTimeOutState
                0x00084304       0x38 src/asf/thirdparty/FreeRTOS/tasks.o
                0x00084304                vTaskSetTimeOutState
 .text.xTaskCheckForTimeOut
                0x0008433c       0xb0 src/asf/thirdparty/FreeRTOS/tasks.o
                0x0008433c                xTaskCheckForTimeOut
 .text.vTaskMissedYield
                0x000843ec       0x18 src/asf/thirdparty/FreeRTOS/tasks.o
                0x000843ec                vTaskMissedYield
 .text.prvIdleTask
                0x00084404       0x28 src/asf/thirdparty/FreeRTOS/tasks.o
 .text.prvInitialiseTCBVariables
                0x0008442c       0x98 src/asf/thirdparty/FreeRTOS/tasks.o
 .text.prvInitialiseTaskLists
                0x000844c4       0x80 src/asf/thirdparty/FreeRTOS/tasks.o
 .text.prvCheckTasksWaitingTermination
                0x00084544       0x8c src/asf/thirdparty/FreeRTOS/tasks.o
 .text.prvAddCurrentTaskToDelayedList
                0x000845d0       0x70 src/asf/thirdparty/FreeRTOS/tasks.o
 .text.prvAllocateTCBAndStack
                0x00084640       0x70 src/asf/thirdparty/FreeRTOS/tasks.o
 .text.prvDeleteTCB
                0x000846b0       0x24 src/asf/thirdparty/FreeRTOS/tasks.o
 .text.prvResetNextTaskUnblockTime
                0x000846d4       0x48 src/asf/thirdparty/FreeRTOS/tasks.o
 .text.xTaskGetSchedulerState
                0x0008471c       0x3c src/asf/thirdparty/FreeRTOS/tasks.o
                0x0008471c                xTaskGetSchedulerState
 .text.vTaskPriorityInherit
                0x00084758       0xf4 src/asf/thirdparty/FreeRTOS/tasks.o
                0x00084758                vTaskPriorityInherit
 .text.xTaskPriorityDisinherit
                0x0008484c       0xe4 src/asf/thirdparty/FreeRTOS/tasks.o
                0x0008484c                xTaskPriorityDisinherit
 .text.pvTaskIncrementMutexHeldCount
                0x00084930       0x28 src/asf/thirdparty/FreeRTOS/tasks.o
                0x00084930                pvTaskIncrementMutexHeldCount
 .text.xTimerCreateTimerTask
                0x00084958       0x64 src/asf/thirdparty/FreeRTOS/timers.o
                0x00084958                xTimerCreateTimerTask
 .text.xTimerGenericCommand
                0x000849bc       0x98 src/asf/thirdparty/FreeRTOS/timers.o
                0x000849bc                xTimerGenericCommand
 .text.prvProcessExpiredTimer
                0x00084a54       0x80 src/asf/thirdparty/FreeRTOS/timers.o
 .text.prvTimerTask
                0x00084ad4       0x30 src/asf/thirdparty/FreeRTOS/timers.o
 .text.prvProcessTimerOrBlockTask
                0x00084b04       0x84 src/asf/thirdparty/FreeRTOS/timers.o
 .text.prvGetNextExpireTime
                0x00084b88       0x48 src/asf/thirdparty/FreeRTOS/timers.o
 .text.prvSampleTimeNow
                0x00084bd0       0x48 src/asf/thirdparty/FreeRTOS/timers.o
 .text.prvInsertTimerInActiveList
                0x00084c18       0x88 src/asf/thirdparty/FreeRTOS/timers.o
 .text.prvProcessReceivedCommands
                0x00084ca0      0x12c src/asf/thirdparty/FreeRTOS/timers.o
 .text.prvSwitchTimerLists
                0x00084dcc       0xc0 src/asf/thirdparty/FreeRTOS/timers.o
 .text.prvCheckForValidListAndQueue
                0x00084e8c       0x74 src/asf/thirdparty/FreeRTOS/timers.o
 .text.NVIC_EnableIRQ
                0x00084f00       0x30 src/can_func.o
 .text.osc_get_rate
                0x00084f30       0x74 src/can_func.o
 .text.sysclk_get_main_hz
                0x00084fa4       0x1c src/can_func.o
 .text.sysclk_get_cpu_hz
                0x00084fc0       0x14 src/can_func.o
 .text.CAN1_Handler
                0x00084fd4       0xcc src/can_func.o
                0x00084fd4                CAN1_Handler
 .text.CAN0_Handler
                0x000850a0       0xa0 src/can_func.o
                0x000850a0                CAN0_Handler
 .text.debug_can_msg
                0x00085140      0x128 src/can_func.o
                0x00085140                debug_can_msg
 .text.store_can_msg
                0x00085268      0x124 src/can_func.o
                0x00085268                store_can_msg
 .text.reset_mailbox_conf
                0x0008538c       0x54 src/can_func.o
                0x0008538c                reset_mailbox_conf
 .text.send_can_command
                0x000853e0       0xb0 src/can_func.o
                0x000853e0                send_can_command
 .text.read_can_data
                0x00085490       0x4c src/can_func.o
                0x00085490                read_can_data
 .text.read_can_tc
                0x000854dc       0x4c src/can_func.o
                0x000854dc                read_can_tc
 .text.save_can_object
                0x00085528       0x70 src/can_func.o
                0x00085528                save_can_object
 .text.restore_can_object
                0x00085598       0x70 src/can_func.o
                0x00085598                restore_can_object
 .text.can_initialize
                0x00085608      0x160 src/can_func.o
                0x00085608                can_initialize
 .text.can_init_mailboxes
                0x00085768      0x14c src/can_func.o
                0x00085768                can_init_mailboxes
 .text.high_command_generator
                0x000858b4       0x50 src/can_func.o
                0x000858b4                high_command_generator
 .text.NVIC_SetPriorityGrouping
                0x00085904       0x48 src/main.o
 .text.NVIC_SetPriority
                0x0008594c       0x54 src/main.o
 .text.NVIC_GetPriority
                0x000859a0       0x50 src/main.o
 .text.main     0x000859f0       0x48 src/main.o
                0x000859f0                main
 .text.safe_mode
                0x00085a38       0x38 src/main.o
 .text.prvSetupHardware
                0x00085a70       0x28 src/main.o
 .text.prvInitializeMutexes
                0x00085a98       0x20 src/main.o
 .text.prvInitializeInterruptPriorities
                0x00085ab8       0x4c src/main.o
 .text.vApplicationMallocFailedHook
                0x00085b04       0x10 src/main.o
                0x00085b04                vApplicationMallocFailedHook
 .text.vApplicationStackOverflowHook
                0x00085b14       0x14 src/main.o
                0x00085b14                vApplicationStackOverflowHook
 .text.WDT_Handler
                0x00085b28       0x28 src/main.o
                0x00085b28                WDT_Handler
 .text.my_blink
                0x00085b50       0x60 my_blink.o
                0x00085b50                my_blink
 .text.prvTurnOnTask
                0x00085bb0       0x28 my_blink.o
 .text.prvTurnOffTask
                0x00085bd8       0x28 my_blink.o
 .text          0x00085c00      0x21c c:/program files (x86)/atmel/atmel toolchain/arm gcc/native/4.8.1437/arm-gnu-toolchain/bin/../lib/gcc/arm-none-eabi/4.8.4/armv7-m\libgcc.a(_arm_addsubsf3.o)
                0x00085c00                __aeabi_frsub
                0x00085c08                __subsf3
                0x00085c08                __aeabi_fsub
                0x00085c0c                __aeabi_fadd
                0x00085c0c                __addsf3
                0x00085d6c                __aeabi_ui2f
                0x00085d6c                __floatunsisf
                0x00085d74                __aeabi_i2f
                0x00085d74                __floatsisf
                0x00085d90                __aeabi_ul2f
                0x00085d90                __floatundisf
                0x00085da0                __aeabi_l2f
                0x00085da0                __floatdisf
 .text          0x00085e1c      0x2a0 c:/program files (x86)/atmel/atmel toolchain/arm gcc/native/4.8.1437/arm-gnu-toolchain/bin/../lib/gcc/arm-none-eabi/4.8.4/armv7-m\libgcc.a(_arm_muldivsf3.o)
                0x00085e1c                __mulsf3
                0x00085e1c                __aeabi_fmul
                0x00085f84                __aeabi_fdiv
                0x00085f84                __divsf3
 .text          0x000860bc       0xec c:/program files (x86)/atmel/atmel toolchain/arm gcc/native/4.8.1437/arm-gnu-toolchain/bin/../lib/gcc/arm-none-eabi/4.8.4/armv7-m\libgcc.a(_arm_cmpsf2.o)
                0x000860bc                __gesf2
                0x000860bc                __gtsf2
                0x000860c4                __lesf2
                0x000860c4                __ltsf2
                0x000860cc                __nesf2
                0x000860cc                __eqsf2
                0x000860cc                __cmpsf2
                0x0008612c                __aeabi_cfrcmple
                0x00086134                __aeabi_cfcmpeq
                0x00086134                __aeabi_cfcmple
                0x00086144                __aeabi_fcmpeq
                0x00086158                __aeabi_fcmplt
                0x0008616c                __aeabi_fcmple
                0x00086180                __aeabi_fcmpge
                0x00086194                __aeabi_fcmpgt
 .text          0x000861a8       0x40 c:/program files (x86)/atmel/atmel toolchain/arm gcc/native/4.8.1437/arm-gnu-toolchain/bin/../lib/gcc/arm-none-eabi/4.8.4/armv7-m\libgcc.a(_arm_fixunssfsi.o)
                0x000861a8                __fixunssfsi
                0x000861a8                __aeabi_f2uiz
 .text.__libc_init_array
                0x000861e8       0x50 c:/program files (x86)/atmel/atmel toolchain/arm gcc/native/4.8.1437/arm-gnu-toolchain/bin/../lib/gcc/arm-none-eabi/4.8.4/../../../../arm-none-eabi/lib/armv7-m\libc.a(lib_a-init.o)
                0x000861e8                __libc_init_array
 .text.memcmp   0x00086238       0x68 c:/program files (x86)/atmel/atmel toolchain/arm gcc/native/4.8.1437/arm-gnu-toolchain/bin/../lib/gcc/arm-none-eabi/4.8.4/../../../../arm-none-eabi/lib/armv7-m\libc.a(lib_a-memcmp.o)
                0x00086238                memcmp
 .text          0x000862a0       0xec c:/program files (x86)/atmel/atmel toolchain/arm gcc/native/4.8.1437/arm-gnu-toolchain/bin/../lib/gcc/arm-none-eabi/4.8.4/../../../../arm-none-eabi/lib/armv7-m\libc.a(lib_a-memcpy.o)
                0x000862a0                memcpy
 .text.memset   0x0008638c       0x94 c:/program files (x86)/atmel/atmel toolchain/arm gcc/native/4.8.1437/arm-gnu-toolchain/bin/../lib/gcc/arm-none-eabi/4.8.4/../../../../arm-none-eabi/lib/armv7-m\libc.a(lib_a-memset.o)
                0x0008638c                memset
 .text.startup.register_fini
                0x00086420       0x14 c:/program files (x86)/atmel/atmel toolchain/arm gcc/native/4.8.1437/arm-gnu-toolchain/bin/../lib/gcc/arm-none-eabi/4.8.4/../../../../arm-none-eabi/lib/armv7-m\libc.a(lib_a-__call_atexit.o)
 .text.atexit   0x00086434        0xc c:/program files (x86)/atmel/atmel toolchain/arm gcc/native/4.8.1437/arm-gnu-toolchain/bin/../lib/gcc/arm-none-eabi/4.8.4/../../../../arm-none-eabi/lib/armv7-m\libc.a(lib_a-atexit.o)
                0x00086434                atexit
 .text.__libc_fini_array
                0x00086440       0x30 c:/program files (x86)/atmel/atmel toolchain/arm gcc/native/4.8.1437/arm-gnu-toolchain/bin/../lib/gcc/arm-none-eabi/4.8.4/../../../../arm-none-eabi/lib/armv7-m\libc.a(lib_a-fini.o)
                0x00086440                __libc_fini_array
 .text.__register_exitproc
                0x00086470       0xa8 c:/program files (x86)/atmel/atmel toolchain/arm gcc/native/4.8.1437/arm-gnu-toolchain/bin/../lib/gcc/arm-none-eabi/4.8.4/../../../../arm-none-eabi/lib/armv7-m\libc.a(lib_a-__atexit.o)
                0x00086470                __register_exitproc
 *(.glue_7t)
 .glue_7t       0x00000000        0x0 linker stubs
 *(.glue_7)
 .glue_7        0x00000000        0x0 linker stubs
 *(.rodata .rodata* .gnu.linkonce.r.*)
 .rodata        0x00086518        0x4 src/data_collect.o
 .rodata.ulLED  0x0008651c       0x10 src/ParTest.o
 .rodata        0x0008652c       0xd8 src/usart_func.o
 .rodata.can_bit_time
                0x00086604       0x6c src/asf/sam/drivers/can/can.o
                0x00086604                can_bit_time
 .rodata        0x00086670        0x8 src/asf/thirdparty/FreeRTOS/tasks.o
 .rodata.ucExpectedStackBytes.5295
                0x00086678       0x14 src/asf/thirdparty/FreeRTOS/tasks.o
 .rodata        0x0008668c        0x8 src/asf/thirdparty/FreeRTOS/timers.o
 .rodata        0x00086694        0x8 my_blink.o
 .rodata.str1.4
                0x0008669c        0x4 c:/program files (x86)/atmel/atmel toolchain/arm gcc/native/4.8.1437/arm-gnu-toolchain/bin/../lib/gcc/arm-none-eabi/4.8.4/../../../../arm-none-eabi/lib/armv7-m\libc.a(lib_a-impure.o)
 .rodata._global_impure_ptr
                0x000866a0        0x4 c:/program files (x86)/atmel/atmel toolchain/arm gcc/native/4.8.1437/arm-gnu-toolchain/bin/../lib/gcc/arm-none-eabi/4.8.4/../../../../arm-none-eabi/lib/armv7-m\libc.a(lib_a-impure.o)
                0x000866a0                _global_impure_ptr
 *(.ARM.extab* .gnu.linkonce.armextab.*)
                0x000866a4                . = ALIGN (0x4)
 *(.init)
 .init          0x000866a4        0x4 c:/program files (x86)/atmel/atmel toolchain/arm gcc/native/4.8.1437/arm-gnu-toolchain/bin/../lib/gcc/arm-none-eabi/4.8.4/armv7-m/crti.o
                0x000866a4                _init
 .init          0x000866a8        0x8 c:/program files (x86)/atmel/atmel toolchain/arm gcc/native/4.8.1437/arm-gnu-toolchain/bin/../lib/gcc/arm-none-eabi/4.8.4/armv7-m/crtn.o
                0x000866b0                . = ALIGN (0x4)
                0x000866b0                __preinit_array_start = .
 *(.preinit_array)
                0x000866b0                __preinit_array_end = .
                0x000866b0                . = ALIGN (0x4)
                0x000866b0                __init_array_start = .
 *(SORT(.init_array.*))
 .init_array.00000
                0x000866b0        0x4 c:/program files (x86)/atmel/atmel toolchain/arm gcc/native/4.8.1437/arm-gnu-toolchain/bin/../lib/gcc/arm-none-eabi/4.8.4/../../../../arm-none-eabi/lib/armv7-m\libc.a(lib_a-__call_atexit.o)
 *(.init_array)
 .init_array    0x000866b4        0x4 c:/program files (x86)/atmel/atmel toolchain/arm gcc/native/4.8.1437/arm-gnu-toolchain/bin/../lib/gcc/arm-none-eabi/4.8.4/armv7-m/crtbegin.o
                0x000866b8                __init_array_end = .
                0x000866b8                . = ALIGN (0x4)
 *crtbegin.o(.ctors)
 *(EXCLUDE_FILE(*crtend.o) .ctors)
 *(SORT(.ctors.*))
 *crtend.o(.ctors)
                0x000866b8                . = ALIGN (0x4)
 *(.fini)
 .fini          0x000866b8        0x4 c:/program files (x86)/atmel/atmel toolchain/arm gcc/native/4.8.1437/arm-gnu-toolchain/bin/../lib/gcc/arm-none-eabi/4.8.4/armv7-m/crti.o
                0x000866b8                _fini
 .fini          0x000866bc        0x8 c:/program files (x86)/atmel/atmel toolchain/arm gcc/native/4.8.1437/arm-gnu-toolchain/bin/../lib/gcc/arm-none-eabi/4.8.4/armv7-m/crtn.o
                0x000866c4                . = ALIGN (0x4)
                0x000866c4                __fini_array_start = .
 *(.fini_array)
 .fini_array    0x000866c4        0x4 c:/program files (x86)/atmel/atmel toolchain/arm gcc/native/4.8.1437/arm-gnu-toolchain/bin/../lib/gcc/arm-none-eabi/4.8.4/armv7-m/crtbegin.o
 *(SORT(.fini_array.*))
                0x000866c8                __fini_array_end = .
 *crtbegin.o(.dtors)
 *(EXCLUDE_FILE(*crtend.o) .dtors)
 *(SORT(.dtors.*))
 *crtend.o(.dtors)
                0x000866c8                . = ALIGN (0x4)
                0x000866c8                _efixed = .
                0x000866c8                PROVIDE (__exidx_start, .)

.vfp11_veneer   0x000866c8        0x0
 .vfp11_veneer  0x00000000        0x0 linker stubs

.v4_bx          0x000866c8        0x0
 .v4_bx         0x00000000        0x0 linker stubs

.iplt           0x000866c8        0x0
 .iplt          0x00000000        0x0 c:/program files (x86)/atmel/atmel toolchain/arm gcc/native/4.8.1437/arm-gnu-toolchain/bin/../lib/gcc/arm-none-eabi/4.8.4/armv7-m/crtbegin.o

.eh_frame       0x000866c8        0x0
 .eh_frame      0x000866c8        0x0 c:/program files (x86)/atmel/atmel toolchain/arm gcc/native/4.8.1437/arm-gnu-toolchain/bin/../lib/gcc/arm-none-eabi/4.8.4/armv7-m/crtbegin.o

.rel.dyn        0x000866c8        0x0
 .rel.iplt      0x00000000        0x0 c:/program files (x86)/atmel/atmel toolchain/arm gcc/native/4.8.1437/arm-gnu-toolchain/bin/../lib/gcc/arm-none-eabi/4.8.4/armv7-m/crtbegin.o

.jcr            0x000866c8        0x0
 .jcr           0x000866c8        0x0 c:/program files (x86)/atmel/atmel toolchain/arm gcc/native/4.8.1437/arm-gnu-toolchain/bin/../lib/gcc/arm-none-eabi/4.8.4/armv7-m/crtbegin.o

.igot.plt       0x000866c8        0x0
 .igot.plt      0x00000000        0x0 c:/program files (x86)/atmel/atmel toolchain/arm gcc/native/4.8.1437/arm-gnu-toolchain/bin/../lib/gcc/arm-none-eabi/4.8.4/armv7-m/crtbegin.o

.ARM.exidx
 *(.ARM.exidx* .gnu.linkonce.armexidx.*)
                0x000866c8                PROVIDE (__exidx_end, .)
                0x000866c8                . = ALIGN (0x4)
                0x000866c8                _etext = .

.relocate       0x20070000      0x438 load address 0x000866c8
                0x20070000                . = ALIGN (0x4)
                0x20070000                _srelocate = .
 *(.ramfunc .ramfunc.*)
 *(.data .data.*)
 .data.gs_ul_spi_cmd
                0x20070000        0x4 src/spi_func.o
 .data.SystemCoreClock
                0x20070004        0x4 src/asf/sam/utils/cmsis/sam3x/source/templates/system_sam3x.o
                0x20070004                SystemCoreClock
 .data.uxCriticalNesting
                0x20070008        0x4 src/asf/thirdparty/FreeRTOS/portable/GCC/ARM_CM3/port.o
 .data.xNextTaskUnblockTime
                0x2007000c        0x4 src/asf/thirdparty/FreeRTOS/tasks.o
 .data.impure_data
                0x20070010      0x428 c:/program files (x86)/atmel/atmel toolchain/arm gcc/native/4.8.1437/arm-gnu-toolchain/bin/../lib/gcc/arm-none-eabi/4.8.4/../../../../arm-none-eabi/lib/armv7-m\libc.a(lib_a-impure.o)
                0x20070438                . = ALIGN (0x4)
                0x20070438                _erelocate = .

.bss            0x20070438     0xa350 load address 0x00086b00
                0x20070438                . = ALIGN (0x4)
                0x20070438                _sbss = .
                0x20070438                _szero = .
 *(.bss .bss.*)
 .bss           0x20070438       0x1c c:/program files (x86)/atmel/atmel toolchain/arm gcc/native/4.8.1437/arm-gnu-toolchain/bin/../lib/gcc/arm-none-eabi/4.8.4/armv7-m/crtbegin.o
 .bss.reg_value.7395
                0x20070454        0x4 src/asf/sam/drivers/spi/spi.o
 .bss.gs_ul_spi_state
                0x20070458        0x4 src/spi_func.o
 .bss.gs_puc_transfer_buffer
                0x2007045c        0x4 src/spi_func.o
 .bss.gs_ul_transfer_index
                0x20070460        0x4 src/spi_func.o
 .bss.gs_ul_transfer_length
                0x20070464        0x4 src/spi_func.o
 .bss.gs_spi_status
                0x20070468       0x58 src/spi_func.o
 .bss.data.7822
                0x200704c0        0x2 src/spi_func.o
 *fill*         0x200704c2        0x2 
 .bss.gs_ul_read_buffer
                0x200704c4        0x4 src/usart_func.o
 .bss.gs_uc_trans_mode
                0x200704c8        0x1 src/usart_func.o
 .bss.command_start
                0x200704c9        0x1 src/usart_func.o
 .bss.command_end
                0x200704ca        0x1 src/usart_func.o
 *fill*         0x200704cb        0x1 
 .bss.command_array
                0x200704cc        0xc src/usart_func.o
 .bss.array_pos
                0x200704d8        0x1 src/usart_func.o
 *fill*         0x200704d9        0x3 
 .bss.gs_interrupt_sources
                0x200704dc       0x70 src/asf/sam/drivers/pio/pio_handler.o
 .bss.ul_reg_val.7078
                0x2007054c        0x4 src/asf/sam/drivers/usart/usart.o
 .bss.ucMaxSysCallPriority
                0x20070550        0x1 src/asf/thirdparty/FreeRTOS/portable/GCC/ARM_CM3/port.o
 *fill*         0x20070551        0x3 
 .bss.ulMaxPRIGROUPValue
                0x20070554        0x4 src/asf/thirdparty/FreeRTOS/portable/GCC/ARM_CM3/port.o
 .bss.ucHeap    0x20070558     0xa000 src/asf/thirdparty/FreeRTOS/portable/MemMang/heap_4.o
 .bss.xStart    0x2007a558        0x8 src/asf/thirdparty/FreeRTOS/portable/MemMang/heap_4.o
 .bss.pxEnd     0x2007a560        0x4 src/asf/thirdparty/FreeRTOS/portable/MemMang/heap_4.o
 .bss.xFreeBytesRemaining
                0x2007a564        0x4 src/asf/thirdparty/FreeRTOS/portable/MemMang/heap_4.o
 .bss.xMinimumEverFreeBytesRemaining
                0x2007a568        0x4 src/asf/thirdparty/FreeRTOS/portable/MemMang/heap_4.o
 .bss.xBlockAllocatedBit
                0x2007a56c        0x4 src/asf/thirdparty/FreeRTOS/portable/MemMang/heap_4.o
 .bss.pxCurrentTCB
                0x2007a570        0x4 src/asf/thirdparty/FreeRTOS/tasks.o
                0x2007a570                pxCurrentTCB
 .bss.pxReadyTasksLists
                0x2007a574       0x64 src/asf/thirdparty/FreeRTOS/tasks.o
 .bss.xDelayedTaskList1
                0x2007a5d8       0x14 src/asf/thirdparty/FreeRTOS/tasks.o
 .bss.xDelayedTaskList2
                0x2007a5ec       0x14 src/asf/thirdparty/FreeRTOS/tasks.o
 .bss.pxDelayedTaskList
                0x2007a600        0x4 src/asf/thirdparty/FreeRTOS/tasks.o
 .bss.pxOverflowDelayedTaskList
                0x2007a604        0x4 src/asf/thirdparty/FreeRTOS/tasks.o
 .bss.xPendingReadyList
                0x2007a608       0x14 src/asf/thirdparty/FreeRTOS/tasks.o
 .bss.xTasksWaitingTermination
                0x2007a61c       0x14 src/asf/thirdparty/FreeRTOS/tasks.o
 .bss.uxTasksDeleted
                0x2007a630        0x4 src/asf/thirdparty/FreeRTOS/tasks.o
 .bss.xSuspendedTaskList
                0x2007a634       0x14 src/asf/thirdparty/FreeRTOS/tasks.o
 .bss.uxCurrentNumberOfTasks
                0x2007a648        0x4 src/asf/thirdparty/FreeRTOS/tasks.o
 .bss.xTickCount
                0x2007a64c        0x4 src/asf/thirdparty/FreeRTOS/tasks.o
 .bss.uxTopReadyPriority
                0x2007a650        0x4 src/asf/thirdparty/FreeRTOS/tasks.o
 .bss.xSchedulerRunning
                0x2007a654        0x4 src/asf/thirdparty/FreeRTOS/tasks.o
 .bss.uxPendedTicks
                0x2007a658        0x4 src/asf/thirdparty/FreeRTOS/tasks.o
 .bss.xYieldPending
                0x2007a65c        0x4 src/asf/thirdparty/FreeRTOS/tasks.o
 .bss.xNumOfOverflows
                0x2007a660        0x4 src/asf/thirdparty/FreeRTOS/tasks.o
 .bss.uxTaskNumber
                0x2007a664        0x4 src/asf/thirdparty/FreeRTOS/tasks.o
 .bss.uxSchedulerSuspended
                0x2007a668        0x4 src/asf/thirdparty/FreeRTOS/tasks.o
 .bss.xActiveTimerList1
                0x2007a66c       0x14 src/asf/thirdparty/FreeRTOS/timers.o
 .bss.xActiveTimerList2
                0x2007a680       0x14 src/asf/thirdparty/FreeRTOS/timers.o
 .bss.pxCurrentTimerList
                0x2007a694        0x4 src/asf/thirdparty/FreeRTOS/timers.o
 .bss.pxOverflowTimerList
                0x2007a698        0x4 src/asf/thirdparty/FreeRTOS/timers.o
 .bss.xTimerQueue
                0x2007a69c        0x4 src/asf/thirdparty/FreeRTOS/timers.o
 .bss.xLastTime.5147
                0x2007a6a0        0x4 src/asf/thirdparty/FreeRTOS/timers.o
 .bss.g_ul_recv_status
                0x2007a6a4        0x4 src/can_func.o
                0x2007a6a4                g_ul_recv_status
 *(COMMON)
 COMMON         0x2007a6a8       0xdd src/command_test.o
                0x2007a6a8                can_glob_hk_reg
                0x2007a6b0                canR_MB
                0x2007a6d0                can_hk_fifo
                0x2007a6d4                glob_stored_data
                0x2007a6dc                canT_MB
                0x2007a6fc                glob_drf
                0x2007a700                can1_transceiver
                0x2007a708                can_glob_data_reg
                0x2007a710                can_data_fifo
                0x2007a714                temp_mailbox_C1
                0x2007a734                can_glob_msg_reg
                0x2007a73c                Can1_Mutex
                0x2007a740                SAFE_MODE
                0x2007a744                can_tc_fifo
                0x2007a748                can_com_fifo
                0x2007a74c                glob_stored_message
                0x2007a754                temp_mailbox_C0
                0x2007a774                can0_transceiver
                0x2007a77c                can_glob_com_reg
                0x2007a784                glob_comf
                0x2007a788                . = ALIGN (0x4)
 *fill*         0x2007a785        0x3 
                0x2007a788                _ebss = .
                0x2007a788                _ezero = .

.stack          0x2007a788     0x2000 load address 0x00090e50
                0x2007a788                . = ALIGN (0x8)
                0x2007a788                _sstack = .
                0x2007c788                . = (. + STACK_SIZE)
 *fill*         0x2007a788     0x2000 
                0x2007c788                . = ALIGN (0x8)
                0x2007c788                _estack = .
                0x2007c788                . = ALIGN (0x4)
                0x2007c788                _end = .
OUTPUT(Main_Program.elf elf32-littlearm)

.ARM.attributes
                0x00000000       0x29
 .ARM.attributes
                0x00000000       0x1d c:/program files (x86)/atmel/atmel toolchain/arm gcc/native/4.8.1437/arm-gnu-toolchain/bin/../lib/gcc/arm-none-eabi/4.8.4/armv7-m/crti.o
 .ARM.attributes
                0x0000001d       0x2d c:/program files (x86)/atmel/atmel toolchain/arm gcc/native/4.8.1437/arm-gnu-toolchain/bin/../lib/gcc/arm-none-eabi/4.8.4/armv7-m/crtbegin.o
 .ARM.attributes
                0x0000004a       0x33 src/asf/sam/drivers/spi/spi.o
 .ARM.attributes
                0x0000007d       0x33 src/command_test.o
 .ARM.attributes
                0x000000b0       0x33 src/data_collect.o
 .ARM.attributes
                0x000000e3       0x33 src/ParTest.o
 .ARM.attributes
                0x00000116       0x33 src/spi_func.o
 .ARM.attributes
                0x00000149       0x33 src/usart_func.o
 .ARM.attributes
                0x0000017c       0x33 src/asf/common/services/clock/sam3x/sysclk.o
 .ARM.attributes
                0x000001af       0x33 src/asf/sam/boards/sam3x_ek/init.o
 .ARM.attributes
                0x000001e2       0x33 src/asf/sam/components/can/sn65hvd234.o
 .ARM.attributes
                0x00000215       0x33 src/asf/sam/drivers/can/can.o
 .ARM.attributes
                0x00000248       0x33 src/asf/sam/drivers/pio/pio.o
 .ARM.attributes
                0x0000027b       0x33 src/asf/sam/drivers/pio/pio_handler.o
 .ARM.attributes
                0x000002ae       0x33 src/asf/sam/drivers/pmc/pmc.o
 .ARM.attributes
                0x000002e1       0x33 src/asf/sam/drivers/usart/usart.o
 .ARM.attributes
                0x00000314       0x33 src/asf/sam/drivers/wdt/wdt.o
 .ARM.attributes
                0x00000347       0x33 src/asf/sam/utils/cmsis/sam3x/source/templates/exceptions.o
 .ARM.attributes
                0x0000037a       0x33 src/asf/sam/utils/cmsis/sam3x/source/templates/gcc/startup_sam3x.o
 .ARM.attributes
                0x000003ad       0x33 src/asf/sam/utils/cmsis/sam3x/source/templates/system_sam3x.o
 .ARM.attributes
                0x000003e0       0x33 src/asf/thirdparty/FreeRTOS/list.o
 .ARM.attributes
                0x00000413       0x33 src/asf/thirdparty/FreeRTOS/portable/GCC/ARM_CM3/port.o
 .ARM.attributes
                0x00000446       0x33 src/asf/thirdparty/FreeRTOS/portable/MemMang/heap_4.o
 .ARM.attributes
                0x00000479       0x33 src/asf/thirdparty/FreeRTOS/queue.o
 .ARM.attributes
                0x000004ac       0x33 src/asf/thirdparty/FreeRTOS/tasks.o
 .ARM.attributes
                0x000004df       0x33 src/asf/thirdparty/FreeRTOS/timers.o
 .ARM.attributes
                0x00000512       0x33 src/can_func.o
 .ARM.attributes
                0x00000545       0x33 src/main.o
 .ARM.attributes
                0x00000578       0x33 my_blink.o
 .ARM.attributes
                0x000005ab       0x1d c:/program files (x86)/atmel/atmel toolchain/arm gcc/native/4.8.1437/arm-gnu-toolchain/bin/../lib/gcc/arm-none-eabi/4.8.4/armv7-m\libgcc.a(_arm_addsubsf3.o)
 .ARM.attributes
                0x000005c8       0x1d c:/program files (x86)/atmel/atmel toolchain/arm gcc/native/4.8.1437/arm-gnu-toolchain/bin/../lib/gcc/arm-none-eabi/4.8.4/armv7-m\libgcc.a(_arm_muldivsf3.o)
 .ARM.attributes
                0x000005e5       0x1d c:/program files (x86)/atmel/atmel toolchain/arm gcc/native/4.8.1437/arm-gnu-toolchain/bin/../lib/gcc/arm-none-eabi/4.8.4/armv7-m\libgcc.a(_arm_cmpsf2.o)
 .ARM.attributes
                0x00000602       0x1d c:/program files (x86)/atmel/atmel toolchain/arm gcc/native/4.8.1437/arm-gnu-toolchain/bin/../lib/gcc/arm-none-eabi/4.8.4/armv7-m\libgcc.a(_arm_fixunssfsi.o)
 .ARM.attributes
                0x0000061f       0x2d c:/program files (x86)/atmel/atmel toolchain/arm gcc/native/4.8.1437/arm-gnu-toolchain/bin/../lib/gcc/arm-none-eabi/4.8.4/../../../../arm-none-eabi/lib/armv7-m\libc.a(lib_a-impure.o)
 .ARM.attributes
                0x0000064c       0x2d c:/program files (x86)/atmel/atmel toolchain/arm gcc/native/4.8.1437/arm-gnu-toolchain/bin/../lib/gcc/arm-none-eabi/4.8.4/../../../../arm-none-eabi/lib/armv7-m\libc.a(lib_a-init.o)
 .ARM.attributes
                0x00000679       0x2d c:/program files (x86)/atmel/atmel toolchain/arm gcc/native/4.8.1437/arm-gnu-toolchain/bin/../lib/gcc/arm-none-eabi/4.8.4/../../../../arm-none-eabi/lib/armv7-m\libc.a(lib_a-memcmp.o)
 .ARM.attributes
                0x000006a6       0x1b c:/program files (x86)/atmel/atmel toolchain/arm gcc/native/4.8.1437/arm-gnu-toolchain/bin/../lib/gcc/arm-none-eabi/4.8.4/../../../../arm-none-eabi/lib/armv7-m\libc.a(lib_a-memcpy.o)
 .ARM.attributes
                0x000006c1       0x2d c:/program files (x86)/atmel/atmel toolchain/arm gcc/native/4.8.1437/arm-gnu-toolchain/bin/../lib/gcc/arm-none-eabi/4.8.4/../../../../arm-none-eabi/lib/armv7-m\libc.a(lib_a-memset.o)
 .ARM.attributes
                0x000006ee       0x2d c:/program files (x86)/atmel/atmel toolchain/arm gcc/native/4.8.1437/arm-gnu-toolchain/bin/../lib/gcc/arm-none-eabi/4.8.4/../../../../arm-none-eabi/lib/armv7-m\libc.a(lib_a-__call_atexit.o)
 .ARM.attributes
                0x0000071b       0x2d c:/program files (x86)/atmel/atmel toolchain/arm gcc/native/4.8.1437/arm-gnu-toolchain/bin/../lib/gcc/arm-none-eabi/4.8.4/../../../../arm-none-eabi/lib/armv7-m\libc.a(lib_a-atexit.o)
 .ARM.attributes
                0x00000748       0x2d c:/program files (x86)/atmel/atmel toolchain/arm gcc/native/4.8.1437/arm-gnu-toolchain/bin/../lib/gcc/arm-none-eabi/4.8.4/../../../../arm-none-eabi/lib/armv7-m\libc.a(lib_a-fini.o)
 .ARM.attributes
                0x00000775       0x2d c:/program files (x86)/atmel/atmel toolchain/arm gcc/native/4.8.1437/arm-gnu-toolchain/bin/../lib/gcc/arm-none-eabi/4.8.4/../../../../arm-none-eabi/lib/armv7-m\libc.a(lib_a-__atexit.o)
 .ARM.attributes
                0x000007a2       0x1d c:/program files (x86)/atmel/atmel toolchain/arm gcc/native/4.8.1437/arm-gnu-toolchain/bin/../lib/gcc/arm-none-eabi/4.8.4/armv7-m/crtn.o

.comment        0x00000000       0x5b
 .comment       0x00000000       0x5b src/asf/sam/drivers/spi/spi.o
                                 0x5c (size before relaxing)
 .comment       0x00000000       0x5c src/command_test.o
 .comment       0x00000000       0x5c src/data_collect.o
 .comment       0x00000000       0x5c src/ParTest.o
 .comment       0x00000000       0x5c src/spi_func.o
 .comment       0x00000000       0x5c src/usart_func.o
 .comment       0x00000000       0x5c src/asf/common/services/clock/sam3x/sysclk.o
 .comment       0x00000000       0x5c src/asf/sam/boards/sam3x_ek/init.o
 .comment       0x00000000       0x5c src/asf/sam/components/can/sn65hvd234.o
 .comment       0x00000000       0x5c src/asf/sam/drivers/can/can.o
 .comment       0x00000000       0x5c src/asf/sam/drivers/pio/pio.o
 .comment       0x00000000       0x5c src/asf/sam/drivers/pio/pio_handler.o
 .comment       0x00000000       0x5c src/asf/sam/drivers/pmc/pmc.o
 .comment       0x00000000       0x5c src/asf/sam/drivers/usart/usart.o
 .comment       0x00000000       0x5c src/asf/sam/drivers/wdt/wdt.o
 .comment       0x00000000       0x5c src/asf/sam/utils/cmsis/sam3x/source/templates/exceptions.o
 .comment       0x00000000       0x5c src/asf/sam/utils/cmsis/sam3x/source/templates/gcc/startup_sam3x.o
 .comment       0x00000000       0x5c src/asf/sam/utils/cmsis/sam3x/source/templates/system_sam3x.o
 .comment       0x00000000       0x5c src/asf/thirdparty/FreeRTOS/list.o
 .comment       0x00000000       0x5c src/asf/thirdparty/FreeRTOS/portable/GCC/ARM_CM3/port.o
 .comment       0x00000000       0x5c src/asf/thirdparty/FreeRTOS/portable/MemMang/heap_4.o
 .comment       0x00000000       0x5c src/asf/thirdparty/FreeRTOS/queue.o
 .comment       0x00000000       0x5c src/asf/thirdparty/FreeRTOS/tasks.o
 .comment       0x00000000       0x5c src/asf/thirdparty/FreeRTOS/timers.o
 .comment       0x00000000       0x5c src/can_func.o
 .comment       0x00000000       0x5c src/main.o
 .comment       0x00000000       0x5c my_blink.o

.debug_info     0x00000000     0xee01
 .debug_info    0x00000000      0x769 src/asf/sam/drivers/spi/spi.o
 .debug_info    0x00000769      0x4d8 src/command_test.o
 .debug_info    0x00000c41      0x4fd src/data_collect.o
 .debug_info    0x0000113e      0x1e1 src/ParTest.o
 .debug_info    0x0000131f      0xacf src/spi_func.o
 .debug_info    0x00001dee     0x14e4 src/usart_func.o
 .debug_info    0x000032d2      0x668 src/asf/common/services/clock/sam3x/sysclk.o
 .debug_info    0x0000393a      0x59b src/asf/sam/boards/sam3x_ek/init.o
 .debug_info    0x00003ed5      0x22b src/asf/sam/components/can/sn65hvd234.o
 .debug_info    0x00004100      0xd4e src/asf/sam/drivers/can/can.o
 .debug_info    0x00004e4e      0xea8 src/asf/sam/drivers/pio/pio.o
 .debug_info    0x00005cf6      0xbfa src/asf/sam/drivers/pio/pio_handler.o
 .debug_info    0x000068f0      0xee6 src/asf/sam/drivers/pmc/pmc.o
 .debug_info    0x000077d6     0x1858 src/asf/sam/drivers/usart/usart.o
 .debug_info    0x0000902e      0x2d1 src/asf/sam/drivers/wdt/wdt.o
 .debug_info    0x000092ff       0xba src/asf/sam/utils/cmsis/sam3x/source/templates/exceptions.o
 .debug_info    0x000093b9      0x361 src/asf/sam/utils/cmsis/sam3x/source/templates/gcc/startup_sam3x.o
 .debug_info    0x0000971a      0x47a src/asf/sam/utils/cmsis/sam3x/source/templates/system_sam3x.o
 .debug_info    0x00009b94      0x2d4 src/asf/thirdparty/FreeRTOS/list.o
 .debug_info    0x00009e68      0x36f src/asf/thirdparty/FreeRTOS/portable/GCC/ARM_CM3/port.o
 .debug_info    0x0000a1d7      0x339 src/asf/thirdparty/FreeRTOS/portable/MemMang/heap_4.o
 .debug_info    0x0000a510      0xaef src/asf/thirdparty/FreeRTOS/queue.o
 .debug_info    0x0000afff     0x10bc src/asf/thirdparty/FreeRTOS/tasks.o
 .debug_info    0x0000c0bb      0x853 src/asf/thirdparty/FreeRTOS/timers.o
 .debug_info    0x0000c90e      0xe9d src/can_func.o
 .debug_info    0x0000d7ab     0x1516 src/main.o
 .debug_info    0x0000ecc1      0x140 my_blink.o

.debug_abbrev   0x00000000     0x2ada
 .debug_abbrev  0x00000000      0x1d8 src/asf/sam/drivers/spi/spi.o
 .debug_abbrev  0x000001d8      0x10f src/command_test.o
 .debug_abbrev  0x000002e7      0x132 src/data_collect.o
 .debug_abbrev  0x00000419       0xdd src/ParTest.o
 .debug_abbrev  0x000004f6      0x2aa src/spi_func.o
 .debug_abbrev  0x000007a0      0x339 src/usart_func.o
 .debug_abbrev  0x00000ad9      0x1c3 src/asf/common/services/clock/sam3x/sysclk.o
 .debug_abbrev  0x00000c9c       0xfe src/asf/sam/boards/sam3x_ek/init.o
 .debug_abbrev  0x00000d9a       0xcd src/asf/sam/components/can/sn65hvd234.o
 .debug_abbrev  0x00000e67      0x1ed src/asf/sam/drivers/can/can.o
 .debug_abbrev  0x00001054      0x1c0 src/asf/sam/drivers/pio/pio.o
 .debug_abbrev  0x00001214      0x1e6 src/asf/sam/drivers/pio/pio_handler.o
 .debug_abbrev  0x000013fa      0x20d src/asf/sam/drivers/pmc/pmc.o
 .debug_abbrev  0x00001607      0x1cd src/asf/sam/drivers/usart/usart.o
 .debug_abbrev  0x000017d4       0xf2 src/asf/sam/drivers/wdt/wdt.o
 .debug_abbrev  0x000018c6       0x6c src/asf/sam/utils/cmsis/sam3x/source/templates/exceptions.o
 .debug_abbrev  0x00001932      0x100 src/asf/sam/utils/cmsis/sam3x/source/templates/gcc/startup_sam3x.o
 .debug_abbrev  0x00001a32       0xf5 src/asf/sam/utils/cmsis/sam3x/source/templates/system_sam3x.o
 .debug_abbrev  0x00001b27       0xc3 src/asf/thirdparty/FreeRTOS/list.o
 .debug_abbrev  0x00001bea      0x1d2 src/asf/thirdparty/FreeRTOS/portable/GCC/ARM_CM3/port.o
 .debug_abbrev  0x00001dbc      0x177 src/asf/thirdparty/FreeRTOS/portable/MemMang/heap_4.o
 .debug_abbrev  0x00001f33      0x17e src/asf/thirdparty/FreeRTOS/queue.o
 .debug_abbrev  0x000020b1      0x231 src/asf/thirdparty/FreeRTOS/tasks.o
 .debug_abbrev  0x000022e2      0x19c src/asf/thirdparty/FreeRTOS/timers.o
 .debug_abbrev  0x0000247e      0x2ad src/can_func.o
 .debug_abbrev  0x0000272b      0x304 src/main.o
 .debug_abbrev  0x00002a2f       0xab my_blink.o

.debug_loc      0x00000000     0x6174
 .debug_loc     0x00000000      0x3f0 src/asf/sam/drivers/spi/spi.o
 .debug_loc     0x000003f0       0x70 src/command_test.o
 .debug_loc     0x00000460       0x70 src/data_collect.o
 .debug_loc     0x000004d0       0xa8 src/ParTest.o
 .debug_loc     0x00000578      0x53c src/spi_func.o
 .debug_loc     0x00000ab4      0x2b4 src/usart_func.o
 .debug_loc     0x00000d68      0x2f8 src/asf/common/services/clock/sam3x/sysclk.o
 .debug_loc     0x00001060       0x58 src/asf/sam/boards/sam3x_ek/init.o
 .debug_loc     0x000010b8      0x150 src/asf/sam/components/can/sn65hvd234.o
 .debug_loc     0x00001208      0x850 src/asf/sam/drivers/can/can.o
 .debug_loc     0x00001a58      0x850 src/asf/sam/drivers/pio/pio.o
 .debug_loc     0x000022a8      0x238 src/asf/sam/drivers/pio/pio_handler.o
 .debug_loc     0x000024e0      0xac0 src/asf/sam/drivers/pmc/pmc.o
 .debug_loc     0x00002fa0     0x12d0 src/asf/sam/drivers/usart/usart.o
 .debug_loc     0x00004270      0x150 src/asf/sam/drivers/wdt/wdt.o
 .debug_loc     0x000043c0       0x2c src/asf/sam/utils/cmsis/sam3x/source/templates/exceptions.o
 .debug_loc     0x000043ec       0x38 src/asf/sam/utils/cmsis/sam3x/source/templates/gcc/startup_sam3x.o
 .debug_loc     0x00004424       0x90 src/asf/sam/utils/cmsis/sam3x/source/templates/system_sam3x.o
 .debug_loc     0x000044b4      0x118 src/asf/thirdparty/FreeRTOS/list.o
 .debug_loc     0x000045cc      0x1dc src/asf/thirdparty/FreeRTOS/portable/GCC/ARM_CM3/port.o
 .debug_loc     0x000047a8      0x164 src/asf/thirdparty/FreeRTOS/portable/MemMang/heap_4.o
 .debug_loc     0x0000490c      0x508 src/asf/thirdparty/FreeRTOS/queue.o
 .debug_loc     0x00004e14      0x8bc src/asf/thirdparty/FreeRTOS/tasks.o
 .debug_loc     0x000056d0      0x33c src/asf/thirdparty/FreeRTOS/timers.o
 .debug_loc     0x00005a0c      0x448 src/can_func.o
 .debug_loc     0x00005e54      0x278 src/main.o
 .debug_loc     0x000060cc       0xa8 my_blink.o

.debug_aranges  0x00000000     0x1108
 .debug_aranges
                0x00000000       0xa8 src/asf/sam/drivers/spi/spi.o
 .debug_aranges
                0x000000a8       0x28 src/command_test.o
 .debug_aranges
                0x000000d0       0x28 src/data_collect.o
 .debug_aranges
                0x000000f8       0x30 src/ParTest.o
 .debug_aranges
                0x00000128       0xe0 src/spi_func.o
 .debug_aranges
                0x00000208       0x80 src/usart_func.o
 .debug_aranges
                0x00000288       0x88 src/asf/common/services/clock/sam3x/sysclk.o
 .debug_aranges
                0x00000310       0x28 src/asf/sam/boards/sam3x_ek/init.o
 .debug_aranges
                0x00000338       0x48 src/asf/sam/components/can/sn65hvd234.o
 .debug_aranges
                0x00000380      0x148 src/asf/sam/drivers/can/can.o
 .debug_aranges
                0x000004c8      0x148 src/asf/sam/drivers/pio/pio.o
 .debug_aranges
                0x00000610       0x70 src/asf/sam/drivers/pio/pio_handler.o
 .debug_aranges
                0x00000680      0x1c0 src/asf/sam/drivers/pmc/pmc.o
 .debug_aranges
                0x00000840      0x2c8 src/asf/sam/drivers/usart/usart.o
 .debug_aranges
                0x00000b08       0x48 src/asf/sam/drivers/wdt/wdt.o
 .debug_aranges
                0x00000b50       0x20 src/asf/sam/utils/cmsis/sam3x/source/templates/exceptions.o
 .debug_aranges
                0x00000b70       0x20 src/asf/sam/utils/cmsis/sam3x/source/templates/gcc/startup_sam3x.o
 .debug_aranges
                0x00000b90       0x30 src/asf/sam/utils/cmsis/sam3x/source/templates/system_sam3x.o
 .debug_aranges
                0x00000bc0       0x40 src/asf/thirdparty/FreeRTOS/list.o
 .debug_aranges
                0x00000c00       0x90 src/asf/thirdparty/FreeRTOS/portable/GCC/ARM_CM3/port.o
 .debug_aranges
                0x00000c90       0x50 src/asf/thirdparty/FreeRTOS/portable/MemMang/heap_4.o
 .debug_aranges
                0x00000ce0       0xd0 src/asf/thirdparty/FreeRTOS/queue.o
 .debug_aranges
                0x00000db0      0x160 src/asf/thirdparty/FreeRTOS/tasks.o
 .debug_aranges
                0x00000f10       0x90 src/asf/thirdparty/FreeRTOS/timers.o
 .debug_aranges
                0x00000fa0       0xb8 src/can_func.o
 .debug_aranges
                0x00001058       0x80 src/main.o
 .debug_aranges
                0x000010d8       0x30 my_blink.o

.debug_ranges   0x00000000      0xf58
 .debug_ranges  0x00000000       0x98 src/asf/sam/drivers/spi/spi.o
 .debug_ranges  0x00000098       0x18 src/command_test.o
 .debug_ranges  0x000000b0       0x18 src/data_collect.o
 .debug_ranges  0x000000c8       0x20 src/ParTest.o
 .debug_ranges  0x000000e8       0xd0 src/spi_func.o
 .debug_ranges  0x000001b8       0x70 src/usart_func.o
 .debug_ranges  0x00000228       0x78 src/asf/common/services/clock/sam3x/sysclk.o
 .debug_ranges  0x000002a0       0x18 src/asf/sam/boards/sam3x_ek/init.o
 .debug_ranges  0x000002b8       0x38 src/asf/sam/components/can/sn65hvd234.o
 .debug_ranges  0x000002f0      0x138 src/asf/sam/drivers/can/can.o
 .debug_ranges  0x00000428      0x138 src/asf/sam/drivers/pio/pio.o
 .debug_ranges  0x00000560       0x60 src/asf/sam/drivers/pio/pio_handler.o
 .debug_ranges  0x000005c0      0x1b0 src/asf/sam/drivers/pmc/pmc.o
 .debug_ranges  0x00000770      0x2b8 src/asf/sam/drivers/usart/usart.o
 .debug_ranges  0x00000a28       0x38 src/asf/sam/drivers/wdt/wdt.o
 .debug_ranges  0x00000a60       0x10 src/asf/sam/utils/cmsis/sam3x/source/templates/exceptions.o
 .debug_ranges  0x00000a70       0x10 src/asf/sam/utils/cmsis/sam3x/source/templates/gcc/startup_sam3x.o
 .debug_ranges  0x00000a80       0x20 src/asf/sam/utils/cmsis/sam3x/source/templates/system_sam3x.o
 .debug_ranges  0x00000aa0       0x30 src/asf/thirdparty/FreeRTOS/list.o
 .debug_ranges  0x00000ad0       0x80 src/asf/thirdparty/FreeRTOS/portable/GCC/ARM_CM3/port.o
 .debug_ranges  0x00000b50       0x40 src/asf/thirdparty/FreeRTOS/portable/MemMang/heap_4.o
 .debug_ranges  0x00000b90       0xc0 src/asf/thirdparty/FreeRTOS/queue.o
 .debug_ranges  0x00000c50      0x150 src/asf/thirdparty/FreeRTOS/tasks.o
 .debug_ranges  0x00000da0       0x80 src/asf/thirdparty/FreeRTOS/timers.o
 .debug_ranges  0x00000e20       0xa8 src/can_func.o
 .debug_ranges  0x00000ec8       0x70 src/main.o
 .debug_ranges  0x00000f38       0x20 my_blink.o

.debug_macro    0x00000000    0x1b08b
 .debug_macro   0x00000000      0x54b src/asf/sam/drivers/spi/spi.o
 .debug_macro   0x0000054b      0x862 src/asf/sam/drivers/spi/spi.o
 .debug_macro   0x00000dad      0x166 src/asf/sam/drivers/spi/spi.o
 .debug_macro   0x00000f13      0x22f src/asf/sam/drivers/spi/spi.o
 .debug_macro   0x00001142       0x76 src/asf/sam/drivers/spi/spi.o
 .debug_macro   0x000011b8       0x16 src/asf/sam/drivers/spi/spi.o
 .debug_macro   0x000011ce      0x6d7 src/asf/sam/drivers/spi/spi.o
 .debug_macro   0x000018a5       0x16 src/asf/sam/drivers/spi/spi.o
 .debug_macro   0x000018bb       0x44 src/asf/sam/drivers/spi/spi.o
 .debug_macro   0x000018ff      0x209 src/asf/sam/drivers/spi/spi.o
 .debug_macro   0x00001b08       0x20 src/asf/sam/drivers/spi/spi.o
 .debug_macro   0x00001b28       0x34 src/asf/sam/drivers/spi/spi.o
 .debug_macro   0x00001b5c       0x18 src/asf/sam/drivers/spi/spi.o
 .debug_macro   0x00001b74      0x743 src/asf/sam/drivers/spi/spi.o
 .debug_macro   0x000022b7      0xab3 src/asf/sam/drivers/spi/spi.o
 .debug_macro   0x00002d6a      0x566 src/asf/sam/drivers/spi/spi.o
 .debug_macro   0x000032d0      0x2b2 src/asf/sam/drivers/spi/spi.o
 .debug_macro   0x00003582      0x317 src/asf/sam/drivers/spi/spi.o
 .debug_macro   0x00003899      0x74c src/asf/sam/drivers/spi/spi.o
 .debug_macro   0x00003fe5       0x82 src/asf/sam/drivers/spi/spi.o
 .debug_macro   0x00004067      0x578 src/asf/sam/drivers/spi/spi.o
 .debug_macro   0x000045df       0x1c src/asf/sam/drivers/spi/spi.o
 .debug_macro   0x000045fb      0x6b5 src/asf/sam/drivers/spi/spi.o
 .debug_macro   0x00004cb0      0x52a src/asf/sam/drivers/spi/spi.o
 .debug_macro   0x000051da       0xbe src/asf/sam/drivers/spi/spi.o
 .debug_macro   0x00005298     0x233f src/asf/sam/drivers/spi/spi.o
 .debug_macro   0x000075d7      0x85a src/asf/sam/drivers/spi/spi.o
 .debug_macro   0x00007e31      0xdc6 src/asf/sam/drivers/spi/spi.o
 .debug_macro   0x00008bf7       0x7c src/asf/sam/drivers/spi/spi.o
 .debug_macro   0x00008c73      0x261 src/asf/sam/drivers/spi/spi.o
 .debug_macro   0x00008ed4       0x58 src/asf/sam/drivers/spi/spi.o
 .debug_macro   0x00008f2c      0x9a5 src/asf/sam/drivers/spi/spi.o
 .debug_macro   0x000098d1      0x246 src/asf/sam/drivers/spi/spi.o
 .debug_macro   0x00009b17      0x4dc src/asf/sam/drivers/spi/spi.o
 .debug_macro   0x00009ff3      0x6b0 src/asf/sam/drivers/spi/spi.o
 .debug_macro   0x0000a6a3      0x59c src/asf/sam/drivers/spi/spi.o
 .debug_macro   0x0000ac3f       0x46 src/asf/sam/drivers/spi/spi.o
 .debug_macro   0x0000ac85      0x34a src/asf/sam/drivers/spi/spi.o
 .debug_macro   0x0000afcf      0x289 src/asf/sam/drivers/spi/spi.o
 .debug_macro   0x0000b258     0x14d7 src/asf/sam/drivers/spi/spi.o
 .debug_macro   0x0000c72f      0x7b7 src/asf/sam/drivers/spi/spi.o
 .debug_macro   0x0000cee6       0x76 src/asf/sam/drivers/spi/spi.o
 .debug_macro   0x0000cf5c       0x82 src/asf/sam/drivers/spi/spi.o
 .debug_macro   0x0000cfde       0x76 src/asf/sam/drivers/spi/spi.o
 .debug_macro   0x0000d054       0x4c src/asf/sam/drivers/spi/spi.o
 .debug_macro   0x0000d0a0      0x102 src/asf/sam/drivers/spi/spi.o
 .debug_macro   0x0000d1a2      0x102 src/asf/sam/drivers/spi/spi.o
 .debug_macro   0x0000d2a4      0x102 src/asf/sam/drivers/spi/spi.o
 .debug_macro   0x0000d3a6       0x88 src/asf/sam/drivers/spi/spi.o
 .debug_macro   0x0000d42e       0x88 src/asf/sam/drivers/spi/spi.o
 .debug_macro   0x0000d4b6      0x3b4 src/asf/sam/drivers/spi/spi.o
 .debug_macro   0x0000d86a       0xb8 src/asf/sam/drivers/spi/spi.o
 .debug_macro   0x0000d922       0xb8 src/asf/sam/drivers/spi/spi.o
 .debug_macro   0x0000d9da       0xb8 src/asf/sam/drivers/spi/spi.o
 .debug_macro   0x0000da92       0xb8 src/asf/sam/drivers/spi/spi.o
 .debug_macro   0x0000db4a      0x2b8 src/asf/sam/drivers/spi/spi.o
 .debug_macro   0x0000de02      0x122 src/asf/sam/drivers/spi/spi.o
 .debug_macro   0x0000df24      0x222 src/asf/sam/drivers/spi/spi.o
 .debug_macro   0x0000e146      0x222 src/asf/sam/drivers/spi/spi.o
 .debug_macro   0x0000e368       0x2e src/asf/sam/drivers/spi/spi.o
 .debug_macro   0x0000e396       0xac src/asf/sam/drivers/spi/spi.o
 .debug_macro   0x0000e442      0x14a src/asf/sam/drivers/spi/spi.o
 .debug_macro   0x0000e58c       0x7c src/asf/sam/drivers/spi/spi.o
 .debug_macro   0x0000e608      0x202 src/asf/sam/drivers/spi/spi.o
 .debug_macro   0x0000e80a       0x64 src/asf/sam/drivers/spi/spi.o
 .debug_macro   0x0000e86e       0xa6 src/asf/sam/drivers/spi/spi.o
 .debug_macro   0x0000e914       0x7c src/asf/sam/drivers/spi/spi.o
 .debug_macro   0x0000e990       0x16 src/asf/sam/drivers/spi/spi.o
 .debug_macro   0x0000e9a6       0x22 src/asf/sam/drivers/spi/spi.o
 .debug_macro   0x0000e9c8       0x22 src/asf/sam/drivers/spi/spi.o
 .debug_macro   0x0000e9ea      0x112 src/asf/sam/drivers/spi/spi.o
 .debug_macro   0x0000eafc      0x112 src/asf/sam/drivers/spi/spi.o
 .debug_macro   0x0000ec0e      0x112 src/asf/sam/drivers/spi/spi.o
 .debug_macro   0x0000ed20      0x112 src/asf/sam/drivers/spi/spi.o
 .debug_macro   0x0000ee32       0x1c src/asf/sam/drivers/spi/spi.o
 .debug_macro   0x0000ee4e       0x2e src/asf/sam/drivers/spi/spi.o
 .debug_macro   0x0000ee7c       0x22 src/asf/sam/drivers/spi/spi.o
 .debug_macro   0x0000ee9e       0x1c src/asf/sam/drivers/spi/spi.o
 .debug_macro   0x0000eeba       0x58 src/asf/sam/drivers/spi/spi.o
 .debug_macro   0x0000ef12       0x10 src/asf/sam/drivers/spi/spi.o
 .debug_macro   0x0000ef22      0x273 src/asf/sam/drivers/spi/spi.o
 .debug_macro   0x0000f195     0x10b1 src/asf/sam/drivers/spi/spi.o
 .debug_macro   0x00010246      0x12a src/asf/sam/drivers/spi/spi.o
 .debug_macro   0x00010370       0x58 src/asf/sam/drivers/spi/spi.o
 .debug_macro   0x000103c8       0x35 src/asf/sam/drivers/spi/spi.o
 .debug_macro   0x000103fd       0xa3 src/asf/sam/drivers/spi/spi.o
 .debug_macro   0x000104a0       0x16 src/asf/sam/drivers/spi/spi.o
 .debug_macro   0x000104b6       0x35 src/asf/sam/drivers/spi/spi.o
 .debug_macro   0x000104eb       0x10 src/asf/sam/drivers/spi/spi.o
 .debug_macro   0x000104fb       0x52 src/asf/sam/drivers/spi/spi.o
 .debug_macro   0x0001054d       0x16 src/asf/sam/drivers/spi/spi.o
 .debug_macro   0x00010563       0x43 src/asf/sam/drivers/spi/spi.o
 .debug_macro   0x000105a6      0x180 src/asf/sam/drivers/spi/spi.o
 .debug_macro   0x00010726       0x10 src/asf/sam/drivers/spi/spi.o
 .debug_macro   0x00010736       0x22 src/asf/sam/drivers/spi/spi.o
 .debug_macro   0x00010758       0xbd src/asf/sam/drivers/spi/spi.o
 .debug_macro   0x00010815       0x16 src/asf/sam/drivers/spi/spi.o
 .debug_macro   0x0001082b      0x16c src/asf/sam/drivers/spi/spi.o
 .debug_macro   0x00010997       0x22 src/asf/sam/drivers/spi/spi.o
 .debug_macro   0x000109b9       0x16 src/asf/sam/drivers/spi/spi.o
 .debug_macro   0x000109cf       0x16 src/asf/sam/drivers/spi/spi.o
 .debug_macro   0x000109e5       0x29 src/asf/sam/drivers/spi/spi.o
 .debug_macro   0x00010a0e       0x52 src/asf/sam/drivers/spi/spi.o
 .debug_macro   0x00010a60       0x3e src/asf/sam/drivers/spi/spi.o
 .debug_macro   0x00010a9e      0x322 src/asf/sam/drivers/spi/spi.o
 .debug_macro   0x00010dc0       0x10 src/asf/sam/drivers/spi/spi.o
 .debug_macro   0x00010dd0       0x28 src/asf/sam/drivers/spi/spi.o
 .debug_macro   0x00010df8      0x160 src/asf/sam/drivers/spi/spi.o
 .debug_macro   0x00010f58      0xf62 src/asf/sam/drivers/spi/spi.o
 .debug_macro   0x00011eba       0x58 src/asf/sam/drivers/spi/spi.o
 .debug_macro   0x00011f12       0x64 src/asf/sam/drivers/spi/spi.o
 .debug_macro   0x00011f76       0x5e src/asf/sam/drivers/spi/spi.o
 .debug_macro   0x00011fd4       0x90 src/asf/sam/drivers/spi/spi.o
 .debug_macro   0x00012064       0x8e src/asf/sam/drivers/spi/spi.o
 .debug_macro   0x000120f2      0x69b src/command_test.o
 .debug_macro   0x0001278d       0x97 src/command_test.o
 .debug_macro   0x00012824       0xef src/command_test.o
 .debug_macro   0x00012913      0x20f src/command_test.o
 .debug_macro   0x00012b22      0x106 src/command_test.o
 .debug_macro   0x00012c28       0x46 src/command_test.o
 .debug_macro   0x00012c6e       0xc9 src/command_test.o
 .debug_macro   0x00012d37       0x12 src/command_test.o
 .debug_macro   0x00012d49       0x1c src/command_test.o
 .debug_macro   0x00012d65      0x361 src/command_test.o
 .debug_macro   0x000130c6       0x79 src/command_test.o
 .debug_macro   0x0001313f       0x69 src/command_test.o
 .debug_macro   0x000131a8       0xb0 src/command_test.o
 .debug_macro   0x00013258       0x7e src/command_test.o
 .debug_macro   0x000132d6       0x26 src/command_test.o
 .debug_macro   0x000132fc       0x40 src/command_test.o
 .debug_macro   0x0001333c       0x28 src/command_test.o
 .debug_macro   0x00013364       0x6a src/command_test.o
 .debug_macro   0x000133ce       0x2e src/command_test.o
 .debug_macro   0x000133fc       0x10 src/command_test.o
 .debug_macro   0x0001340c       0x16 src/command_test.o
 .debug_macro   0x00013422       0x10 src/command_test.o
 .debug_macro   0x00013432       0x88 src/command_test.o
 .debug_macro   0x000134ba      0x2a6 src/command_test.o
 .debug_macro   0x00013760       0x10 src/command_test.o
 .debug_macro   0x00013770       0x1f src/command_test.o
 .debug_macro   0x0001378f       0x6f src/command_test.o
 .debug_macro   0x000137fe      0x191 src/command_test.o
 .debug_macro   0x0001398f      0x69f src/data_collect.o
 .debug_macro   0x0001402e      0x56d src/ParTest.o
 .debug_macro   0x0001459b      0x15a src/ParTest.o
 .debug_macro   0x000146f5      0x5c8 src/spi_func.o
 .debug_macro   0x00014cbd       0x16 src/spi_func.o
 .debug_macro   0x00014cd3       0xa0 src/spi_func.o
 .debug_macro   0x00014d73      0x66f src/usart_func.o
 .debug_macro   0x000153e2       0xc2 src/usart_func.o
 .debug_macro   0x000154a4       0x1c src/usart_func.o
 .debug_macro   0x000154c0       0x1c src/usart_func.o
 .debug_macro   0x000154dc      0x106 src/usart_func.o
 .debug_macro   0x000155e2       0x18 src/usart_func.o
 .debug_macro   0x000155fa      0x368 src/usart_func.o
 .debug_macro   0x00015962       0x28 src/usart_func.o
 .debug_macro   0x0001598a      0x533 src/asf/common/services/clock/sam3x/sysclk.o
 .debug_macro   0x00015ebd      0x5b4 src/asf/sam/boards/sam3x_ek/init.o
 .debug_macro   0x00016471      0x507 src/asf/sam/components/can/sn65hvd234.o
 .debug_macro   0x00016978      0x4e8 src/asf/sam/drivers/can/can.o
 .debug_macro   0x00016e60       0x82 src/asf/sam/drivers/can/can.o
 .debug_macro   0x00016ee2      0x4d2 src/asf/sam/drivers/pio/pio.o
 .debug_macro   0x000173b4       0x88 src/asf/sam/drivers/pio/pio.o
 .debug_macro   0x0001743c      0x4dc src/asf/sam/drivers/pio/pio_handler.o
 .debug_macro   0x00017918      0x4c4 src/asf/sam/drivers/pmc/pmc.o
 .debug_macro   0x00017ddc       0x52 src/asf/sam/drivers/pmc/pmc.o
 .debug_macro   0x00017e2e      0x500 src/asf/sam/drivers/usart/usart.o
 .debug_macro   0x0001832e       0x28 src/asf/sam/drivers/usart/usart.o
 .debug_macro   0x00018356      0x4d1 src/asf/sam/drivers/wdt/wdt.o
 .debug_macro   0x00018827      0x33c src/asf/sam/utils/cmsis/sam3x/source/templates/exceptions.o
 .debug_macro   0x00018b63      0x34e src/asf/sam/utils/cmsis/sam3x/source/templates/gcc/startup_sam3x.o
 .debug_macro   0x00018eb1      0x34e src/asf/sam/utils/cmsis/sam3x/source/templates/system_sam3x.o
 .debug_macro   0x000191ff      0x133 src/asf/thirdparty/FreeRTOS/list.o
 .debug_macro   0x00019332      0x10e src/asf/thirdparty/FreeRTOS/list.o
 .debug_macro   0x00019440       0x7f src/asf/thirdparty/FreeRTOS/list.o
 .debug_macro   0x000194bf      0x143 src/asf/thirdparty/FreeRTOS/portable/GCC/ARM_CM3/port.o
 .debug_macro   0x00019602      0x15a src/asf/thirdparty/FreeRTOS/portable/MemMang/heap_4.o
 .debug_macro   0x0001975c      0x1c3 src/asf/thirdparty/FreeRTOS/queue.o
 .debug_macro   0x0001991f      0x1ff src/asf/thirdparty/FreeRTOS/tasks.o
 .debug_macro   0x00019b1e       0x91 src/asf/thirdparty/FreeRTOS/tasks.o
 .debug_macro   0x00019baf       0x16 src/asf/thirdparty/FreeRTOS/tasks.o
 .debug_macro   0x00019bc5      0x170 src/asf/thirdparty/FreeRTOS/timers.o
 .debug_macro   0x00019d35      0x61e src/can_func.o
 .debug_macro   0x0001a353      0x6f6 src/main.o
 .debug_macro   0x0001aa49      0x642 my_blink.o

.debug_line     0x00000000    0x14c40
 .debug_line    0x00000000      0xda6 src/asf/sam/drivers/spi/spi.o
 .debug_line    0x00000da6      0xfc3 src/command_test.o
 .debug_line    0x00001d69      0xfb7 src/data_collect.o
 .debug_line    0x00002d20      0xcd6 src/ParTest.o
 .debug_line    0x000039f6     0x1029 src/spi_func.o
 .debug_line    0x00004a1f     0x1208 src/usart_func.o
 .debug_line    0x00005c27      0xd25 src/asf/common/services/clock/sam3x/sysclk.o
 .debug_line    0x0000694c      0xd8a src/asf/sam/boards/sam3x_ek/init.o
 .debug_line    0x000076d6      0xbb2 src/asf/sam/components/can/sn65hvd234.o
 .debug_line    0x00008288      0xe07 src/asf/sam/drivers/can/can.o
 .debug_line    0x0000908f      0xdeb src/asf/sam/drivers/pio/pio.o
 .debug_line    0x00009e7a      0xbd2 src/asf/sam/drivers/pio/pio_handler.o
 .debug_line    0x0000aa4c     0x1003 src/asf/sam/drivers/pmc/pmc.o
 .debug_line    0x0000ba4f     0x1207 src/asf/sam/drivers/usart/usart.o
 .debug_line    0x0000cc56      0xb2c src/asf/sam/drivers/wdt/wdt.o
 .debug_line    0x0000d782      0x8d6 src/asf/sam/utils/cmsis/sam3x/source/templates/exceptions.o
 .debug_line    0x0000e058      0x92d src/asf/sam/utils/cmsis/sam3x/source/templates/gcc/startup_sam3x.o
 .debug_line    0x0000e985      0x965 src/asf/sam/utils/cmsis/sam3x/source/templates/system_sam3x.o
 .debug_line    0x0000f2ea      0x427 src/asf/thirdparty/FreeRTOS/list.o
 .debug_line    0x0000f711      0x48a src/asf/thirdparty/FreeRTOS/portable/GCC/ARM_CM3/port.o
 .debug_line    0x0000fb9b      0x4e6 src/asf/thirdparty/FreeRTOS/portable/MemMang/heap_4.o
 .debug_line    0x00010081      0x949 src/asf/thirdparty/FreeRTOS/queue.o
 .debug_line    0x000109ca      0xbbf src/asf/thirdparty/FreeRTOS/tasks.o
 .debug_line    0x00011589      0x5c7 src/asf/thirdparty/FreeRTOS/timers.o
 .debug_line    0x00011b50     0x108e src/can_func.o
 .debug_line    0x00012bde     0x11c1 src/main.o
 .debug_line    0x00013d9f      0xea1 my_blink.o

.debug_str      0x00000000    0x68095
 .debug_str     0x00000000    0x5c039 src/asf/sam/drivers/spi/spi.o
                              0x5c301 (size before relaxing)
 .debug_str     0x0005c039     0x592e src/command_test.o
                              0x61838 (size before relaxing)
 .debug_str     0x00061967       0x7a src/data_collect.o
                              0x6183c (size before relaxing)
 .debug_str     0x000619e1       0xa4 src/ParTest.o
                              0x5e3ac (size before relaxing)
 .debug_str     0x00061a85      0x839 src/spi_func.o
                              0x5cda5 (size before relaxing)
 .debug_str     0x000622be      0x7e1 src/usart_func.o
                              0x60b17 (size before relaxing)
 .debug_str     0x00062a9f      0x233 src/asf/common/services/clock/sam3x/sysclk.o
                              0x5be68 (size before relaxing)
 .debug_str     0x00062cd2      0x20f src/asf/sam/boards/sam3x_ek/init.o
                              0x5c715 (size before relaxing)
 .debug_str     0x00062ee1      0x105 src/asf/sam/components/can/sn65hvd234.o
                              0x5b6d7 (size before relaxing)
 .debug_str     0x00062fe6      0x5c0 src/asf/sam/drivers/can/can.o
                              0x556ed (size before relaxing)
 .debug_str     0x000635a6      0x482 src/asf/sam/drivers/pio/pio.o
                              0x55873 (size before relaxing)
 .debug_str     0x00063a28      0x176 src/asf/sam/drivers/pio/pio_handler.o
                              0x55866 (size before relaxing)
 .debug_str     0x00063b9e      0x5a9 src/asf/sam/drivers/pmc/pmc.o
                              0x55770 (size before relaxing)
 .debug_str     0x00064147      0xa3d src/asf/sam/drivers/usart/usart.o
                              0x55b16 (size before relaxing)
 .debug_str     0x00064b84       0xf1 src/asf/sam/drivers/wdt/wdt.o
                              0x54fdd (size before relaxing)
 .debug_str     0x00064c75       0x4d src/asf/sam/utils/cmsis/sam3x/source/templates/exceptions.o
                              0x4b6ff (size before relaxing)
 .debug_str     0x00064cc2       0xb2 src/asf/sam/utils/cmsis/sam3x/source/templates/gcc/startup_sam3x.o
                              0x4b7e8 (size before relaxing)
 .debug_str     0x00064d74      0x1cd src/asf/sam/utils/cmsis/sam3x/source/templates/system_sam3x.o
                              0x4b9fb (size before relaxing)
 .debug_str     0x00064f41      0x13c src/asf/thirdparty/FreeRTOS/list.o
                               0x6db9 (size before relaxing)
 .debug_str     0x0006507d      0x704 src/asf/thirdparty/FreeRTOS/portable/GCC/ARM_CM3/port.o
                               0x63e7 (size before relaxing)
 .debug_str     0x00065781      0x2b3 src/asf/thirdparty/FreeRTOS/portable/MemMang/heap_4.o
                               0x72d4 (size before relaxing)
 .debug_str     0x00065a34      0x63a src/asf/thirdparty/FreeRTOS/queue.o
                               0x912c (size before relaxing)
 .debug_str     0x0006606e     0x1897 src/asf/thirdparty/FreeRTOS/tasks.o
                               0x9a06 (size before relaxing)
 .debug_str     0x00067905      0x3a2 src/asf/thirdparty/FreeRTOS/timers.o
                               0x872c (size before relaxing)
 .debug_str     0x00067ca7      0x1e7 src/can_func.o
                              0x618f8 (size before relaxing)
 .debug_str     0x00067e8e      0x122 src/main.o
                              0x624a9 (size before relaxing)
 .debug_str     0x00067fb0       0xe5 my_blink.o
                              0x6002a (size before relaxing)

.debug_frame    0x00000000     0x3778
 .debug_frame   0x00000000      0x220 src/asf/sam/drivers/spi/spi.o
 .debug_frame   0x00000220       0x50 src/command_test.o
 .debug_frame   0x00000270       0x50 src/data_collect.o
 .debug_frame   0x000002c0       0x70 src/ParTest.o
 .debug_frame   0x00000330      0x2e8 src/spi_func.o
 .debug_frame   0x00000618      0x198 src/usart_func.o
 .debug_frame   0x000007b0      0x1c4 src/asf/common/services/clock/sam3x/sysclk.o
 .debug_frame   0x00000974       0x48 src/asf/sam/boards/sam3x_ek/init.o
 .debug_frame   0x000009bc       0xc8 src/asf/sam/components/can/sn65hvd234.o
 .debug_frame   0x00000a84      0x450 src/asf/sam/drivers/can/can.o
 .debug_frame   0x00000ed4      0x44c src/asf/sam/drivers/pio/pio.o
 .debug_frame   0x00001320      0x150 src/asf/sam/drivers/pio/pio_handler.o
 .debug_frame   0x00001470      0x598 src/asf/sam/drivers/pmc/pmc.o
 .debug_frame   0x00001a08      0x9b0 src/asf/sam/drivers/usart/usart.o
 .debug_frame   0x000023b8       0xb8 src/asf/sam/drivers/wdt/wdt.o
 .debug_frame   0x00002470       0x28 src/asf/sam/utils/cmsis/sam3x/source/templates/exceptions.o
 .debug_frame   0x00002498       0x30 src/asf/sam/utils/cmsis/sam3x/source/templates/gcc/startup_sam3x.o
 .debug_frame   0x000024c8       0x5c src/asf/sam/utils/cmsis/sam3x/source/templates/system_sam3x.o
 .debug_frame   0x00002524       0x9c src/asf/thirdparty/FreeRTOS/list.o
 .debug_frame   0x000025c0      0x178 src/asf/thirdparty/FreeRTOS/portable/GCC/ARM_CM3/port.o
 .debug_frame   0x00002738       0xd0 src/asf/thirdparty/FreeRTOS/portable/MemMang/heap_4.o
 .debug_frame   0x00002808      0x2f0 src/asf/thirdparty/FreeRTOS/queue.o
 .debug_frame   0x00002af8      0x4fc src/asf/thirdparty/FreeRTOS/tasks.o
 .debug_frame   0x00002ff4      0x1e0 src/asf/thirdparty/FreeRTOS/timers.o
 .debug_frame   0x000031d4      0x270 src/can_func.o
 .debug_frame   0x00003444      0x17c src/main.o
 .debug_frame   0x000035c0       0x70 my_blink.o
 .debug_frame   0x00003630       0x2c c:/program files (x86)/atmel/atmel toolchain/arm gcc/native/4.8.1437/arm-gnu-toolchain/bin/../lib/gcc/arm-none-eabi/4.8.4/../../../../arm-none-eabi/lib/armv7-m\libc.a(lib_a-init.o)
 .debug_frame   0x0000365c       0x2c c:/program files (x86)/atmel/atmel toolchain/arm gcc/native/4.8.1437/arm-gnu-toolchain/bin/../lib/gcc/arm-none-eabi/4.8.4/../../../../arm-none-eabi/lib/armv7-m\libc.a(lib_a-memcmp.o)
 .debug_frame   0x00003688       0x2c c:/program files (x86)/atmel/atmel toolchain/arm gcc/native/4.8.1437/arm-gnu-toolchain/bin/../lib/gcc/arm-none-eabi/4.8.4/../../../../arm-none-eabi/lib/armv7-m\libc.a(lib_a-memset.o)
 .debug_frame   0x000036b4       0x48 c:/program files (x86)/atmel/atmel toolchain/arm gcc/native/4.8.1437/arm-gnu-toolchain/bin/../lib/gcc/arm-none-eabi/4.8.4/../../../../arm-none-eabi/lib/armv7-m\libc.a(lib_a-__call_atexit.o)
 .debug_frame   0x000036fc       0x20 c:/program files (x86)/atmel/atmel toolchain/arm gcc/native/4.8.1437/arm-gnu-toolchain/bin/../lib/gcc/arm-none-eabi/4.8.4/../../../../arm-none-eabi/lib/armv7-m\libc.a(lib_a-atexit.o)
 .debug_frame   0x0000371c       0x2c c:/program files (x86)/atmel/atmel toolchain/arm gcc/native/4.8.1437/arm-gnu-toolchain/bin/../lib/gcc/arm-none-eabi/4.8.4/../../../../arm-none-eabi/lib/armv7-m\libc.a(lib_a-fini.o)
 .debug_frame   0x00003748       0x30 c:/program files (x86)/atmel/atmel toolchain/arm gcc/native/4.8.1437/arm-gnu-toolchain/bin/../lib/gcc/arm-none-eabi/4.8.4/../../../../arm-none-eabi/lib/armv7-m\libc.a(lib_a-__atexit.o)

Cross Reference Table

Symbol                                            File
ADC_Handler                                       src/asf/sam/utils/cmsis/sam3x/source/templates/exceptions.o
                                                  src/asf/sam/utils/cmsis/sam3x/source/templates/gcc/startup_sam3x.o
BusFault_Handler                                  src/asf/sam/utils/cmsis/sam3x/source/templates/exceptions.o
                                                  src/asf/sam/utils/cmsis/sam3x/source/templates/gcc/startup_sam3x.o
CAN0_Handler                                      src/can_func.o