Archive member included because of file (symbol)

c:/program files (x86)/atmel/atmel toolchain/arm gcc/native/4.8.1437/arm-gnu-toolchain/bin/../lib/gcc/arm-none-eabi/4.8.4/armv7-m\libgcc.a(_arm_addsubdf3.o)
                              src/usart_func.o (__aeabi_dsub)
c:/program files (x86)/atmel/atmel toolchain/arm gcc/native/4.8.1437/arm-gnu-toolchain/bin/../lib/gcc/arm-none-eabi/4.8.4/armv7-m\libgcc.a(_arm_truncdfsf2.o)
                              src/usart_func.o (__aeabi_d2f)
c:/program files (x86)/atmel/atmel toolchain/arm gcc/native/4.8.1437/arm-gnu-toolchain/bin/../lib/gcc/arm-none-eabi/4.8.4/armv7-m\libgcc.a(_arm_addsubsf3.o)
                              src/usart_func.o (__aeabi_fsub)
c:/program files (x86)/atmel/atmel toolchain/arm gcc/native/4.8.1437/arm-gnu-toolchain/bin/../lib/gcc/arm-none-eabi/4.8.4/armv7-m\libgcc.a(_arm_muldivsf3.o)
                              src/usart_func.o (__aeabi_fmul)
c:/program files (x86)/atmel/atmel toolchain/arm gcc/native/4.8.1437/arm-gnu-toolchain/bin/../lib/gcc/arm-none-eabi/4.8.4/armv7-m\libgcc.a(_arm_fixunssfsi.o)
                              src/usart_func.o (__aeabi_f2uiz)
c:/program files (x86)/atmel/atmel toolchain/arm gcc/native/4.8.1437/arm-gnu-toolchain/bin/../lib/gcc/arm-none-eabi/4.8.4/../../../../arm-none-eabi/lib/armv7-m\libc.a(lib_a-exit.o)
                              c:/program files (x86)/atmel/atmel toolchain/arm gcc/native/4.8.1437/arm-gnu-toolchain/bin/../lib/gcc/arm-none-eabi/4.8.4/../../../../arm-none-eabi/lib/armv7-m/crt0.o (exit)
c:/program files (x86)/atmel/atmel toolchain/arm gcc/native/4.8.1437/arm-gnu-toolchain/bin/../lib/gcc/arm-none-eabi/4.8.4/../../../../arm-none-eabi/lib/armv7-m\libc.a(lib_a-impure.o)
                              c:/program files (x86)/atmel/atmel toolchain/arm gcc/native/4.8.1437/arm-gnu-toolchain/bin/../lib/gcc/arm-none-eabi/4.8.4/../../../../arm-none-eabi/lib/armv7-m\libc.a(lib_a-exit.o) (_global_impure_ptr)
c:/program files (x86)/atmel/atmel toolchain/arm gcc/native/4.8.1437/arm-gnu-toolchain/bin/../lib/gcc/arm-none-eabi/4.8.4/../../../../arm-none-eabi/lib/armv7-m\libc.a(lib_a-init.o)
                              c:/program files (x86)/atmel/atmel toolchain/arm gcc/native/4.8.1437/arm-gnu-toolchain/bin/../lib/gcc/arm-none-eabi/4.8.4/../../../../arm-none-eabi/lib/armv7-m/crt0.o (__libc_init_array)
c:/program files (x86)/atmel/atmel toolchain/arm gcc/native/4.8.1437/arm-gnu-toolchain/bin/../lib/gcc/arm-none-eabi/4.8.4/../../../../arm-none-eabi/lib/armv7-m\libc.a(lib_a-memcmp.o)
                              src/asf/thirdparty/FreeRTOS/tasks.o (memcmp)
c:/program files (x86)/atmel/atmel toolchain/arm gcc/native/4.8.1437/arm-gnu-toolchain/bin/../lib/gcc/arm-none-eabi/4.8.4/../../../../arm-none-eabi/lib/armv7-m\libc.a(lib_a-memcpy.o)
                              src/asf/thirdparty/FreeRTOS/queue.o (memcpy)
c:/program files (x86)/atmel/atmel toolchain/arm gcc/native/4.8.1437/arm-gnu-toolchain/bin/../lib/gcc/arm-none-eabi/4.8.4/../../../../arm-none-eabi/lib/armv7-m\libc.a(lib_a-memset.o)
                              c:/program files (x86)/atmel/atmel toolchain/arm gcc/native/4.8.1437/arm-gnu-toolchain/bin/../lib/gcc/arm-none-eabi/4.8.4/../../../../arm-none-eabi/lib/armv7-m/crt0.o (memset)
c:/program files (x86)/atmel/atmel toolchain/arm gcc/native/4.8.1437/arm-gnu-toolchain/bin/../lib/gcc/arm-none-eabi/4.8.4/../../../../arm-none-eabi/lib/armv7-m\libc.a(lib_a-__call_atexit.o)
                              c:/program files (x86)/atmel/atmel toolchain/arm gcc/native/4.8.1437/arm-gnu-toolchain/bin/../lib/gcc/arm-none-eabi/4.8.4/../../../../arm-none-eabi/lib/armv7-m\libc.a(lib_a-exit.o) (__call_exitprocs)
c:/program files (x86)/atmel/atmel toolchain/arm gcc/native/4.8.1437/arm-gnu-toolchain/bin/../lib/gcc/arm-none-eabi/4.8.4/../../../../arm-none-eabi/lib/armv7-m\libc.a(lib_a-atexit.o)
                              c:/program files (x86)/atmel/atmel toolchain/arm gcc/native/4.8.1437/arm-gnu-toolchain/bin/../lib/gcc/arm-none-eabi/4.8.4/../../../../arm-none-eabi/lib/armv7-m\libc.a(lib_a-__call_atexit.o) (atexit)
c:/program files (x86)/atmel/atmel toolchain/arm gcc/native/4.8.1437/arm-gnu-toolchain/bin/../lib/gcc/arm-none-eabi/4.8.4/../../../../arm-none-eabi/lib/armv7-m\libc.a(lib_a-fini.o)
                              c:/program files (x86)/atmel/atmel toolchain/arm gcc/native/4.8.1437/arm-gnu-toolchain/bin/../lib/gcc/arm-none-eabi/4.8.4/../../../../arm-none-eabi/lib/armv7-m\libc.a(lib_a-__call_atexit.o) (__libc_fini_array)
c:/program files (x86)/atmel/atmel toolchain/arm gcc/native/4.8.1437/arm-gnu-toolchain/bin/../lib/gcc/arm-none-eabi/4.8.4/../../../../arm-none-eabi/lib/armv7-m\libc.a(lib_a-__atexit.o)
                              c:/program files (x86)/atmel/atmel toolchain/arm gcc/native/4.8.1437/arm-gnu-toolchain/bin/../lib/gcc/arm-none-eabi/4.8.4/../../../../arm-none-eabi/lib/armv7-m\libc.a(lib_a-atexit.o) (__register_exitproc)

Allocating common symbols
Common symbol       size              file

[...]
Memory Configuration

Name             Origin             Length             Attributes
rom              0x00080000         0x00080000         xr
sram0            0x20000000         0x00010000         xrw
sram1            0x20080000         0x00008000         xrw
ram              0x20070000         0x00018000         xrw
*default*        0x00000000         0xffffffff

Linker script and memory map

LOAD c:/program files (x86)/atmel/atmel toolchain/arm gcc/native/4.8.1437/arm-gnu-toolchain/bin/../lib/gcc/arm-none-eabi/4.8.4/armv7-m/crti.o
LOAD c:/program files (x86)/atmel/atmel toolchain/arm gcc/native/4.8.1437/arm-gnu-toolchain/bin/../lib/gcc/arm-none-eabi/4.8.4/armv7-m/crtbegin.o
LOAD c:/program files (x86)/atmel/atmel toolchain/arm gcc/native/4.8.1437/arm-gnu-toolchain/bin/../lib/gcc/arm-none-eabi/4.8.4/../../../../arm-none-eabi/lib/armv7-m/crt0.o
LOAD src/asf/sam/drivers/spi/spi.o
LOAD src/asf/sam/drivers/tc/tc.o
LOAD src/asf/sam/drivers/uart/uart.o
LOAD src/command_test.o
LOAD src/data_collect.o
LOAD src/housekeep.o
LOAD src/ParTest.o
LOAD src/spi_func.o
LOAD src/usart_func.o
LOAD src/asf/common/services/clock/sam3x/sysclk.o
LOAD src/asf/common/utils/interrupt/interrupt_sam_nvic.o
LOAD src/asf/common/utils/stdio/read.o
LOAD src/asf/common/utils/stdio/write.o
LOAD src/asf/sam/boards/sam3x_ek/init.o
LOAD src/asf/sam/components/can/sn65hvd234.o
LOAD src/asf/sam/drivers/can/can.o
LOAD src/asf/sam/drivers/pio/pio.o
LOAD src/asf/sam/drivers/pio/pio_handler.o
LOAD src/asf/sam/drivers/pmc/pmc.o
LOAD src/asf/sam/drivers/rtt/rtt.o
LOAD src/asf/sam/drivers/usart/usart.o
LOAD src/asf/sam/drivers/wdt/wdt.o
LOAD src/asf/sam/utils/cmsis/sam3x/source/templates/exceptions.o
LOAD src/asf/sam/utils/cmsis/sam3x/source/templates/gcc/startup_sam3x.o
LOAD src/asf/sam/utils/cmsis/sam3x/source/templates/system_sam3x.o
LOAD src/asf/thirdparty/FreeRTOS/list.o
LOAD src/asf/thirdparty/FreeRTOS/portable/GCC/ARM_CM3/port.o
LOAD src/asf/thirdparty/FreeRTOS/portable/MemMang/heap_4.o
LOAD src/asf/thirdparty/FreeRTOS/queue.o
LOAD src/asf/thirdparty/FreeRTOS/tasks.o
LOAD src/asf/thirdparty/FreeRTOS/timers.o
LOAD src/can_func.o
LOAD src/Common-Demo-Source/BlockQ.o
LOAD src/Common-Demo-Source/blocktim.o
LOAD src/Common-Demo-Source/comtest.o
LOAD src/Common-Demo-Source/countsem.o
LOAD src/Common-Demo-Source/death.o
LOAD src/Common-Demo-Source/dynamic.o
LOAD src/Common-Demo-Source/flash_timer.o
LOAD src/Common-Demo-Source/GenQTest.o
LOAD src/Common-Demo-Source/integer.o
LOAD src/Common-Demo-Source/PollQ.o
LOAD src/Common-Demo-Source/recmutex.o
LOAD src/Common-Demo-Source/semtest.o
LOAD src/main.o
LOAD my_blink.o
START GROUP
END GROUP
START GROUP
LOAD c:/program files (x86)/atmel/atmel toolchain/arm gcc/native/4.8.1437/arm-gnu-toolchain/bin/../lib/gcc/arm-none-eabi/4.8.4/armv7-m\libgcc.a
LOAD c:/program files (x86)/atmel/atmel toolchain/arm gcc/native/4.8.1437/arm-gnu-toolchain/bin/../lib/gcc/arm-none-eabi/4.8.4/../../../../arm-none-eabi/lib/armv7-m\libc.a
END GROUP
LOAD c:/program files (x86)/atmel/atmel toolchain/arm gcc/native/4.8.1437/arm-gnu-toolchain/bin/../lib/gcc/arm-none-eabi/4.8.4/armv7-m/crtend.o
LOAD c:/program files (x86)/atmel/atmel toolchain/arm gcc/native/4.8.1437/arm-gnu-toolchain/bin/../lib/gcc/arm-none-eabi/4.8.4/armv7-m/crtn.o
                0x00002000                STACK_SIZE = 0x2000

.text           0x00080000     0x6780
                0x00080000                . = ALIGN (0x4)
                0x00080000                _sfixed = .
 *(.vectors .vectors.*)
 .vectors       0x00080000       0xf4 src/asf/sam/utils/cmsis/sam3x/source/templates/gcc/startup_sam3x.o
                0x00080000                exception_table
 *(.text .text.* .gnu.linkonce.t.*)
 .text          0x000800f4       0x54 c:/program files (x86)/atmel/atmel toolchain/arm gcc/native/4.8.1437/arm-gnu-toolchain/bin/../lib/gcc/arm-none-eabi/4.8.4/armv7-m/crtbegin.o
 .text.spi_get_peripheral_select_mode
                0x00080148       0x28 src/asf/sam/drivers/spi/spi.o
 .text.sysclk_enable_peripheral_clock
                0x00080170       0x18 src/asf/sam/drivers/spi/spi.o
 .text.spi_enable_clock
                0x00080188       0x24 src/asf/sam/drivers/spi/spi.o
                0x00080188                spi_enable_clock
 .text.spi_set_peripheral_chip_select_value
                0x000801ac       0x34 src/asf/sam/drivers/spi/spi.o
                0x000801ac                spi_set_peripheral_chip_select_value
 .text.spi_read
                0x000801e0       0x70 src/asf/sam/drivers/spi/spi.o
                0x000801e0                spi_read
 .text.spi_write
                0x00080250       0x80 src/asf/sam/drivers/spi/spi.o
                0x00080250                spi_write
 .text.spi_set_clock_polarity
                0x000802d0       0x50 src/asf/sam/drivers/spi/spi.o
                0x000802d0                spi_set_clock_polarity
 .text.spi_set_clock_phase
                0x00080320       0x50 src/asf/sam/drivers/spi/spi.o
                0x00080320                spi_set_clock_phase
 .text.spi_set_bits_per_transfer
                0x00080370       0x48 src/asf/sam/drivers/spi/spi.o
                0x00080370                spi_set_bits_per_transfer
 .text.command_loop
                0x000803b8       0x38 src/command_test.o
                0x000803b8                command_loop
 .text.prvCommandTask
                0x000803f0       0x90 src/command_test.o
 .text.data_test
                0x00080480       0x38 src/data_collect.o
                0x00080480                data_test
 .text.prvDataTask
                0x000804b8       0xa4 src/data_collect.o
 .text.housekeep
                0x0008055c       0x38 src/housekeep.o
                0x0008055c                housekeep
 .text.prvHouseKeepTask
                0x00080594       0x7c src/housekeep.o
 .text.vParTestInitialise
                0x00080610       0x44 src/ParTest.o
                0x00080610                vParTestInitialise
 .text.vParTestSetLED
                0x00080654       0x74 src/ParTest.o
                0x00080654                vParTestSetLED
 .text.NVIC_EnableIRQ
                0x000806c8       0x30 src/spi_func.o
 .text.NVIC_DisableIRQ
                0x000806f8       0x34 src/spi_func.o
 .text.NVIC_ClearPendingIRQ
                0x0008072c       0x34 src/spi_func.o
 .text.spi_reset
                0x00080760       0x18 src/spi_func.o
 .text.spi_enable
                0x00080778       0x18 src/spi_func.o
 .text.spi_disable
                0x00080790       0x18 src/spi_func.o
 .text.spi_set_slave_mode
                0x000807a8       0x20 src/spi_func.o
 .text.spi_disable_mode_fault_detect
                0x000807c8       0x20 src/spi_func.o
 .text.spi_read_status
                0x000807e8       0x18 src/spi_func.o
 .text.spi_enable_interrupt
                0x00080800       0x1c src/spi_func.o
 .text.spi_slave_transfer
                0x0008081c       0x50 src/spi_func.o
 .text.SPI0_Handler
                0x0008086c       0x54 src/spi_func.o
                0x0008086c                SPI0_Handler
 .text.spi_slave_initialize
                0x000808c0       0xe0 src/spi_func.o
 .text.spi_initialize
                0x000809a0       0x50 src/spi_func.o
                0x000809a0                spi_initialize
 .text.NVIC_EnableIRQ
                0x000809f0       0x30 src/usart_func.o
 .text.osc_get_rate
                0x00080a20       0x74 src/usart_func.o
 .text.sysclk_get_main_hz
                0x00080a94       0x1c src/usart_func.o
 .text.sysclk_get_cpu_hz
                0x00080ab0       0x14 src/usart_func.o
 .text.sysclk_enable_peripheral_clock
                0x00080ac4       0x18 src/usart_func.o
 .text.USART0_Handler
                0x00080adc      0x138 src/usart_func.o
                0x00080adc                USART0_Handler
 .text.check_command
                0x00080c14      0x1a8 src/usart_func.o
                0x00080c14                check_command
 .text.check_string
                0x00080dbc       0x5c src/usart_func.o
                0x00080dbc                check_string
 .text.convert_to_temp
                0x00080e18      0x138 src/usart_func.o
                0x00080e18                convert_to_temp
 .text.convert_to_bcd
                0x00080f50       0x64 src/usart_func.o
                0x00080f50                convert_to_bcd
 .text.configure_usart
                0x00080fb4       0x78 src/usart_func.o
                0x00080fb4                configure_usart
 .text.usart_initialize
                0x0008102c       0x98 src/usart_func.o
                0x0008102c                usart_initialize
 .text.osc_enable
                0x000810c4       0x80 src/asf/common/services/clock/sam3x/sysclk.o
 .text.osc_is_ready
                0x00081144       0x70 src/asf/common/services/clock/sam3x/sysclk.o
 .text.osc_get_rate
                0x000811b4       0x74 src/asf/common/services/clock/sam3x/sysclk.o
 .text.osc_wait_ready
                0x00081228       0x2c src/asf/common/services/clock/sam3x/sysclk.o
 .text.pll_config_init
                0x00081254       0x68 src/asf/common/services/clock/sam3x/sysclk.o
 .text.pll_enable
                0x000812bc       0x3c src/asf/common/services/clock/sam3x/sysclk.o
 .text.pll_is_locked
                0x000812f8       0x2c src/asf/common/services/clock/sam3x/sysclk.o
 .text.pll_enable_source
                0x00081324       0x34 src/asf/common/services/clock/sam3x/sysclk.o
 .text.pll_wait_for_lock
                0x00081358       0x24 src/asf/common/services/clock/sam3x/sysclk.o
 .text.sysclk_get_main_hz
                0x0008137c       0x1c src/asf/common/services/clock/sam3x/sysclk.o
 .text.sysclk_get_cpu_hz
                0x00081398       0x14 src/asf/common/services/clock/sam3x/sysclk.o
 .text.sysclk_init
                0x000813ac       0x68 src/asf/common/services/clock/sam3x/sysclk.o
                0x000813ac                sysclk_init
 .text.board_init
                0x00081414      0x118 src/asf/sam/boards/sam3x_ek/init.o
                0x00081414                board_init
 .text.sn65hvd234_set_rs
                0x0008152c       0x1c src/asf/sam/components/can/sn65hvd234.o
                0x0008152c                sn65hvd234_set_rs
 .text.sn65hvd234_set_en
                0x00081548       0x1c src/asf/sam/components/can/sn65hvd234.o
                0x00081548                sn65hvd234_set_en
 .text.sn65hvd234_enable
                0x00081564       0x1c src/asf/sam/components/can/sn65hvd234.o
                0x00081564                sn65hvd234_enable
 .text.sn65hvd234_disable_low_power
                0x00081580       0x1c src/asf/sam/components/can/sn65hvd234.o
                0x00081580                sn65hvd234_disable_low_power
 .text.can_set_baudrate
                0x0008159c      0x150 src/asf/sam/drivers/can/can.o
 .text.can_init
                0x000816ec       0x88 src/asf/sam/drivers/can/can.o
                0x000816ec                can_init
 .text.can_enable
                0x00081774       0x20 src/asf/sam/drivers/can/can.o
                0x00081774                can_enable
 .text.can_disable
                0x00081794       0x20 src/asf/sam/drivers/can/can.o
                0x00081794                can_disable
 .text.can_enable_interrupt
                0x000817b4       0x1c src/asf/sam/drivers/can/can.o
                0x000817b4                can_enable_interrupt
 .text.can_disable_interrupt
                0x000817d0       0x1c src/asf/sam/drivers/can/can.o
                0x000817d0                can_disable_interrupt
 .text.can_get_status
                0x000817ec       0x18 src/asf/sam/drivers/can/can.o
                0x000817ec                can_get_status
 .text.can_global_send_transfer_cmd
                0x00081804       0x2c src/asf/sam/drivers/can/can.o
                0x00081804                can_global_send_transfer_cmd
 .text.can_mailbox_get_status
                0x00081830       0x28 src/asf/sam/drivers/can/can.o
                0x00081830                can_mailbox_get_status
 .text.can_mailbox_send_transfer_cmd
                0x00081858       0x38 src/asf/sam/drivers/can/can.o
                0x00081858                can_mailbox_send_transfer_cmd
 .text.can_mailbox_init
                0x00081890      0x120 src/asf/sam/drivers/can/can.o
                0x00081890                can_mailbox_init
 .text.can_mailbox_read
                0x000819b0       0xc4 src/asf/sam/drivers/can/can.o
                0x000819b0                can_mailbox_read
 .text.can_mailbox_write
                0x00081a74       0xb8 src/asf/sam/drivers/can/can.o
                0x00081a74                can_mailbox_write
 .text.can_reset_all_mailbox
                0x00081b2c       0x44 src/asf/sam/drivers/can/can.o
                0x00081b2c                can_reset_all_mailbox
 .text.pio_pull_up
                0x00081b70       0x2c src/asf/sam/drivers/pio/pio.o
                0x00081b70                pio_pull_up
 .text.pio_set_peripheral
                0x00081b9c       0x80 src/asf/sam/drivers/pio/pio.o
                0x00081b9c                pio_set_peripheral
 .text.pio_set_input
                0x00081c1c       0x7c src/asf/sam/drivers/pio/pio.o
                0x00081c1c                pio_set_input
 .text.pio_set_output
                0x00081c98       0x64 src/asf/sam/drivers/pio/pio.o
                0x00081c98                pio_set_output
 .text.pio_disable_interrupt
                0x00081cfc       0x1c src/asf/sam/drivers/pio/pio.o
                0x00081cfc                pio_disable_interrupt
 .text.pio_get_interrupt_status
                0x00081d18       0x18 src/asf/sam/drivers/pio/pio.o
                0x00081d18                pio_get_interrupt_status
 .text.pio_get_interrupt_mask
                0x00081d30       0x18 src/asf/sam/drivers/pio/pio.o
                0x00081d30                pio_get_interrupt_mask
 .text.pio_set_pin_high
                0x00081d48       0x34 src/asf/sam/drivers/pio/pio.o
                0x00081d48                pio_set_pin_high
 .text.pio_set_pin_low
                0x00081d7c       0x34 src/asf/sam/drivers/pio/pio.o
                0x00081d7c                pio_set_pin_low
 .text.pio_toggle_pin
                0x00081db0       0x60 src/asf/sam/drivers/pio/pio.o
                0x00081db0                pio_toggle_pin
 .text.pio_configure_pin
                0x00081e10      0x13c src/asf/sam/drivers/pio/pio.o
                0x00081e10                pio_configure_pin
 .text.pio_configure_pin_group
                0x00081f4c       0xe0 src/asf/sam/drivers/pio/pio.o
                0x00081f4c                pio_configure_pin_group
 .text.pio_handler_process
                0x0008202c       0xa4 src/asf/sam/drivers/pio/pio_handler.o
                0x0008202c                pio_handler_process
 .text.PIOA_Handler
                0x000820d0       0x18 src/asf/sam/drivers/pio/pio_handler.o
                0x000820d0                PIOA_Handler
 .text.PIOB_Handler
                0x000820e8       0x18 src/asf/sam/drivers/pio/pio_handler.o
                0x000820e8                PIOB_Handler
 .text.PIOC_Handler
                0x00082100       0x18 src/asf/sam/drivers/pio/pio_handler.o
                0x00082100                PIOC_Handler
 .text.PIOD_Handler
                0x00082118       0x18 src/asf/sam/drivers/pio/pio_handler.o
                0x00082118                PIOD_Handler
 .text.pmc_switch_mck_to_pllack
                0x00082130       0x84 src/asf/sam/drivers/pmc/pmc.o
                0x00082130                pmc_switch_mck_to_pllack
 .text.pmc_switch_sclk_to_32kxtal
                0x000821b4       0x3c src/asf/sam/drivers/pmc/pmc.o
                0x000821b4                pmc_switch_sclk_to_32kxtal
 .text.pmc_osc_is_ready_32kxtal
                0x000821f0       0x34 src/asf/sam/drivers/pmc/pmc.o
                0x000821f0                pmc_osc_is_ready_32kxtal
 .text.pmc_switch_mainck_to_fastrc
                0x00082224       0xa0 src/asf/sam/drivers/pmc/pmc.o
                0x00082224                pmc_switch_mainck_to_fastrc
 .text.pmc_switch_mainck_to_xtal
                0x000822c4       0x6c src/asf/sam/drivers/pmc/pmc.o
                0x000822c4                pmc_switch_mainck_to_xtal
 .text.pmc_osc_is_ready_mainck
                0x00082330       0x1c src/asf/sam/drivers/pmc/pmc.o
                0x00082330                pmc_osc_is_ready_mainck
 .text.pmc_disable_pllack
                0x0008234c       0x18 src/asf/sam/drivers/pmc/pmc.o
                0x0008234c                pmc_disable_pllack
 .text.pmc_is_locked_pllack
                0x00082364       0x1c src/asf/sam/drivers/pmc/pmc.o
                0x00082364                pmc_is_locked_pllack
 .text.pmc_is_locked_upll
                0x00082380       0x1c src/asf/sam/drivers/pmc/pmc.o
                0x00082380                pmc_is_locked_upll
 .text.pmc_enable_periph_clk
                0x0008239c       0x84 src/asf/sam/drivers/pmc/pmc.o
                0x0008239c                pmc_enable_periph_clk
 .text.usart_set_async_baudrate
                0x00082420       0x8c src/asf/sam/drivers/usart/usart.o
 .text.usart_reset
                0x000824ac       0x54 src/asf/sam/drivers/usart/usart.o
                0x000824ac                usart_reset
 .text.usart_init_rs232
                0x00082500       0x84 src/asf/sam/drivers/usart/usart.o
                0x00082500                usart_init_rs232
 .text.usart_enable_tx
                0x00082584       0x18 src/asf/sam/drivers/usart/usart.o
                0x00082584                usart_enable_tx
 .text.usart_reset_tx
                0x0008259c       0x18 src/asf/sam/drivers/usart/usart.o
                0x0008259c                usart_reset_tx
 .text.usart_enable_rx
                0x000825b4       0x18 src/asf/sam/drivers/usart/usart.o
                0x000825b4                usart_enable_rx
 .text.usart_reset_rx
                0x000825cc       0x18 src/asf/sam/drivers/usart/usart.o
                0x000825cc                usart_reset_rx
 .text.usart_enable_interrupt
                0x000825e4       0x1c src/asf/sam/drivers/usart/usart.o
                0x000825e4                usart_enable_interrupt
 .text.usart_disable_interrupt
                0x00082600       0x1c src/asf/sam/drivers/usart/usart.o
                0x00082600                usart_disable_interrupt
 .text.usart_get_status
                0x0008261c       0x18 src/asf/sam/drivers/usart/usart.o
                0x0008261c                usart_get_status
 .text.usart_reset_status
                0x00082634       0x1c src/asf/sam/drivers/usart/usart.o
                0x00082634                usart_reset_status
 .text.usart_drive_RTS_pin_high
                0x00082650       0x1c src/asf/sam/drivers/usart/usart.o
                0x00082650                usart_drive_RTS_pin_high
 .text.usart_write
                0x0008266c       0x34 src/asf/sam/drivers/usart/usart.o
                0x0008266c                usart_write
 .text.usart_getchar
                0x000826a0       0x48 src/asf/sam/drivers/usart/usart.o
                0x000826a0                usart_getchar
 .text.usart_disable_writeprotect
                0x000826e8       0x20 src/asf/sam/drivers/usart/usart.o
                0x000826e8                usart_disable_writeprotect
 .text.wdt_restart
                0x00082708       0x28 src/asf/sam/drivers/wdt/wdt.o
                0x00082708                wdt_restart
 .text.wdt_get_status
                0x00082730       0x18 src/asf/sam/drivers/wdt/wdt.o
                0x00082730                wdt_get_status
 .text.Dummy_Handler
                0x00082748        0x8 src/asf/sam/utils/cmsis/sam3x/source/templates/exceptions.o
                0x00082748                DACC_Handler
                0x00082748                DebugMon_Handler
                0x00082748                DMAC_Handler
                0x00082748                TRNG_Handler
                0x00082748                HardFault_Handler
                0x00082748                TC2_Handler
                0x00082748                USART3_Handler
                0x00082748                TWI1_Handler
                0x00082748                NMI_Handler
                0x00082748                TC7_Handler
                0x00082748                ADC_Handler
                0x00082748                SMC_Handler
                0x00082748                RTT_Handler
                0x00082748                EFC1_Handler
                0x00082748                RTC_Handler
                0x00082748                UsageFault_Handler
                0x00082748                TC6_Handler
                0x00082748                TC4_Handler
                0x00082748                TC1_Handler
                0x00082748                HSMCI_Handler
                0x00082748                TC3_Handler
                0x00082748                Dummy_Handler
                0x00082748                TWI0_Handler
                0x00082748                USART1_Handler
                0x00082748                SSC_Handler
                0x00082748                EFC0_Handler
                0x00082748                PMC_Handler
                0x00082748                PWM_Handler
                0x00082748                MemManage_Handler
                0x00082748                SUPC_Handler
                0x00082748                TC8_Handler
                0x00082748                USART2_Handler
                0x00082748                EMAC_Handler
                0x00082748                UART_Handler
                0x00082748                BusFault_Handler
                0x00082748                RSTC_Handler
                0x00082748                TC0_Handler
                0x00082748                TC5_Handler
                0x00082748                UOTGHS_Handler
 .text.Reset_Handler
                0x00082750       0xa8 src/asf/sam/utils/cmsis/sam3x/source/templates/gcc/startup_sam3x.o
                0x00082750                Reset_Handler
 .text.SystemCoreClockUpdate
                0x000827f8      0x180 src/asf/sam/utils/cmsis/sam3x/source/templates/system_sam3x.o
                0x000827f8                SystemCoreClockUpdate
 .text.system_init_flash
                0x00082978       0xa0 src/asf/sam/utils/cmsis/sam3x/source/templates/system_sam3x.o
                0x00082978                system_init_flash
 .text.vListInitialise
                0x00082a18       0x40 src/asf/thirdparty/FreeRTOS/list.o
                0x00082a18                vListInitialise
 .text.vListInitialiseItem
                0x00082a58       0x18 src/asf/thirdparty/FreeRTOS/list.o
                0x00082a58                vListInitialiseItem
 .text.vListInsertEnd
                0x00082a70       0x48 src/asf/thirdparty/FreeRTOS/list.o
                0x00082a70                vListInsertEnd
 .text.vListInsert
                0x00082ab8       0x70 src/asf/thirdparty/FreeRTOS/list.o
                0x00082ab8                vListInsert
 .text.uxListRemove
                0x00082b28       0x54 src/asf/thirdparty/FreeRTOS/list.o
                0x00082b28                uxListRemove
 .text.pxPortInitialiseStack
                0x00082b7c       0x58 src/asf/thirdparty/FreeRTOS/portable/GCC/ARM_CM3/port.o
                0x00082b7c                pxPortInitialiseStack
 .text.prvTaskExitError
                0x00082bd4       0x24 src/asf/thirdparty/FreeRTOS/portable/GCC/ARM_CM3/port.o
 .text.SVC_Handler
                0x00082bf8       0x24 src/asf/thirdparty/FreeRTOS/portable/GCC/ARM_CM3/port.o
                0x00082bf8                SVC_Handler
 .text.prvPortStartFirstTask
                0x00082c1c       0x20 src/asf/thirdparty/FreeRTOS/portable/GCC/ARM_CM3/port.o
 .text.xPortStartScheduler
                0x00082c3c       0xc8 src/asf/thirdparty/FreeRTOS/portable/GCC/ARM_CM3/port.o
                0x00082c3c                xPortStartScheduler
 .text.vPortYield
                0x00082d04       0x20 src/asf/thirdparty/FreeRTOS/portable/GCC/ARM_CM3/port.o
                0x00082d04                vPortYield
 .text.vPortEnterCritical
                0x00082d24       0x44 src/asf/thirdparty/FreeRTOS/portable/GCC/ARM_CM3/port.o
                0x00082d24                vPortEnterCritical
 .text.vPortExitCritical
                0x00082d68       0x38 src/asf/thirdparty/FreeRTOS/portable/GCC/ARM_CM3/port.o
                0x00082d68                vPortExitCritical
 .text.ulPortSetInterruptMask
                0x00082da0       0x14 src/asf/thirdparty/FreeRTOS/portable/GCC/ARM_CM3/port.o
                0x00082da0                ulPortSetInterruptMask
 .text.vPortClearInterruptMask
                0x00082db4        0x8 src/asf/thirdparty/FreeRTOS/portable/GCC/ARM_CM3/port.o
                0x00082db4                vPortClearInterruptMask
 .text.PendSV_Handler
                0x00082dbc       0x44 src/asf/thirdparty/FreeRTOS/portable/GCC/ARM_CM3/port.o
                0x00082dbc                PendSV_Handler
 .text.SysTick_Handler
                0x00082e00       0x34 src/asf/thirdparty/FreeRTOS/portable/GCC/ARM_CM3/port.o
                0x00082e00                SysTick_Handler
 .text.vPortSetupTimerInterrupt
                0x00082e34       0x34 src/asf/thirdparty/FreeRTOS/portable/GCC/ARM_CM3/port.o
                0x00082e34                vPortSetupTimerInterrupt
 .text.vPortValidateInterruptPriority
                0x00082e68       0x5c src/asf/thirdparty/FreeRTOS/portable/GCC/ARM_CM3/port.o
                0x00082e68                vPortValidateInterruptPriority
 .text.pvPortMalloc
                0x00082ec4      0x178 src/asf/thirdparty/FreeRTOS/portable/MemMang/heap_4.o
                0x00082ec4                pvPortMalloc
 .text.vPortFree
                0x0008303c       0xa4 src/asf/thirdparty/FreeRTOS/portable/MemMang/heap_4.o
                0x0008303c                vPortFree
 .text.prvHeapInit
                0x000830e0       0xc4 src/asf/thirdparty/FreeRTOS/portable/MemMang/heap_4.o
 .text.prvInsertBlockIntoFreeList
                0x000831a4       0xb0 src/asf/thirdparty/FreeRTOS/portable/MemMang/heap_4.o
 .text.xQueueGenericReset
                0x00083254       0xc8 src/asf/thirdparty/FreeRTOS/queue.o
                0x00083254                xQueueGenericReset
 .text.xQueueGenericCreate
                0x0008331c       0x8c src/asf/thirdparty/FreeRTOS/queue.o
                0x0008331c                xQueueGenericCreate
 .text.xQueueGenericSend
                0x000833a8      0x1c4 src/asf/thirdparty/FreeRTOS/queue.o
                0x000833a8                xQueueGenericSend
 .text.xQueueGenericSendFromISR
                0x0008356c       0xfc src/asf/thirdparty/FreeRTOS/queue.o
                0x0008356c                xQueueGenericSendFromISR
 .text.xQueueGenericReceive
                0x00083668      0x1fc src/asf/thirdparty/FreeRTOS/queue.o
                0x00083668                xQueueGenericReceive
 .text.prvCopyDataToQueue
                0x00083864       0xe4 src/asf/thirdparty/FreeRTOS/queue.o
 .text.prvCopyDataFromQueue
                0x00083948       0x50 src/asf/thirdparty/FreeRTOS/queue.o
 .text.prvUnlockQueue
                0x00083998       0xa8 src/asf/thirdparty/FreeRTOS/queue.o
 .text.prvIsQueueEmpty
                0x00083a40       0x34 src/asf/thirdparty/FreeRTOS/queue.o
 .text.prvIsQueueFull
                0x00083a74       0x38 src/asf/thirdparty/FreeRTOS/queue.o
 .text.vQueueWaitForMessageRestricted
                0x00083aac       0x68 src/asf/thirdparty/FreeRTOS/queue.o
                0x00083aac                vQueueWaitForMessageRestricted
 .text.xTaskGenericCreate
                0x00083b14      0x180 src/asf/thirdparty/FreeRTOS/tasks.o
                0x00083b14                xTaskGenericCreate
 .text.vTaskDelayUntil
                0x00083c94       0xfc src/asf/thirdparty/FreeRTOS/tasks.o
                0x00083c94                vTaskDelayUntil
 .text.vTaskStartScheduler
                0x00083d90       0x80 src/asf/thirdparty/FreeRTOS/tasks.o
                0x00083d90                vTaskStartScheduler
 .text.vTaskSuspendAll
                0x00083e10       0x1c src/asf/thirdparty/FreeRTOS/tasks.o
                0x00083e10                vTaskSuspendAll
 .text.xTaskResumeAll
                0x00083e2c      0x124 src/asf/thirdparty/FreeRTOS/tasks.o
                0x00083e2c                xTaskResumeAll
 .text.xTaskGetTickCount
                0x00083f50       0x2c src/asf/thirdparty/FreeRTOS/tasks.o
                0x00083f50                xTaskGetTickCount
 .text.xTaskIncrementTick
                0x00083f7c      0x17c src/asf/thirdparty/FreeRTOS/tasks.o
                0x00083f7c                xTaskIncrementTick
 .text.vTaskSwitchContext
                0x000840f8       0xfc src/asf/thirdparty/FreeRTOS/tasks.o
                0x000840f8                vTaskSwitchContext
 .text.vTaskPlaceOnEventList
                0x000841f4       0xa0 src/asf/thirdparty/FreeRTOS/tasks.o
                0x000841f4                vTaskPlaceOnEventList
 .text.vTaskPlaceOnEventListRestricted
                0x00084294       0x80 src/asf/thirdparty/FreeRTOS/tasks.o
                0x00084294                vTaskPlaceOnEventListRestricted
 .text.xTaskRemoveFromEventList
                0x00084314       0xc0 src/asf/thirdparty/FreeRTOS/tasks.o
                0x00084314                xTaskRemoveFromEventList
 .text.vTaskSetTimeOutState
                0x000843d4       0x38 src/asf/thirdparty/FreeRTOS/tasks.o
                0x000843d4                vTaskSetTimeOutState
 .text.xTaskCheckForTimeOut
                0x0008440c       0xb0 src/asf/thirdparty/FreeRTOS/tasks.o
                0x0008440c                xTaskCheckForTimeOut
 .text.vTaskMissedYield
                0x000844bc       0x18 src/asf/thirdparty/FreeRTOS/tasks.o
                0x000844bc                vTaskMissedYield
 .text.prvIdleTask
                0x000844d4       0x28 src/asf/thirdparty/FreeRTOS/tasks.o
 .text.prvInitialiseTCBVariables
                0x000844fc       0x98 src/asf/thirdparty/FreeRTOS/tasks.o
 .text.prvInitialiseTaskLists
                0x00084594       0x80 src/asf/thirdparty/FreeRTOS/tasks.o
 .text.prvCheckTasksWaitingTermination
                0x00084614       0x8c src/asf/thirdparty/FreeRTOS/tasks.o
 .text.prvAddCurrentTaskToDelayedList
                0x000846a0       0x70 src/asf/thirdparty/FreeRTOS/tasks.o
 .text.prvAllocateTCBAndStack
                0x00084710       0x70 src/asf/thirdparty/FreeRTOS/tasks.o
 .text.prvDeleteTCB
                0x00084780       0x24 src/asf/thirdparty/FreeRTOS/tasks.o
 .text.prvResetNextTaskUnblockTime
                0x000847a4       0x48 src/asf/thirdparty/FreeRTOS/tasks.o
 .text.xTaskGetSchedulerState
                0x000847ec       0x3c src/asf/thirdparty/FreeRTOS/tasks.o
                0x000847ec                xTaskGetSchedulerState
 .text.vTaskPriorityInherit
                0x00084828       0xf4 src/asf/thirdparty/FreeRTOS/tasks.o
                0x00084828                vTaskPriorityInherit
 .text.xTaskPriorityDisinherit
                0x0008491c       0xe4 src/asf/thirdparty/FreeRTOS/tasks.o
                0x0008491c                xTaskPriorityDisinherit
 .text.pvTaskIncrementMutexHeldCount
                0x00084a00       0x28 src/asf/thirdparty/FreeRTOS/tasks.o
                0x00084a00                pvTaskIncrementMutexHeldCount
 .text.xTimerCreateTimerTask
                0x00084a28       0x64 src/asf/thirdparty/FreeRTOS/timers.o
                0x00084a28                xTimerCreateTimerTask
 .text.xTimerGenericCommand
                0x00084a8c       0x98 src/asf/thirdparty/FreeRTOS/timers.o
                0x00084a8c                xTimerGenericCommand
 .text.prvProcessExpiredTimer
                0x00084b24       0x80 src/asf/thirdparty/FreeRTOS/timers.o
 .text.prvTimerTask
                0x00084ba4       0x30 src/asf/thirdparty/FreeRTOS/timers.o
 .text.prvProcessTimerOrBlockTask
                0x00084bd4       0x84 src/asf/thirdparty/FreeRTOS/timers.o
 .text.prvGetNextExpireTime
                0x00084c58       0x48 src/asf/thirdparty/FreeRTOS/timers.o
 .text.prvSampleTimeNow
                0x00084ca0       0x48 src/asf/thirdparty/FreeRTOS/timers.o
 .text.prvInsertTimerInActiveList
                0x00084ce8       0x88 src/asf/thirdparty/FreeRTOS/timers.o
 .text.prvProcessReceivedCommands
                0x00084d70      0x12c src/asf/thirdparty/FreeRTOS/timers.o
 .text.prvSwitchTimerLists
                0x00084e9c       0xc0 src/asf/thirdparty/FreeRTOS/timers.o
 .text.prvCheckForValidListAndQueue
                0x00084f5c       0x74 src/asf/thirdparty/FreeRTOS/timers.o
 .text.NVIC_EnableIRQ
                0x00084fd0       0x30 src/can_func.o
 .text.osc_get_rate
                0x00085000       0x74 src/can_func.o
 .text.sysclk_get_main_hz
                0x00085074       0x1c src/can_func.o
 .text.sysclk_get_cpu_hz
                0x00085090       0x14 src/can_func.o
 .text.CAN1_Handler
                0x000850a4       0xe4 src/can_func.o
                0x000850a4                CAN1_Handler
 .text.CAN0_Handler
                0x00085188       0xa0 src/can_func.o
                0x00085188                CAN0_Handler
 .text.decode_can_msg
                0x00085228       0xc0 src/can_func.o
                0x00085228                decode_can_msg
 .text.reset_mailbox_conf
                0x000852e8       0x54 src/can_func.o
                0x000852e8                reset_mailbox_conf
 .text.send_can_command
                0x0008533c       0xb0 src/can_func.o
                0x0008533c                send_can_command
 .text.request_housekeeping
                0x000853ec       0xac src/can_func.o
                0x000853ec                request_housekeeping
 .text.save_can_object
                0x00085498       0x70 src/can_func.o
                0x00085498                save_can_object
 .text.restore_can_object
                0x00085508       0x70 src/can_func.o
                0x00085508                restore_can_object
 .text.can_initialize
                0x00085578      0x144 src/can_func.o
                0x00085578                can_initialize
 .text.can_init_mailboxes
                0x000856bc      0x11c src/can_func.o
                0x000856bc                can_init_mailboxes
 .text.NVIC_SetPriorityGrouping
                0x000857d8       0x48 src/main.o
 .text.main     0x00085820       0x40 src/main.o
                0x00085820                main
 .text.prvSetupHardware
                0x00085860       0x40 src/main.o
 .text.prvInitializeMutexes
                0x000858a0       0x20 src/main.o
 .text.vApplicationMallocFailedHook
                0x000858c0       0x10 src/main.o
                0x000858c0                vApplicationMallocFailedHook
 .text.vApplicationStackOverflowHook
                0x000858d0       0x14 src/main.o
                0x000858d0                vApplicationStackOverflowHook
 .text.WDT_Handler
                0x000858e4       0x28 src/main.o
                0x000858e4                WDT_Handler
 .text.my_blink
                0x0008590c       0x60 my_blink.o
                0x0008590c                my_blink
 .text.prvTurnOnTask
                0x0008596c       0x28 my_blink.o
 .text.prvTurnOffTask
                0x00085994       0x28 my_blink.o
 .text          0x000859bc      0x370 c:/program files (x86)/atmel/atmel toolchain/arm gcc/native/4.8.1437/arm-gnu-toolchain/bin/../lib/gcc/arm-none-eabi/4.8.4/armv7-m\libgcc.a(_arm_addsubdf3.o)
                0x000859bc                __aeabi_drsub
                0x000859c4                __aeabi_dsub
                0x000859c4                __subdf3
                0x000859c8                __aeabi_dadd
                0x000859c8                __adddf3
                0x00085c40                __floatunsidf
                0x00085c40                __aeabi_ui2d
                0x00085c60                __floatsidf
                0x00085c60                __aeabi_i2d
                0x00085c84                __aeabi_f2d
                0x00085c84                __extendsfdf2
                0x00085cc0                __floatundidf
                0x00085cc0                __aeabi_ul2d
                0x00085cd0                __floatdidf
                0x00085cd0                __aeabi_l2d
 .text          0x00085d2c       0xa0 c:/program files (x86)/atmel/atmel toolchain/arm gcc/native/4.8.1437/arm-gnu-toolchain/bin/../lib/gcc/arm-none-eabi/4.8.4/armv7-m\libgcc.a(_arm_truncdfsf2.o)
                0x00085d2c                __truncdfsf2
                0x00085d2c                __aeabi_d2f
 .text          0x00085dcc      0x21c c:/program files (x86)/atmel/atmel toolchain/arm gcc/native/4.8.1437/arm-gnu-toolchain/bin/../lib/gcc/arm-none-eabi/4.8.4/armv7-m\libgcc.a(_arm_addsubsf3.o)
                0x00085dcc                __aeabi_frsub
                0x00085dd4                __subsf3
                0x00085dd4                __aeabi_fsub
                0x00085dd8                __aeabi_fadd
                0x00085dd8                __addsf3
                0x00085f38                __aeabi_ui2f
                0x00085f38                __floatunsisf
                0x00085f40                __aeabi_i2f
                0x00085f40                __floatsisf
                0x00085f5c                __aeabi_ul2f
                0x00085f5c                __floatundisf
                0x00085f6c                __aeabi_l2f
                0x00085f6c                __floatdisf
 .text          0x00085fe8      0x2a0 c:/program files (x86)/atmel/atmel toolchain/arm gcc/native/4.8.1437/arm-gnu-toolchain/bin/../lib/gcc/arm-none-eabi/4.8.4/armv7-m\libgcc.a(_arm_muldivsf3.o)
                0x00085fe8                __mulsf3
                0x00085fe8                __aeabi_fmul
                0x00086150                __aeabi_fdiv
                0x00086150                __divsf3
 .text          0x00086288       0x40 c:/program files (x86)/atmel/atmel toolchain/arm gcc/native/4.8.1437/arm-gnu-toolchain/bin/../lib/gcc/arm-none-eabi/4.8.4/armv7-m\libgcc.a(_arm_fixunssfsi.o)
                0x00086288                __fixunssfsi
                0x00086288                __aeabi_f2uiz
 .text.__libc_init_array
                0x000862c8       0x50 c:/program files (x86)/atmel/atmel toolchain/arm gcc/native/4.8.1437/arm-gnu-toolchain/bin/../lib/gcc/arm-none-eabi/4.8.4/../../../../arm-none-eabi/lib/armv7-m\libc.a(lib_a-init.o)
                0x000862c8                __libc_init_array
 .text.memcmp   0x00086318       0x68 c:/program files (x86)/atmel/atmel toolchain/arm gcc/native/4.8.1437/arm-gnu-toolchain/bin/../lib/gcc/arm-none-eabi/4.8.4/../../../../arm-none-eabi/lib/armv7-m\libc.a(lib_a-memcmp.o)
                0x00086318                memcmp
 .text          0x00086380       0xec c:/program files (x86)/atmel/atmel toolchain/arm gcc/native/4.8.1437/arm-gnu-toolchain/bin/../lib/gcc/arm-none-eabi/4.8.4/../../../../arm-none-eabi/lib/armv7-m\libc.a(lib_a-memcpy.o)
                0x00086380                memcpy
 .text.memset   0x0008646c       0x94 c:/program files (x86)/atmel/atmel toolchain/arm gcc/native/4.8.1437/arm-gnu-toolchain/bin/../lib/gcc/arm-none-eabi/4.8.4/../../../../arm-none-eabi/lib/armv7-m\libc.a(lib_a-memset.o)
                0x0008646c                memset
 .text.startup.register_fini
                0x00086500       0x14 c:/program files (x86)/atmel/atmel toolchain/arm gcc/native/4.8.1437/arm-gnu-toolchain/bin/../lib/gcc/arm-none-eabi/4.8.4/../../../../arm-none-eabi/lib/armv7-m\libc.a(lib_a-__call_atexit.o)
 .text.atexit   0x00086514        0xc c:/program files (x86)/atmel/atmel toolchain/arm gcc/native/4.8.1437/arm-gnu-toolchain/bin/../lib/gcc/arm-none-eabi/4.8.4/../../../../arm-none-eabi/lib/armv7-m\libc.a(lib_a-atexit.o)
                0x00086514                atexit
 .text.__libc_fini_array
                0x00086520       0x30 c:/program files (x86)/atmel/atmel toolchain/arm gcc/native/4.8.1437/arm-gnu-toolchain/bin/../lib/gcc/arm-none-eabi/4.8.4/../../../../arm-none-eabi/lib/armv7-m\libc.a(lib_a-fini.o)
                0x00086520                __libc_fini_array
 .text.__register_exitproc
                0x00086550       0xa8 c:/program files (x86)/atmel/atmel toolchain/arm gcc/native/4.8.1437/arm-gnu-toolchain/bin/../lib/gcc/arm-none-eabi/4.8.4/../../../../arm-none-eabi/lib/armv7-m\libc.a(lib_a-__atexit.o)
                0x00086550                __register_exitproc
 *(.glue_7t)
 .glue_7t       0x00000000        0x0 linker stubs
 *(.glue_7)
 .glue_7        0x00000000        0x0 linker stubs
 *(.rodata .rodata* .gnu.linkonce.r.*)
 .rodata        0x000865f8        0x4 src/command_test.o
 .rodata        0x000865fc        0x4 src/data_collect.o
 .rodata        0x00086600        0x4 src/housekeep.o
 .rodata.ulLED  0x00086604       0x10 src/ParTest.o
 .rodata        0x00086614       0xa8 src/usart_func.o
 .rodata.can_bit_time
                0x000866bc       0x6c src/asf/sam/drivers/can/can.o
                0x000866bc                can_bit_time
 .rodata        0x00086728        0x8 src/asf/thirdparty/FreeRTOS/tasks.o
 .rodata.ucExpectedStackBytes.5295
                0x00086730       0x14 src/asf/thirdparty/FreeRTOS/tasks.o
 .rodata        0x00086744        0x8 src/asf/thirdparty/FreeRTOS/timers.o
 .rodata        0x0008674c        0x8 my_blink.o
 .rodata.str1.4
                0x00086754        0x4 c:/program files (x86)/atmel/atmel toolchain/arm gcc/native/4.8.1437/arm-gnu-toolchain/bin/../lib/gcc/arm-none-eabi/4.8.4/../../../../arm-none-eabi/lib/armv7-m\libc.a(lib_a-impure.o)
 .rodata._global_impure_ptr
                0x00086758        0x4 c:/program files (x86)/atmel/atmel toolchain/arm gcc/native/4.8.1437/arm-gnu-toolchain/bin/../lib/gcc/arm-none-eabi/4.8.4/../../../../arm-none-eabi/lib/armv7-m\libc.a(lib_a-impure.o)
                0x00086758                _global_impure_ptr
 *(.ARM.extab* .gnu.linkonce.armextab.*)
                0x0008675c                . = ALIGN (0x4)
 *(.init)
 .init          0x0008675c        0x4 c:/program files (x86)/atmel/atmel toolchain/arm gcc/native/4.8.1437/arm-gnu-toolchain/bin/../lib/gcc/arm-none-eabi/4.8.4/armv7-m/crti.o
                0x0008675c                _init
 .init          0x00086760        0x8 c:/program files (x86)/atmel/atmel toolchain/arm gcc/native/4.8.1437/arm-gnu-toolchain/bin/../lib/gcc/arm-none-eabi/4.8.4/armv7-m/crtn.o
                0x00086768                . = ALIGN (0x4)
                0x00086768                __preinit_array_start = .
 *(.preinit_array)
                0x00086768                __preinit_array_end = .
                0x00086768                . = ALIGN (0x4)
                0x00086768                __init_array_start = .
 *(SORT(.init_array.*))
 .init_array.00000
                0x00086768        0x4 c:/program files (x86)/atmel/atmel toolchain/arm gcc/native/4.8.1437/arm-gnu-toolchain/bin/../lib/gcc/arm-none-eabi/4.8.4/../../../../arm-none-eabi/lib/armv7-m\libc.a(lib_a-__call_atexit.o)
 *(.init_array)
 .init_array    0x0008676c        0x4 c:/program files (x86)/atmel/atmel toolchain/arm gcc/native/4.8.1437/arm-gnu-toolchain/bin/../lib/gcc/arm-none-eabi/4.8.4/armv7-m/crtbegin.o
                0x00086770                __init_array_end = .
                0x00086770                . = ALIGN (0x4)
 *crtbegin.o(.ctors)
 *(EXCLUDE_FILE(*crtend.o) .ctors)
 *(SORT(.ctors.*))
 *crtend.o(.ctors)
                0x00086770                . = ALIGN (0x4)
 *(.fini)
 .fini          0x00086770        0x4 c:/program files (x86)/atmel/atmel toolchain/arm gcc/native/4.8.1437/arm-gnu-toolchain/bin/../lib/gcc/arm-none-eabi/4.8.4/armv7-m/crti.o
                0x00086770                _fini
 .fini          0x00086774        0x8 c:/program files (x86)/atmel/atmel toolchain/arm gcc/native/4.8.1437/arm-gnu-toolchain/bin/../lib/gcc/arm-none-eabi/4.8.4/armv7-m/crtn.o
                0x0008677c                . = ALIGN (0x4)
                0x0008677c                __fini_array_start = .
 *(.fini_array)
 .fini_array    0x0008677c        0x4 c:/program files (x86)/atmel/atmel toolchain/arm gcc/native/4.8.1437/arm-gnu-toolchain/bin/../lib/gcc/arm-none-eabi/4.8.4/armv7-m/crtbegin.o
 *(SORT(.fini_array.*))
                0x00086780                __fini_array_end = .
 *crtbegin.o(.dtors)
 *(EXCLUDE_FILE(*crtend.o) .dtors)
 *(SORT(.dtors.*))
 *crtend.o(.dtors)
                0x00086780                . = ALIGN (0x4)
                0x00086780                _efixed = .
                0x00086780                PROVIDE (__exidx_start, .)

.vfp11_veneer   0x00086780        0x0
 .vfp11_veneer  0x00000000        0x0 linker stubs

.v4_bx          0x00086780        0x0
 .v4_bx         0x00000000        0x0 linker stubs

.iplt           0x00086780        0x0
 .iplt          0x00000000        0x0 c:/program files (x86)/atmel/atmel toolchain/arm gcc/native/4.8.1437/arm-gnu-toolchain/bin/../lib/gcc/arm-none-eabi/4.8.4/armv7-m/crtbegin.o

.eh_frame       0x00086780        0x0
 .eh_frame      0x00086780        0x0 c:/program files (x86)/atmel/atmel toolchain/arm gcc/native/4.8.1437/arm-gnu-toolchain/bin/../lib/gcc/arm-none-eabi/4.8.4/armv7-m/crtbegin.o

.rel.dyn        0x00086780        0x0
 .rel.iplt      0x00000000        0x0 c:/program files (x86)/atmel/atmel toolchain/arm gcc/native/4.8.1437/arm-gnu-toolchain/bin/../lib/gcc/arm-none-eabi/4.8.4/armv7-m/crtbegin.o

.jcr            0x00086780        0x0
 .jcr           0x00086780        0x0 c:/program files (x86)/atmel/atmel toolchain/arm gcc/native/4.8.1437/arm-gnu-toolchain/bin/../lib/gcc/arm-none-eabi/4.8.4/armv7-m/crtbegin.o

.igot.plt       0x00086780        0x0
 .igot.plt      0x00000000        0x0 c:/program files (x86)/atmel/atmel toolchain/arm gcc/native/4.8.1437/arm-gnu-toolchain/bin/../lib/gcc/arm-none-eabi/4.8.4/armv7-m/crtbegin.o

.ARM.exidx
 *(.ARM.exidx* .gnu.linkonce.armexidx.*)
                0x00086780                PROVIDE (__exidx_end, .)
                0x00086780                . = ALIGN (0x4)
                0x00086780                _etext = .

.relocate       0x20070000      0x438 load address 0x00086780
                0x20070000                . = ALIGN (0x4)
                0x20070000                _srelocate = .
 *(.ramfunc .ramfunc.*)
 *(.data .data.*)
 .data.gs_ul_spi_cmd
                0x20070000        0x4 src/spi_func.o
 .data.SystemCoreClock
                0x20070004        0x4 src/asf/sam/utils/cmsis/sam3x/source/templates/system_sam3x.o
                0x20070004                SystemCoreClock
 .data.uxCriticalNesting
                0x20070008        0x4 src/asf/thirdparty/FreeRTOS/portable/GCC/ARM_CM3/port.o
 .data.xNextTaskUnblockTime
                0x2007000c        0x4 src/asf/thirdparty/FreeRTOS/tasks.o
 .data.impure_data
                0x20070010      0x428 c:/program files (x86)/atmel/atmel toolchain/arm gcc/native/4.8.1437/arm-gnu-toolchain/bin/../lib/gcc/arm-none-eabi/4.8.4/../../../../arm-none-eabi/lib/armv7-m\libc.a(lib_a-impure.o)
                0x20070438                . = ALIGN (0x4)
                0x20070438                _erelocate = .

.bss            0x20070438     0xa328 load address 0x00086bb8
                0x20070438                . = ALIGN (0x4)
                0x20070438                _sbss = .
                0x20070438                _szero = .
 *(.bss .bss.*)
 .bss           0x20070438       0x1c c:/program files (x86)/atmel/atmel toolchain/arm gcc/native/4.8.1437/arm-gnu-toolchain/bin/../lib/gcc/arm-none-eabi/4.8.4/armv7-m/crtbegin.o
 .bss.reg_value.7393
                0x20070454        0x4 src/asf/sam/drivers/spi/spi.o
 .bss.gs_ul_spi_state
                0x20070458        0x4 src/spi_func.o
 .bss.gs_puc_transfer_buffer
                0x2007045c        0x4 src/spi_func.o
 .bss.gs_ul_transfer_index
                0x20070460        0x4 src/spi_func.o
 .bss.gs_ul_transfer_length
                0x20070464        0x4 src/spi_func.o
 .bss.gs_spi_status
                0x20070468       0x58 src/spi_func.o
 .bss.data.7820
                0x200704c0        0x2 src/spi_func.o
 *fill*         0x200704c2        0x2 
 .bss.gs_ul_read_buffer
                0x200704c4        0x4 src/usart_func.o
 .bss.gs_uc_trans_mode
                0x200704c8        0x1 src/usart_func.o
 .bss.command_start
                0x200704c9        0x1 src/usart_func.o
 .bss.command_end
                0x200704ca        0x1 src/usart_func.o
 *fill*         0x200704cb        0x1 
 .bss.command_array
                0x200704cc        0xc src/usart_func.o
 .bss.array_pos
                0x200704d8        0x1 src/usart_func.o
 *fill*         0x200704d9        0x3 
 .bss.gs_interrupt_sources
                0x200704dc       0x70 src/asf/sam/drivers/pio/pio_handler.o
 .bss.ul_reg_val.7078
                0x2007054c        0x4 src/asf/sam/drivers/usart/usart.o
 .bss.ucMaxSysCallPriority
                0x20070550        0x1 src/asf/thirdparty/FreeRTOS/portable/GCC/ARM_CM3/port.o
 *fill*         0x20070551        0x3 
 .bss.ulMaxPRIGROUPValue
                0x20070554        0x4 src/asf/thirdparty/FreeRTOS/portable/GCC/ARM_CM3/port.o
 .bss.ucHeap    0x20070558     0xa000 src/asf/thirdparty/FreeRTOS/portable/MemMang/heap_4.o
 .bss.xStart    0x2007a558        0x8 src/asf/thirdparty/FreeRTOS/portable/MemMang/heap_4.o
 .bss.pxEnd     0x2007a560        0x4 src/asf/thirdparty/FreeRTOS/portable/MemMang/heap_4.o
 .bss.xFreeBytesRemaining
                0x2007a564        0x4 src/asf/thirdparty/FreeRTOS/portable/MemMang/heap_4.o
 .bss.xMinimumEverFreeBytesRemaining
                0x2007a568        0x4 src/asf/thirdparty/FreeRTOS/portable/MemMang/heap_4.o
 .bss.xBlockAllocatedBit
                0x2007a56c        0x4 src/asf/thirdparty/FreeRTOS/portable/MemMang/heap_4.o
 .bss.pxCurrentTCB
                0x2007a570        0x4 src/asf/thirdparty/FreeRTOS/tasks.o
                0x2007a570                pxCurrentTCB
 .bss.pxReadyTasksLists
                0x2007a574       0x64 src/asf/thirdparty/FreeRTOS/tasks.o
 .bss.xDelayedTaskList1
                0x2007a5d8       0x14 src/asf/thirdparty/FreeRTOS/tasks.o
 .bss.xDelayedTaskList2
                0x2007a5ec       0x14 src/asf/thirdparty/FreeRTOS/tasks.o
 .bss.pxDelayedTaskList
                0x2007a600        0x4 src/asf/thirdparty/FreeRTOS/tasks.o
 .bss.pxOverflowDelayedTaskList
                0x2007a604        0x4 src/asf/thirdparty/FreeRTOS/tasks.o
 .bss.xPendingReadyList
                0x2007a608       0x14 src/asf/thirdparty/FreeRTOS/tasks.o
 .bss.xTasksWaitingTermination
                0x2007a61c       0x14 src/asf/thirdparty/FreeRTOS/tasks.o
 .bss.uxTasksDeleted
                0x2007a630        0x4 src/asf/thirdparty/FreeRTOS/tasks.o
 .bss.xSuspendedTaskList
                0x2007a634       0x14 src/asf/thirdparty/FreeRTOS/tasks.o
 .bss.uxCurrentNumberOfTasks
                0x2007a648        0x4 src/asf/thirdparty/FreeRTOS/tasks.o
 .bss.xTickCount
                0x2007a64c        0x4 src/asf/thirdparty/FreeRTOS/tasks.o
 .bss.uxTopReadyPriority
                0x2007a650        0x4 src/asf/thirdparty/FreeRTOS/tasks.o
 .bss.xSchedulerRunning
                0x2007a654        0x4 src/asf/thirdparty/FreeRTOS/tasks.o
 .bss.uxPendedTicks
                0x2007a658        0x4 src/asf/thirdparty/FreeRTOS/tasks.o
 .bss.xYieldPending
                0x2007a65c        0x4 src/asf/thirdparty/FreeRTOS/tasks.o
 .bss.xNumOfOverflows
                0x2007a660        0x4 src/asf/thirdparty/FreeRTOS/tasks.o
 .bss.uxTaskNumber
                0x2007a664        0x4 src/asf/thirdparty/FreeRTOS/tasks.o
 .bss.uxSchedulerSuspended
                0x2007a668        0x4 src/asf/thirdparty/FreeRTOS/tasks.o
 .bss.xActiveTimerList1
                0x2007a66c       0x14 src/asf/thirdparty/FreeRTOS/timers.o
 .bss.xActiveTimerList2
                0x2007a680       0x14 src/asf/thirdparty/FreeRTOS/timers.o
 .bss.pxCurrentTimerList
                0x2007a694        0x4 src/asf/thirdparty/FreeRTOS/timers.o
 .bss.pxOverflowTimerList
                0x2007a698        0x4 src/asf/thirdparty/FreeRTOS/timers.o
 .bss.xTimerQueue
                0x2007a69c        0x4 src/asf/thirdparty/FreeRTOS/timers.o
 .bss.xLastTime.5147
                0x2007a6a0        0x4 src/asf/thirdparty/FreeRTOS/timers.o
 .bss.g_ul_recv_status
                0x2007a6a4        0x4 src/can_func.o
                0x2007a6a4                g_ul_recv_status
 *(COMMON)
 COMMON         0x2007a6a8       0xb8 src/command_test.o
                0x2007a6a8                can_glob_hk_reg
                0x2007a6b0                glob_stored_data
                0x2007a6b8                can1_mailbox
                0x2007a6d8                glob_drf
                0x2007a6dc                can1_transceiver
                0x2007a6e4                can_glob_data_reg
                0x2007a6ec                temp_mailbox_C1
                0x2007a70c                Can1_Mutex
                0x2007a710                can0_mailbox
                0x2007a730                temp_mailbox_C0
                0x2007a750                can0_transceiver
                0x2007a758                can_glob_com_reg
                0x2007a760                . = ALIGN (0x4)
                0x2007a760                _ebss = .
                0x2007a760                _ezero = .

.stack          0x2007a760     0x2000 load address 0x00090ee0
                0x2007a760                . = ALIGN (0x8)
                0x2007a760                _sstack = .
                0x2007c760                . = (. + STACK_SIZE)
 *fill*         0x2007a760     0x2000 
                0x2007c760                . = ALIGN (0x8)
                0x2007c760                _estack = .
                0x2007c760                . = ALIGN (0x4)
                0x2007c760                _end = .
OUTPUT(Main_Program.elf elf32-littlearm)

.ARM.attributes
                0x00000000       0x29
 .ARM.attributes
                0x00000000       0x1d c:/program files (x86)/atmel/atmel toolchain/arm gcc/native/4.8.1437/arm-gnu-toolchain/bin/../lib/gcc/arm-none-eabi/4.8.4/armv7-m/crti.o
 .ARM.attributes
                0x0000001d       0x2d c:/program files (x86)/atmel/atmel toolchain/arm gcc/native/4.8.1437/arm-gnu-toolchain/bin/../lib/gcc/arm-none-eabi/4.8.4/armv7-m/crtbegin.o
 .ARM.attributes
                0x0000004a       0x33 src/asf/sam/drivers/spi/spi.o
 .ARM.attributes
                0x0000007d       0x33 src/command_test.o
 .ARM.attributes
                0x000000b0       0x33 src/data_collect.o
 .ARM.attributes
                0x000000e3       0x33 src/housekeep.o
 .ARM.attributes
                0x00000116       0x33 src/ParTest.o
 .ARM.attributes
                0x00000149       0x33 src/spi_func.o
 .ARM.attributes
                0x0000017c       0x33 src/usart_func.o
 .ARM.attributes
                0x000001af       0x33 src/asf/common/services/clock/sam3x/sysclk.o
 .ARM.attributes
                0x000001e2       0x33 src/asf/sam/boards/sam3x_ek/init.o
 .ARM.attributes
                0x00000215       0x33 src/asf/sam/components/can/sn65hvd234.o
 .ARM.attributes
                0x00000248       0x33 src/asf/sam/drivers/can/can.o
 .ARM.attributes
                0x0000027b       0x33 src/asf/sam/drivers/pio/pio.o
 .ARM.attributes
                0x000002ae       0x33 src/asf/sam/drivers/pio/pio_handler.o
 .ARM.attributes
                0x000002e1       0x33 src/asf/sam/drivers/pmc/pmc.o
 .ARM.attributes
                0x00000314       0x33 src/asf/sam/drivers/usart/usart.o
 .ARM.attributes
                0x00000347       0x33 src/asf/sam/drivers/wdt/wdt.o
 .ARM.attributes
                0x0000037a       0x33 src/asf/sam/utils/cmsis/sam3x/source/templates/exceptions.o
 .ARM.attributes
                0x000003ad       0x33 src/asf/sam/utils/cmsis/sam3x/source/templates/gcc/startup_sam3x.o
 .ARM.attributes
                0x000003e0       0x33 src/asf/sam/utils/cmsis/sam3x/source/templates/system_sam3x.o
 .ARM.attributes
                0x00000413       0x33 src/asf/thirdparty/FreeRTOS/list.o
 .ARM.attributes
                0x00000446       0x33 src/asf/thirdparty/FreeRTOS/portable/GCC/ARM_CM3/port.o
 .ARM.attributes
                0x00000479       0x33 src/asf/thirdparty/FreeRTOS/portable/MemMang/heap_4.o
 .ARM.attributes
                0x000004ac       0x33 src/asf/thirdparty/FreeRTOS/queue.o
 .ARM.attributes
                0x000004df       0x33 src/asf/thirdparty/FreeRTOS/tasks.o
 .ARM.attributes
                0x00000512       0x33 src/asf/thirdparty/FreeRTOS/timers.o
 .ARM.attributes
                0x00000545       0x33 src/can_func.o
 .ARM.attributes
                0x00000578       0x33 src/main.o
 .ARM.attributes
                0x000005ab       0x33 my_blink.o
 .ARM.attributes
                0x000005de       0x1d c:/program files (x86)/atmel/atmel toolchain/arm gcc/native/4.8.1437/arm-gnu-toolchain/bin/../lib/gcc/arm-none-eabi/4.8.4/armv7-m\libgcc.a(_arm_addsubdf3.o)
 .ARM.attributes
                0x000005fb       0x1d c:/program files (x86)/atmel/atmel toolchain/arm gcc/native/4.8.1437/arm-gnu-toolchain/bin/../lib/gcc/arm-none-eabi/4.8.4/armv7-m\libgcc.a(_arm_truncdfsf2.o)
 .ARM.attributes
                0x00000618       0x1d c:/program files (x86)/atmel/atmel toolchain/arm gcc/native/4.8.1437/arm-gnu-toolchain/bin/../lib/gcc/arm-none-eabi/4.8.4/armv7-m\libgcc.a(_arm_addsubsf3.o)
 .ARM.attributes
                0x00000635       0x1d c:/program files (x86)/atmel/atmel toolchain/arm gcc/native/4.8.1437/arm-gnu-toolchain/bin/../lib/gcc/arm-none-eabi/4.8.4/armv7-m\libgcc.a(_arm_muldivsf3.o)
 .ARM.attributes
                0x00000652       0x1d c:/program files (x86)/atmel/atmel toolchain/arm gcc/native/4.8.1437/arm-gnu-toolchain/bin/../lib/gcc/arm-none-eabi/4.8.4/armv7-m\libgcc.a(_arm_fixunssfsi.o)
 .ARM.attributes
                0x0000066f       0x2d c:/program files (x86)/atmel/atmel toolchain/arm gcc/native/4.8.1437/arm-gnu-toolchain/bin/../lib/gcc/arm-none-eabi/4.8.4/../../../../arm-none-eabi/lib/armv7-m\libc.a(lib_a-impure.o)
 .ARM.attributes
                0x0000069c       0x2d c:/program files (x86)/atmel/atmel toolchain/arm gcc/native/4.8.1437/arm-gnu-toolchain/bin/../lib/gcc/arm-none-eabi/4.8.4/../../../../arm-none-eabi/lib/armv7-m\libc.a(lib_a-init.o)
 .ARM.attributes
                0x000006c9       0x2d c:/program files (x86)/atmel/atmel toolchain/arm gcc/native/4.8.1437/arm-gnu-toolchain/bin/../lib/gcc/arm-none-eabi/4.8.4/../../../../arm-none-eabi/lib/armv7-m\libc.a(lib_a-memcmp.o)
 .ARM.attributes
                0x000006f6       0x1b c:/program files (x86)/atmel/atmel toolchain/arm gcc/native/4.8.1437/arm-gnu-toolchain/bin/../lib/gcc/arm-none-eabi/4.8.4/../../../../arm-none-eabi/lib/armv7-m\libc.a(lib_a-memcpy.o)
 .ARM.attributes
                0x00000711       0x2d c:/program files (x86)/atmel/atmel toolchain/arm gcc/native/4.8.1437/arm-gnu-toolchain/bin/../lib/gcc/arm-none-eabi/4.8.4/../../../../arm-none-eabi/lib/armv7-m\libc.a(lib_a-memset.o)
 .ARM.attributes
                0x0000073e       0x2d c:/program files (x86)/atmel/atmel toolchain/arm gcc/native/4.8.1437/arm-gnu-toolchain/bin/../lib/gcc/arm-none-eabi/4.8.4/../../../../arm-none-eabi/lib/armv7-m\libc.a(lib_a-__call_atexit.o)
 .ARM.attributes
                0x0000076b       0x2d c:/program files (x86)/atmel/atmel toolchain/arm gcc/native/4.8.1437/arm-gnu-toolchain/bin/../lib/gcc/arm-none-eabi/4.8.4/../../../../arm-none-eabi/lib/armv7-m\libc.a(lib_a-atexit.o)
 .ARM.attributes
                0x00000798       0x2d c:/program files (x86)/atmel/atmel toolchain/arm gcc/native/4.8.1437/arm-gnu-toolchain/bin/../lib/gcc/arm-none-eabi/4.8.4/../../../../arm-none-eabi/lib/armv7-m\libc.a(lib_a-fini.o)
 .ARM.attributes
                0x000007c5       0x2d c:/program files (x86)/atmel/atmel toolchain/arm gcc/native/4.8.1437/arm-gnu-toolchain/bin/../lib/gcc/arm-none-eabi/4.8.4/../../../../arm-none-eabi/lib/armv7-m\libc.a(lib_a-__atexit.o)
 .ARM.attributes
                0x000007f2       0x1d c:/program files (x86)/atmel/atmel toolchain/arm gcc/native/4.8.1437/arm-gnu-toolchain/bin/../lib/gcc/arm-none-eabi/4.8.4/armv7-m/crtn.o

.comment        0x00000000       0x5b
 .comment       0x00000000       0x5b src/asf/sam/drivers/spi/spi.o
                                 0x5c (size before relaxing)
 .comment       0x00000000       0x5c src/command_test.o
 .comment       0x00000000       0x5c src/data_collect.o
 .comment       0x00000000       0x5c src/housekeep.o
 .comment       0x00000000       0x5c src/ParTest.o
 .comment       0x00000000       0x5c src/spi_func.o
 .comment       0x00000000       0x5c src/usart_func.o
 .comment       0x00000000       0x5c src/asf/common/services/clock/sam3x/sysclk.o
 .comment       0x00000000       0x5c src/asf/sam/boards/sam3x_ek/init.o
 .comment       0x00000000       0x5c src/asf/sam/components/can/sn65hvd234.o
 .comment       0x00000000       0x5c src/asf/sam/drivers/can/can.o
 .comment       0x00000000       0x5c src/asf/sam/drivers/pio/pio.o
 .comment       0x00000000       0x5c src/asf/sam/drivers/pio/pio_handler.o
 .comment       0x00000000       0x5c src/asf/sam/drivers/pmc/pmc.o
 .comment       0x00000000       0x5c src/asf/sam/drivers/usart/usart.o
 .comment       0x00000000       0x5c src/asf/sam/drivers/wdt/wdt.o
 .comment       0x00000000       0x5c src/asf/sam/utils/cmsis/sam3x/source/templates/exceptions.o
 .comment       0x00000000       0x5c src/asf/sam/utils/cmsis/sam3x/source/templates/gcc/startup_sam3x.o
 .comment       0x00000000       0x5c src/asf/sam/utils/cmsis/sam3x/source/templates/system_sam3x.o
 .comment       0x00000000       0x5c src/asf/thirdparty/FreeRTOS/list.o
 .comment       0x00000000       0x5c src/asf/thirdparty/FreeRTOS/portable/GCC/ARM_CM3/port.o
 .comment       0x00000000       0x5c src/asf/thirdparty/FreeRTOS/portable/MemMang/heap_4.o
 .comment       0x00000000       0x5c src/asf/thirdparty/FreeRTOS/queue.o
 .comment       0x00000000       0x5c src/asf/thirdparty/FreeRTOS/tasks.o
 .comment       0x00000000       0x5c src/asf/thirdparty/FreeRTOS/timers.o
 .comment       0x00000000       0x5c src/can_func.o
 .comment       0x00000000       0x5c src/main.o
 .comment       0x00000000       0x5c my_blink.o

.debug_info     0x00000000     0xe931
 .debug_info    0x00000000      0x769 src/asf/sam/drivers/spi/spi.o
 .debug_info    0x00000769      0x448 src/command_test.o
 .debug_info    0x00000bb1      0x465 src/data_collect.o
 .debug_info    0x00001016      0x41e src/housekeep.o
 .debug_info    0x00001434      0x1e1 src/ParTest.o
 .debug_info    0x00001615      0xacf src/spi_func.o
 .debug_info    0x000020e4     0x1435 src/usart_func.o
 .debug_info    0x00003519      0x668 src/asf/common/services/clock/sam3x/sysclk.o
 .debug_info    0x00003b81      0x585 src/asf/sam/boards/sam3x_ek/init.o
 .debug_info    0x00004106      0x22b src/asf/sam/components/can/sn65hvd234.o
 .debug_info    0x00004331      0xd4e src/asf/sam/drivers/can/can.o
 .debug_info    0x0000507f      0xea8 src/asf/sam/drivers/pio/pio.o
 .debug_info    0x00005f27      0xbfa src/asf/sam/drivers/pio/pio_handler.o
 .debug_info    0x00006b21      0xee6 src/asf/sam/drivers/pmc/pmc.o
 .debug_info    0x00007a07     0x1858 src/asf/sam/drivers/usart/usart.o
 .debug_info    0x0000925f      0x2d1 src/asf/sam/drivers/wdt/wdt.o
 .debug_info    0x00009530       0xba src/asf/sam/utils/cmsis/sam3x/source/templates/exceptions.o
 .debug_info    0x000095ea      0x361 src/asf/sam/utils/cmsis/sam3x/source/templates/gcc/startup_sam3x.o
 .debug_info    0x0000994b      0x47a src/asf/sam/utils/cmsis/sam3x/source/templates/system_sam3x.o
 .debug_info    0x00009dc5      0x2d4 src/asf/thirdparty/FreeRTOS/list.o
 .debug_info    0x0000a099      0x36f src/asf/thirdparty/FreeRTOS/portable/GCC/ARM_CM3/port.o
 .debug_info    0x0000a408      0x339 src/asf/thirdparty/FreeRTOS/portable/MemMang/heap_4.o
 .debug_info    0x0000a741      0xaef src/asf/thirdparty/FreeRTOS/queue.o
 .debug_info    0x0000b230     0x10bc src/asf/thirdparty/FreeRTOS/tasks.o
 .debug_info    0x0000c2ec      0x853 src/asf/thirdparty/FreeRTOS/timers.o
 .debug_info    0x0000cb3f      0xb84 src/can_func.o
 .debug_info    0x0000d6c3     0x112e src/main.o
 .debug_info    0x0000e7f1      0x140 my_blink.o

.debug_abbrev   0x00000000     0x2bb4
 .debug_abbrev  0x00000000      0x1d8 src/asf/sam/drivers/spi/spi.o
 .debug_abbrev  0x000001d8      0x10f src/command_test.o
 .debug_abbrev  0x000002e7      0x125 src/data_collect.o
 .debug_abbrev  0x0000040c      0x10f src/housekeep.o
 .debug_abbrev  0x0000051b       0xdd src/ParTest.o
 .debug_abbrev  0x000005f8      0x2aa src/spi_func.o
 .debug_abbrev  0x000008a2      0x355 src/usart_func.o
 .debug_abbrev  0x00000bf7      0x1c3 src/asf/common/services/clock/sam3x/sysclk.o
 .debug_abbrev  0x00000dba       0xe6 src/asf/sam/boards/sam3x_ek/init.o
 .debug_abbrev  0x00000ea0       0xcd src/asf/sam/components/can/sn65hvd234.o
 .debug_abbrev  0x00000f6d      0x1ed src/asf/sam/drivers/can/can.o
 .debug_abbrev  0x0000115a      0x1c0 src/asf/sam/drivers/pio/pio.o
 .debug_abbrev  0x0000131a      0x1e6 src/asf/sam/drivers/pio/pio_handler.o
 .debug_abbrev  0x00001500      0x20d src/asf/sam/drivers/pmc/pmc.o
 .debug_abbrev  0x0000170d      0x1cd src/asf/sam/drivers/usart/usart.o
 .debug_abbrev  0x000018da       0xf2 src/asf/sam/drivers/wdt/wdt.o
 .debug_abbrev  0x000019cc       0x6c src/asf/sam/utils/cmsis/sam3x/source/templates/exceptions.o
 .debug_abbrev  0x00001a38      0x100 src/asf/sam/utils/cmsis/sam3x/source/templates/gcc/startup_sam3x.o
 .debug_abbrev  0x00001b38       0xf5 src/asf/sam/utils/cmsis/sam3x/source/templates/system_sam3x.o
 .debug_abbrev  0x00001c2d       0xc3 src/asf/thirdparty/FreeRTOS/list.o
 .debug_abbrev  0x00001cf0      0x1d2 src/asf/thirdparty/FreeRTOS/portable/GCC/ARM_CM3/port.o
 .debug_abbrev  0x00001ec2      0x177 src/asf/thirdparty/FreeRTOS/portable/MemMang/heap_4.o
 .debug_abbrev  0x00002039      0x17e src/asf/thirdparty/FreeRTOS/queue.o
 .debug_abbrev  0x000021b7      0x231 src/asf/thirdparty/FreeRTOS/tasks.o
 .debug_abbrev  0x000023e8      0x19c src/asf/thirdparty/FreeRTOS/timers.o
 .debug_abbrev  0x00002584      0x2c7 src/can_func.o
 .debug_abbrev  0x0000284b      0x2be src/main.o
 .debug_abbrev  0x00002b09       0xab my_blink.o

.debug_loc      0x00000000     0x5f94
 .debug_loc     0x00000000      0x3f0 src/asf/sam/drivers/spi/spi.o
 .debug_loc     0x000003f0       0x70 src/command_test.o
 .debug_loc     0x00000460       0x70 src/data_collect.o
 .debug_loc     0x000004d0       0x70 src/housekeep.o
 .debug_loc     0x00000540       0xa8 src/ParTest.o
 .debug_loc     0x000005e8      0x53c src/spi_func.o
 .debug_loc     0x00000b24      0x2b4 src/usart_func.o
 .debug_loc     0x00000dd8      0x2f8 src/asf/common/services/clock/sam3x/sysclk.o
 .debug_loc     0x000010d0       0x2c src/asf/sam/boards/sam3x_ek/init.o
 .debug_loc     0x000010fc      0x150 src/asf/sam/components/can/sn65hvd234.o
 .debug_loc     0x0000124c      0x850 src/asf/sam/drivers/can/can.o
 .debug_loc     0x00001a9c      0x850 src/asf/sam/drivers/pio/pio.o
 .debug_loc     0x000022ec      0x238 src/asf/sam/drivers/pio/pio_handler.o
 .debug_loc     0x00002524      0xac0 src/asf/sam/drivers/pmc/pmc.o
 .debug_loc     0x00002fe4     0x12d0 src/asf/sam/drivers/usart/usart.o
 .debug_loc     0x000042b4      0x150 src/asf/sam/drivers/wdt/wdt.o
 .debug_loc     0x00004404       0x2c src/asf/sam/utils/cmsis/sam3x/source/templates/exceptions.o
 .debug_loc     0x00004430       0x38 src/asf/sam/utils/cmsis/sam3x/source/templates/gcc/startup_sam3x.o
 .debug_loc     0x00004468       0x90 src/asf/sam/utils/cmsis/sam3x/source/templates/system_sam3x.o
 .debug_loc     0x000044f8      0x118 src/asf/thirdparty/FreeRTOS/list.o
 .debug_loc     0x00004610      0x1dc src/asf/thirdparty/FreeRTOS/portable/GCC/ARM_CM3/port.o
 .debug_loc     0x000047ec      0x164 src/asf/thirdparty/FreeRTOS/portable/MemMang/heap_4.o
 .debug_loc     0x00004950      0x508 src/asf/thirdparty/FreeRTOS/queue.o
 .debug_loc     0x00004e58      0x8bc src/asf/thirdparty/FreeRTOS/tasks.o
 .debug_loc     0x00005714      0x33c src/asf/thirdparty/FreeRTOS/timers.o
 .debug_loc     0x00005a50      0x2f8 src/can_func.o
 .debug_loc     0x00005d48      0x1a4 src/main.o
 .debug_loc     0x00005eec       0xa8 my_blink.o

.debug_aranges  0x00000000     0x10d8
 .debug_aranges
                0x00000000       0xa8 src/asf/sam/drivers/spi/spi.o
 .debug_aranges
                0x000000a8       0x28 src/command_test.o
 .debug_aranges
                0x000000d0       0x28 src/data_collect.o
 .debug_aranges
                0x000000f8       0x28 src/housekeep.o
 .debug_aranges
                0x00000120       0x30 src/ParTest.o
 .debug_aranges
                0x00000150       0xe0 src/spi_func.o
 .debug_aranges
                0x00000230       0x80 src/usart_func.o
 .debug_aranges
                0x000002b0       0x88 src/asf/common/services/clock/sam3x/sysclk.o
 .debug_aranges
                0x00000338       0x20 src/asf/sam/boards/sam3x_ek/init.o
 .debug_aranges
                0x00000358       0x48 src/asf/sam/components/can/sn65hvd234.o
 .debug_aranges
                0x000003a0      0x148 src/asf/sam/drivers/can/can.o
 .debug_aranges
                0x000004e8      0x148 src/asf/sam/drivers/pio/pio.o
 .debug_aranges
                0x00000630       0x70 src/asf/sam/drivers/pio/pio_handler.o
 .debug_aranges
                0x000006a0      0x1c0 src/asf/sam/drivers/pmc/pmc.o
 .debug_aranges
                0x00000860      0x2c8 src/asf/sam/drivers/usart/usart.o
 .debug_aranges
                0x00000b28       0x48 src/asf/sam/drivers/wdt/wdt.o
 .debug_aranges
                0x00000b70       0x20 src/asf/sam/utils/cmsis/sam3x/source/templates/exceptions.o
 .debug_aranges
                0x00000b90       0x20 src/asf/sam/utils/cmsis/sam3x/source/templates/gcc/startup_sam3x.o
 .debug_aranges
                0x00000bb0       0x30 src/asf/sam/utils/cmsis/sam3x/source/templates/system_sam3x.o
 .debug_aranges
                0x00000be0       0x40 src/asf/thirdparty/FreeRTOS/list.o
 .debug_aranges
                0x00000c20       0x90 src/asf/thirdparty/FreeRTOS/portable/GCC/ARM_CM3/port.o
 .debug_aranges
                0x00000cb0       0x50 src/asf/thirdparty/FreeRTOS/portable/MemMang/heap_4.o
 .debug_aranges
                0x00000d00       0xd0 src/asf/thirdparty/FreeRTOS/queue.o
 .debug_aranges
                0x00000dd0      0x160 src/asf/thirdparty/FreeRTOS/tasks.o
 .debug_aranges
                0x00000f30       0x90 src/asf/thirdparty/FreeRTOS/timers.o
 .debug_aranges
                0x00000fc0       0x88 src/can_func.o
 .debug_aranges
                0x00001048       0x60 src/main.o
 .debug_aranges
                0x000010a8       0x30 my_blink.o

.debug_ranges   0x00000000      0xf18
 .debug_ranges  0x00000000       0x98 src/asf/sam/drivers/spi/spi.o
 .debug_ranges  0x00000098       0x18 src/command_test.o
 .debug_ranges  0x000000b0       0x18 src/data_collect.o
 .debug_ranges  0x000000c8       0x18 src/housekeep.o
 .debug_ranges  0x000000e0       0x20 src/ParTest.o
 .debug_ranges  0x00000100       0xd0 src/spi_func.o
 .debug_ranges  0x000001d0       0x70 src/usart_func.o
 .debug_ranges  0x00000240       0x78 src/asf/common/services/clock/sam3x/sysclk.o
 .debug_ranges  0x000002b8       0x10 src/asf/sam/boards/sam3x_ek/init.o
 .debug_ranges  0x000002c8       0x38 src/asf/sam/components/can/sn65hvd234.o
 .debug_ranges  0x00000300      0x138 src/asf/sam/drivers/can/can.o
 .debug_ranges  0x00000438      0x138 src/asf/sam/drivers/pio/pio.o
 .debug_ranges  0x00000570       0x60 src/asf/sam/drivers/pio/pio_handler.o
 .debug_ranges  0x000005d0      0x1b0 src/asf/sam/drivers/pmc/pmc.o
 .debug_ranges  0x00000780      0x2b8 src/asf/sam/drivers/usart/usart.o
 .debug_ranges  0x00000a38       0x38 src/asf/sam/drivers/wdt/wdt.o
 .debug_ranges  0x00000a70       0x10 src/asf/sam/utils/cmsis/sam3x/source/templates/exceptions.o
 .debug_ranges  0x00000a80       0x10 src/asf/sam/utils/cmsis/sam3x/source/templates/gcc/startup_sam3x.o
 .debug_ranges  0x00000a90       0x20 src/asf/sam/utils/cmsis/sam3x/source/templates/system_sam3x.o
 .debug_ranges  0x00000ab0       0x30 src/asf/thirdparty/FreeRTOS/list.o
 .debug_ranges  0x00000ae0       0x80 src/asf/thirdparty/FreeRTOS/portable/GCC/ARM_CM3/port.o
 .debug_ranges  0x00000b60       0x40 src/asf/thirdparty/FreeRTOS/portable/MemMang/heap_4.o
 .debug_ranges  0x00000ba0       0xc0 src/asf/thirdparty/FreeRTOS/queue.o
 .debug_ranges  0x00000c60      0x150 src/asf/thirdparty/FreeRTOS/tasks.o
 .debug_ranges  0x00000db0       0x80 src/asf/thirdparty/FreeRTOS/timers.o
 .debug_ranges  0x00000e30       0x78 src/can_func.o
 .debug_ranges  0x00000ea8       0x50 src/main.o
 .debug_ranges  0x00000ef8       0x20 my_blink.o

.debug_macro    0x00000000    0x1b26d
 .debug_macro   0x00000000      0x54b src/asf/sam/drivers/spi/spi.o
 .debug_macro   0x0000054b      0x862 src/asf/sam/drivers/spi/spi.o
 .debug_macro   0x00000dad      0x166 src/asf/sam/drivers/spi/spi.o
 .debug_macro   0x00000f13      0x22f src/asf/sam/drivers/spi/spi.o
 .debug_macro   0x00001142       0x76 src/asf/sam/drivers/spi/spi.o
 .debug_macro   0x000011b8       0x16 src/asf/sam/drivers/spi/spi.o
 .debug_macro   0x000011ce      0x6d7 src/asf/sam/drivers/spi/spi.o
 .debug_macro   0x000018a5       0x16 src/asf/sam/drivers/spi/spi.o
 .debug_macro   0x000018bb       0x44 src/asf/sam/drivers/spi/spi.o
 .debug_macro   0x000018ff      0x209 src/asf/sam/drivers/spi/spi.o
 .debug_macro   0x00001b08       0x20 src/asf/sam/drivers/spi/spi.o
 .debug_macro   0x00001b28       0x34 src/asf/sam/drivers/spi/spi.o
 .debug_macro   0x00001b5c       0x18 src/asf/sam/drivers/spi/spi.o
 .debug_macro   0x00001b74      0x743 src/asf/sam/drivers/spi/spi.o
 .debug_macro   0x000022b7      0xab3 src/asf/sam/drivers/spi/spi.o
 .debug_macro   0x00002d6a      0x566 src/asf/sam/drivers/spi/spi.o
 .debug_macro   0x000032d0      0x2b2 src/asf/sam/drivers/spi/spi.o
 .debug_macro   0x00003582      0x317 src/asf/sam/drivers/spi/spi.o
 .debug_macro   0x00003899      0x74c src/asf/sam/drivers/spi/spi.o
 .debug_macro   0x00003fe5       0x82 src/asf/sam/drivers/spi/spi.o
 .debug_macro   0x00004067      0x578 src/asf/sam/drivers/spi/spi.o
 .debug_macro   0x000045df       0x1c src/asf/sam/drivers/spi/spi.o
 .debug_macro   0x000045fb      0x6b5 src/asf/sam/drivers/spi/spi.o
 .debug_macro   0x00004cb0      0x52a src/asf/sam/drivers/spi/spi.o
 .debug_macro   0x000051da       0xbe src/asf/sam/drivers/spi/spi.o
 .debug_macro   0x00005298     0x233f src/asf/sam/drivers/spi/spi.o
 .debug_macro   0x000075d7      0x85a src/asf/sam/drivers/spi/spi.o
 .debug_macro   0x00007e31      0xdc6 src/asf/sam/drivers/spi/spi.o
 .debug_macro   0x00008bf7       0x7c src/asf/sam/drivers/spi/spi.o
 .debug_macro   0x00008c73      0x261 src/asf/sam/drivers/spi/spi.o
 .debug_macro   0x00008ed4       0x58 src/asf/sam/drivers/spi/spi.o
 .debug_macro   0x00008f2c      0x9a5 src/asf/sam/drivers/spi/spi.o
 .debug_macro   0x000098d1      0x246 src/asf/sam/drivers/spi/spi.o
 .debug_macro   0x00009b17      0x4dc src/asf/sam/drivers/spi/spi.o
 .debug_macro   0x00009ff3      0x6b0 src/asf/sam/drivers/spi/spi.o
 .debug_macro   0x0000a6a3      0x59c src/asf/sam/drivers/spi/spi.o
 .debug_macro   0x0000ac3f       0x46 src/asf/sam/drivers/spi/spi.o
 .debug_macro   0x0000ac85      0x34a src/asf/sam/drivers/spi/spi.o
 .debug_macro   0x0000afcf      0x289 src/asf/sam/drivers/spi/spi.o
 .debug_macro   0x0000b258     0x14d7 src/asf/sam/drivers/spi/spi.o
 .debug_macro   0x0000c72f      0x7b7 src/asf/sam/drivers/spi/spi.o
 .debug_macro   0x0000cee6       0x76 src/asf/sam/drivers/spi/spi.o
 .debug_macro   0x0000cf5c       0x82 src/asf/sam/drivers/spi/spi.o
 .debug_macro   0x0000cfde       0x76 src/asf/sam/drivers/spi/spi.o
 .debug_macro   0x0000d054       0x4c src/asf/sam/drivers/spi/spi.o
 .debug_macro   0x0000d0a0      0x102 src/asf/sam/drivers/spi/spi.o
 .debug_macro   0x0000d1a2      0x102 src/asf/sam/drivers/spi/spi.o
 .debug_macro   0x0000d2a4      0x102 src/asf/sam/drivers/spi/spi.o
 .debug_macro   0x0000d3a6       0x88 src/asf/sam/drivers/spi/spi.o
 .debug_macro   0x0000d42e       0x88 src/asf/sam/drivers/spi/spi.o
 .debug_macro   0x0000d4b6      0x3b4 src/asf/sam/drivers/spi/spi.o
 .debug_macro   0x0000d86a       0xb8 src/asf/sam/drivers/spi/spi.o
 .debug_macro   0x0000d922       0xb8 src/asf/sam/drivers/spi/spi.o
 .debug_macro   0x0000d9da       0xb8 src/asf/sam/drivers/spi/spi.o
 .debug_macro   0x0000da92       0xb8 src/asf/sam/drivers/spi/spi.o
 .debug_macro   0x0000db4a      0x2b8 src/asf/sam/drivers/spi/spi.o
 .debug_macro   0x0000de02      0x122 src/asf/sam/drivers/spi/spi.o
 .debug_macro   0x0000df24      0x222 src/asf/sam/drivers/spi/spi.o
 .debug_macro   0x0000e146      0x222 src/asf/sam/drivers/spi/spi.o
 .debug_macro   0x0000e368       0x2e src/asf/sam/drivers/spi/spi.o
 .debug_macro   0x0000e396       0xac src/asf/sam/drivers/spi/spi.o
 .debug_macro   0x0000e442      0x14a src/asf/sam/drivers/spi/spi.o
 .debug_macro   0x0000e58c       0x7c src/asf/sam/drivers/spi/spi.o
 .debug_macro   0x0000e608      0x202 src/asf/sam/drivers/spi/spi.o
 .debug_macro   0x0000e80a       0x64 src/asf/sam/drivers/spi/spi.o
 .debug_macro   0x0000e86e       0xa6 src/asf/sam/drivers/spi/spi.o
 .debug_macro   0x0000e914       0x7c src/asf/sam/drivers/spi/spi.o
 .debug_macro   0x0000e990       0x16 src/asf/sam/drivers/spi/spi.o
 .debug_macro   0x0000e9a6       0x22 src/asf/sam/drivers/spi/spi.o
 .debug_macro   0x0000e9c8       0x22 src/asf/sam/drivers/spi/spi.o
 .debug_macro   0x0000e9ea      0x112 src/asf/sam/drivers/spi/spi.o
 .debug_macro   0x0000eafc      0x112 src/asf/sam/drivers/spi/spi.o
 .debug_macro   0x0000ec0e      0x112 src/asf/sam/drivers/spi/spi.o
 .debug_macro   0x0000ed20      0x112 src/asf/sam/drivers/spi/spi.o
 .debug_macro   0x0000ee32       0x1c src/asf/sam/drivers/spi/spi.o
 .debug_macro   0x0000ee4e       0x2e src/asf/sam/drivers/spi/spi.o
 .debug_macro   0x0000ee7c       0x22 src/asf/sam/drivers/spi/spi.o
 .debug_macro   0x0000ee9e       0x1c src/asf/sam/drivers/spi/spi.o
 .debug_macro   0x0000eeba       0x58 src/asf/sam/drivers/spi/spi.o
 .debug_macro   0x0000ef12       0x10 src/asf/sam/drivers/spi/spi.o
 .debug_macro   0x0000ef22      0x273 src/asf/sam/drivers/spi/spi.o
 .debug_macro   0x0000f195     0x10b1 src/asf/sam/drivers/spi/spi.o
 .debug_macro   0x00010246      0x12a src/asf/sam/drivers/spi/spi.o
 .debug_macro   0x00010370       0x58 src/asf/sam/drivers/spi/spi.o
 .debug_macro   0x000103c8       0x35 src/asf/sam/drivers/spi/spi.o
 .debug_macro   0x000103fd       0xa3 src/asf/sam/drivers/spi/spi.o
 .debug_macro   0x000104a0       0x16 src/asf/sam/drivers/spi/spi.o
 .debug_macro   0x000104b6       0x35 src/asf/sam/drivers/spi/spi.o
 .debug_macro   0x000104eb       0x10 src/asf/sam/drivers/spi/spi.o
 .debug_macro   0x000104fb       0x52 src/asf/sam/drivers/spi/spi.o
 .debug_macro   0x0001054d       0x16 src/asf/sam/drivers/spi/spi.o
 .debug_macro   0x00010563       0x43 src/asf/sam/drivers/spi/spi.o
 .debug_macro   0x000105a6      0x180 src/asf/sam/drivers/spi/spi.o
 .debug_macro   0x00010726       0x10 src/asf/sam/drivers/spi/spi.o
 .debug_macro   0x00010736       0x22 src/asf/sam/drivers/spi/spi.o
 .debug_macro   0x00010758       0xbd src/asf/sam/drivers/spi/spi.o
 .debug_macro   0x00010815       0x16 src/asf/sam/drivers/spi/spi.o
 .debug_macro   0x0001082b      0x16c src/asf/sam/drivers/spi/spi.o
 .debug_macro   0x00010997       0x22 src/asf/sam/drivers/spi/spi.o
 .debug_macro   0x000109b9       0x16 src/asf/sam/drivers/spi/spi.o
 .debug_macro   0x000109cf       0x16 src/asf/sam/drivers/spi/spi.o
 .debug_macro   0x000109e5       0x29 src/asf/sam/drivers/spi/spi.o
 .debug_macro   0x00010a0e       0x52 src/asf/sam/drivers/spi/spi.o
 .debug_macro   0x00010a60       0x3e src/asf/sam/drivers/spi/spi.o
 .debug_macro   0x00010a9e      0x322 src/asf/sam/drivers/spi/spi.o
 .debug_macro   0x00010dc0       0x10 src/asf/sam/drivers/spi/spi.o
 .debug_macro   0x00010dd0       0x28 src/asf/sam/drivers/spi/spi.o
 .debug_macro   0x00010df8      0x160 src/asf/sam/drivers/spi/spi.o
 .debug_macro   0x00010f58      0xf62 src/asf/sam/drivers/spi/spi.o
 .debug_macro   0x00011eba       0x58 src/asf/sam/drivers/spi/spi.o
 .debug_macro   0x00011f12       0x64 src/asf/sam/drivers/spi/spi.o
 .debug_macro   0x00011f76       0x5e src/asf/sam/drivers/spi/spi.o
 .debug_macro   0x00011fd4       0x90 src/asf/sam/drivers/spi/spi.o
 .debug_macro   0x00012064       0x8e src/asf/sam/drivers/spi/spi.o
 .debug_macro   0x000120f2      0x697 src/command_test.o
 .debug_macro   0x00012789       0x97 src/command_test.o
 .debug_macro   0x00012820       0xef src/command_test.o
 .debug_macro   0x0001290f      0x20f src/command_test.o
 .debug_macro   0x00012b1e      0x106 src/command_test.o
 .debug_macro   0x00012c24       0x46 src/command_test.o
 .debug_macro   0x00012c6a       0xc9 src/command_test.o
 .debug_macro   0x00012d33       0x12 src/command_test.o
 .debug_macro   0x00012d45       0x1c src/command_test.o
 .debug_macro   0x00012d61      0x361 src/command_test.o
 .debug_macro   0x000130c2       0x79 src/command_test.o
 .debug_macro   0x0001313b       0x69 src/command_test.o
 .debug_macro   0x000131a4       0xb0 src/command_test.o
 .debug_macro   0x00013254       0x7e src/command_test.o
 .debug_macro   0x000132d2       0x26 src/command_test.o
 .debug_macro   0x000132f8       0x40 src/command_test.o
 .debug_macro   0x00013338       0x28 src/command_test.o
 .debug_macro   0x00013360       0x6a src/command_test.o
 .debug_macro   0x000133ca       0x2e src/command_test.o
 .debug_macro   0x000133f8       0x10 src/command_test.o
 .debug_macro   0x00013408       0x16 src/command_test.o
 .debug_macro   0x0001341e       0x10 src/command_test.o
 .debug_macro   0x0001342e       0x88 src/command_test.o
 .debug_macro   0x000134b6      0x2a6 src/command_test.o
 .debug_macro   0x0001375c       0x10 src/command_test.o
 .debug_macro   0x0001376c       0x1f src/command_test.o
 .debug_macro   0x0001378b       0x6f src/command_test.o
 .debug_macro   0x000137fa       0xba src/command_test.o
 .debug_macro   0x000138b4      0x69b src/data_collect.o
 .debug_macro   0x00013f4f      0x697 src/housekeep.o
 .debug_macro   0x000145e6      0x56d src/ParTest.o
 .debug_macro   0x00014b53      0x15a src/ParTest.o
 .debug_macro   0x00014cad      0x5c8 src/spi_func.o
 .debug_macro   0x00015275       0x16 src/spi_func.o
 .debug_macro   0x0001528b       0xa0 src/spi_func.o
 .debug_macro   0x0001532b      0x628 src/usart_func.o
 .debug_macro   0x00015953       0xc2 src/usart_func.o
 .debug_macro   0x00015a15       0x1c src/usart_func.o
 .debug_macro   0x00015a31       0x1c src/usart_func.o
 .debug_macro   0x00015a4d       0x28 src/usart_func.o
 .debug_macro   0x00015a75      0x533 src/asf/common/services/clock/sam3x/sysclk.o
 .debug_macro   0x00015fa8      0x5b4 src/asf/sam/boards/sam3x_ek/init.o
 .debug_macro   0x0001655c      0x507 src/asf/sam/components/can/sn65hvd234.o
 .debug_macro   0x00016a63      0x4e8 src/asf/sam/drivers/can/can.o
 .debug_macro   0x00016f4b       0x82 src/asf/sam/drivers/can/can.o
 .debug_macro   0x00016fcd      0x4d2 src/asf/sam/drivers/pio/pio.o
 .debug_macro   0x0001749f       0x88 src/asf/sam/drivers/pio/pio.o
 .debug_macro   0x00017527      0x4dc src/asf/sam/drivers/pio/pio_handler.o
 .debug_macro   0x00017a03      0x4c4 src/asf/sam/drivers/pmc/pmc.o
 .debug_macro   0x00017ec7       0x52 src/asf/sam/drivers/pmc/pmc.o
 .debug_macro   0x00017f19      0x500 src/asf/sam/drivers/usart/usart.o
 .debug_macro   0x00018419       0x28 src/asf/sam/drivers/usart/usart.o
 .debug_macro   0x00018441      0x4d1 src/asf/sam/drivers/wdt/wdt.o
 .debug_macro   0x00018912      0x33c src/asf/sam/utils/cmsis/sam3x/source/templates/exceptions.o
 .debug_macro   0x00018c4e      0x34e src/asf/sam/utils/cmsis/sam3x/source/templates/gcc/startup_sam3x.o
 .debug_macro   0x00018f9c      0x34e src/asf/sam/utils/cmsis/sam3x/source/templates/system_sam3x.o
 .debug_macro   0x000192ea      0x133 src/asf/thirdparty/FreeRTOS/list.o
 .debug_macro   0x0001941d      0x10e src/asf/thirdparty/FreeRTOS/list.o
 .debug_macro   0x0001952b       0x7f src/asf/thirdparty/FreeRTOS/list.o
 .debug_macro   0x000195aa      0x143 src/asf/thirdparty/FreeRTOS/portable/GCC/ARM_CM3/port.o
 .debug_macro   0x000196ed      0x15a src/asf/thirdparty/FreeRTOS/portable/MemMang/heap_4.o
 .debug_macro   0x00019847      0x1c3 src/asf/thirdparty/FreeRTOS/queue.o
 .debug_macro   0x00019a0a      0x1ff src/asf/thirdparty/FreeRTOS/tasks.o
 .debug_macro   0x00019c09       0x91 src/asf/thirdparty/FreeRTOS/tasks.o
 .debug_macro   0x00019c9a       0x16 src/asf/thirdparty/FreeRTOS/tasks.o
 .debug_macro   0x00019cb0      0x170 src/asf/thirdparty/FreeRTOS/timers.o
 .debug_macro   0x00019e20      0x61a src/can_func.o
 .debug_macro   0x0001a43a      0x106 src/can_func.o
 .debug_macro   0x0001a540      0x6eb src/main.o
 .debug_macro   0x0001ac2b      0x642 my_blink.o

.debug_line     0x00000000    0x15a3e
 .debug_line    0x00000000      0xda6 src/asf/sam/drivers/spi/spi.o
 .debug_line    0x00000da6      0xfc3 src/command_test.o
 .debug_line    0x00001d69      0xfbc src/data_collect.o
 .debug_line    0x00002d25      0xfbf src/housekeep.o
 .debug_line    0x00003ce4      0xcd6 src/ParTest.o
 .debug_line    0x000049ba     0x1029 src/spi_func.o
 .debug_line    0x000059e3     0x1144 src/usart_func.o
 .debug_line    0x00006b27      0xd25 src/asf/common/services/clock/sam3x/sysclk.o
 .debug_line    0x0000784c      0xd78 src/asf/sam/boards/sam3x_ek/init.o
 .debug_line    0x000085c4      0xbb2 src/asf/sam/components/can/sn65hvd234.o
 .debug_line    0x00009176      0xe07 src/asf/sam/drivers/can/can.o
 .debug_line    0x00009f7d      0xdeb src/asf/sam/drivers/pio/pio.o
 .debug_line    0x0000ad68      0xbd2 src/asf/sam/drivers/pio/pio_handler.o
 .debug_line    0x0000b93a     0x1003 src/asf/sam/drivers/pmc/pmc.o
 .debug_line    0x0000c93d     0x1207 src/asf/sam/drivers/usart/usart.o
 .debug_line    0x0000db44      0xb2c src/asf/sam/drivers/wdt/wdt.o
 .debug_line    0x0000e670      0x8d6 src/asf/sam/utils/cmsis/sam3x/source/templates/exceptions.o
 .debug_line    0x0000ef46      0x92d src/asf/sam/utils/cmsis/sam3x/source/templates/gcc/startup_sam3x.o
 .debug_line    0x0000f873      0x965 src/asf/sam/utils/cmsis/sam3x/source/templates/system_sam3x.o
 .debug_line    0x000101d8      0x427 src/asf/thirdparty/FreeRTOS/list.o
 .debug_line    0x000105ff      0x48a src/asf/thirdparty/FreeRTOS/portable/GCC/ARM_CM3/port.o
 .debug_line    0x00010a89      0x4e6 src/asf/thirdparty/FreeRTOS/portable/MemMang/heap_4.o
 .debug_line    0x00010f6f      0x949 src/asf/thirdparty/FreeRTOS/queue.o
 .debug_line    0x000118b8      0xbbf src/asf/thirdparty/FreeRTOS/tasks.o
 .debug_line    0x00012477      0x5c7 src/asf/thirdparty/FreeRTOS/timers.o
 .debug_line    0x00012a3e      0xfff src/can_func.o
 .debug_line    0x00013a3d     0x1160 src/main.o
 .debug_line    0x00014b9d      0xea1 my_blink.o

.debug_str      0x00000000    0x67d96
 .debug_str     0x00000000    0x5c039 src/asf/sam/drivers/spi/spi.o
                              0x5c301 (size before relaxing)
 .debug_str     0x0005c039     0x571d src/command_test.o
                              0x61627 (size before relaxing)
 .debug_str     0x00061756       0x82 src/data_collect.o
                              0x61620 (size before relaxing)
 .debug_str     0x000617d8       0x72 src/housekeep.o
                              0x6160d (size before relaxing)
 .debug_str     0x0006184a       0xa4 src/ParTest.o
                              0x5e3ac (size before relaxing)
 .debug_str     0x000618ee      0x839 src/spi_func.o
                              0x5cda5 (size before relaxing)
 .debug_str     0x00062127      0x789 src/usart_func.o
                              0x5e5d6 (size before relaxing)
 .debug_str     0x000628b0      0x233 src/asf/common/services/clock/sam3x/sysclk.o
                              0x5be68 (size before relaxing)
 .debug_str     0x00062ae3      0x20a src/asf/sam/boards/sam3x_ek/init.o
                              0x5c705 (size before relaxing)
 .debug_str     0x00062ced      0x105 src/asf/sam/components/can/sn65hvd234.o
                              0x5b6d7 (size before relaxing)
 .debug_str     0x00062df2      0x5c0 src/asf/sam/drivers/can/can.o
                              0x556ed (size before relaxing)
 .debug_str     0x000633b2      0x482 src/asf/sam/drivers/pio/pio.o
                              0x55873 (size before relaxing)
 .debug_str     0x00063834      0x176 src/asf/sam/drivers/pio/pio_handler.o
                              0x55866 (size before relaxing)
 .debug_str     0x000639aa      0x5a9 src/asf/sam/drivers/pmc/pmc.o
                              0x55770 (size before relaxing)
 .debug_str     0x00063f53      0xa3d src/asf/sam/drivers/usart/usart.o
                              0x55b16 (size before relaxing)
 .debug_str     0x00064990       0xf1 src/asf/sam/drivers/wdt/wdt.o
                              0x54fdd (size before relaxing)
 .debug_str     0x00064a81       0x4d src/asf/sam/utils/cmsis/sam3x/source/templates/exceptions.o
                              0x4b6ff (size before relaxing)
 .debug_str     0x00064ace       0xb2 src/asf/sam/utils/cmsis/sam3x/source/templates/gcc/startup_sam3x.o
                              0x4b7e8 (size before relaxing)
 .debug_str     0x00064b80      0x1cd src/asf/sam/utils/cmsis/sam3x/source/templates/system_sam3x.o
                              0x4b9fb (size before relaxing)
 .debug_str     0x00064d4d      0x13c src/asf/thirdparty/FreeRTOS/list.o
                               0x6db9 (size before relaxing)
 .debug_str     0x00064e89      0x704 src/asf/thirdparty/FreeRTOS/portable/GCC/ARM_CM3/port.o
                               0x63e7 (size before relaxing)
 .debug_str     0x0006558d      0x2b3 src/asf/thirdparty/FreeRTOS/portable/MemMang/heap_4.o
                               0x72d4 (size before relaxing)
 .debug_str     0x00065840      0x63a src/asf/thirdparty/FreeRTOS/queue.o
                               0x912c (size before relaxing)
 .debug_str     0x00065e7a     0x1897 src/asf/thirdparty/FreeRTOS/tasks.o
                               0x9a06 (size before relaxing)
 .debug_str     0x00067711      0x3a2 src/asf/thirdparty/FreeRTOS/timers.o
                               0x872c (size before relaxing)
 .debug_str     0x00067ab3      0x132 src/can_func.o
                              0x615e8 (size before relaxing)
 .debug_str     0x00067be5       0xcc src/main.o
                              0x61fad (size before relaxing)
 .debug_str     0x00067cb1       0xe5 my_blink.o
                              0x6002a (size before relaxing)

.debug_frame    0x00000000     0x367c
 .debug_frame   0x00000000      0x220 src/asf/sam/drivers/spi/spi.o
 .debug_frame   0x00000220       0x50 src/command_test.o
 .debug_frame   0x00000270       0x50 src/data_collect.o
 .debug_frame   0x000002c0       0x50 src/housekeep.o
 .debug_frame   0x00000310       0x70 src/ParTest.o
 .debug_frame   0x00000380      0x2e8 src/spi_func.o
 .debug_frame   0x00000668      0x198 src/usart_func.o
 .debug_frame   0x00000800      0x1c4 src/asf/common/services/clock/sam3x/sysclk.o
 .debug_frame   0x000009c4       0x2c src/asf/sam/boards/sam3x_ek/init.o
 .debug_frame   0x000009f0       0xc8 src/asf/sam/components/can/sn65hvd234.o
 .debug_frame   0x00000ab8      0x450 src/asf/sam/drivers/can/can.o
 .debug_frame   0x00000f08      0x44c src/asf/sam/drivers/pio/pio.o
 .debug_frame   0x00001354      0x150 src/asf/sam/drivers/pio/pio_handler.o
 .debug_frame   0x000014a4      0x598 src/asf/sam/drivers/pmc/pmc.o
 .debug_frame   0x00001a3c      0x9b0 src/asf/sam/drivers/usart/usart.o
 .debug_frame   0x000023ec       0xb8 src/asf/sam/drivers/wdt/wdt.o
 .debug_frame   0x000024a4       0x28 src/asf/sam/utils/cmsis/sam3x/source/templates/exceptions.o
 .debug_frame   0x000024cc       0x30 src/asf/sam/utils/cmsis/sam3x/source/templates/gcc/startup_sam3x.o
 .debug_frame   0x000024fc       0x5c src/asf/sam/utils/cmsis/sam3x/source/templates/system_sam3x.o
 .debug_frame   0x00002558       0x9c src/asf/thirdparty/FreeRTOS/list.o
 .debug_frame   0x000025f4      0x178 src/asf/thirdparty/FreeRTOS/portable/GCC/ARM_CM3/port.o
 .debug_frame   0x0000276c       0xd0 src/asf/thirdparty/FreeRTOS/portable/MemMang/heap_4.o
 .debug_frame   0x0000283c      0x2f0 src/asf/thirdparty/FreeRTOS/queue.o
 .debug_frame   0x00002b2c      0x4fc src/asf/thirdparty/FreeRTOS/tasks.o
 .debug_frame   0x00003028      0x1e0 src/asf/thirdparty/FreeRTOS/timers.o
 .debug_frame   0x00003208      0x1b4 src/can_func.o
 .debug_frame   0x000033bc      0x108 src/main.o
 .debug_frame   0x000034c4       0x70 my_blink.o
 .debug_frame   0x00003534       0x2c c:/program files (x86)/atmel/atmel toolchain/arm gcc/native/4.8.1437/arm-gnu-toolchain/bin/../lib/gcc/arm-none-eabi/4.8.4/../../../../arm-none-eabi/lib/armv7-m\libc.a(lib_a-init.o)
 .debug_frame   0x00003560       0x2c c:/program files (x86)/atmel/atmel toolchain/arm gcc/native/4.8.1437/arm-gnu-toolchain/bin/../lib/gcc/arm-none-eabi/4.8.4/../../../../arm-none-eabi/lib/armv7-m\libc.a(lib_a-memcmp.o)
 .debug_frame   0x0000358c       0x2c c:/program files (x86)/atmel/atmel toolchain/arm gcc/native/4.8.1437/arm-gnu-toolchain/bin/../lib/gcc/arm-none-eabi/4.8.4/../../../../arm-none-eabi/lib/armv7-m\libc.a(lib_a-memset.o)
 .debug_frame   0x000035b8       0x48 c:/program files (x86)/atmel/atmel toolchain/arm gcc/native/4.8.1437/arm-gnu-toolchain/bin/../lib/gcc/arm-none-eabi/4.8.4/../../../../arm-none-eabi/lib/armv7-m\libc.a(lib_a-__call_atexit.o)
 .debug_frame   0x00003600       0x20 c:/program files (x86)/atmel/atmel toolchain/arm gcc/native/4.8.1437/arm-gnu-toolchain/bin/../lib/gcc/arm-none-eabi/4.8.4/../../../../arm-none-eabi/lib/armv7-m\libc.a(lib_a-atexit.o)
 .debug_frame   0x00003620       0x2c c:/program files (x86)/atmel/atmel toolchain/arm gcc/native/4.8.1437/arm-gnu-toolchain/bin/../lib/gcc/arm-none-eabi/4.8.4/../../../../arm-none-eabi/lib/armv7-m\libc.a(lib_a-fini.o)
 .debug_frame   0x0000364c       0x30 c:/program files (x86)/atmel/atmel toolchain/arm gcc/native/4.8.1437/arm-gnu-toolchain/bin/../lib/gcc/arm-none-eabi/4.8.4/../../../../arm-none-eabi/lib/armv7-m\libc.a(lib_a-__atexit.o)

Cross Reference Table

Symbol                                            File
ADC_Handler                                       src/asf/sam/utils/cmsis/sam3x/source/templates/exceptions.o