Archive member included because of file (symbol)

c:/program files (x86)/atmel/atmel toolchain/arm gcc/native/4.8.1437/arm-gnu-toolchain/bin/../lib/gcc/arm-none-eabi/4.8.4/../../../../arm-none-eabi/lib/armv7-m\libc.a(lib_a-exit.o)
                              c:/program files (x86)/atmel/atmel toolchain/arm gcc/native/4.8.1437/arm-gnu-toolchain/bin/../lib/gcc/arm-none-eabi/4.8.4/../../../../arm-none-eabi/lib/armv7-m/crt0.o (exit)
c:/program files (x86)/atmel/atmel toolchain/arm gcc/native/4.8.1437/arm-gnu-toolchain/bin/../lib/gcc/arm-none-eabi/4.8.4/../../../../arm-none-eabi/lib/armv7-m\libc.a(lib_a-impure.o)
                              c:/program files (x86)/atmel/atmel toolchain/arm gcc/native/4.8.1437/arm-gnu-toolchain/bin/../lib/gcc/arm-none-eabi/4.8.4/../../../../arm-none-eabi/lib/armv7-m\libc.a(lib_a-exit.o) (_global_impure_ptr)
c:/program files (x86)/atmel/atmel toolchain/arm gcc/native/4.8.1437/arm-gnu-toolchain/bin/../lib/gcc/arm-none-eabi/4.8.4/../../../../arm-none-eabi/lib/armv7-m\libc.a(lib_a-init.o)
                              c:/program files (x86)/atmel/atmel toolchain/arm gcc/native/4.8.1437/arm-gnu-toolchain/bin/../lib/gcc/arm-none-eabi/4.8.4/../../../../arm-none-eabi/lib/armv7-m/crt0.o (__libc_init_array)
c:/program files (x86)/atmel/atmel toolchain/arm gcc/native/4.8.1437/arm-gnu-toolchain/bin/../lib/gcc/arm-none-eabi/4.8.4/../../../../arm-none-eabi/lib/armv7-m\libc.a(lib_a-memcmp.o)
                              src/asf/thirdparty/FreeRTOS/tasks.o (memcmp)
c:/program files (x86)/atmel/atmel toolchain/arm gcc/native/4.8.1437/arm-gnu-toolchain/bin/../lib/gcc/arm-none-eabi/4.8.4/../../../../arm-none-eabi/lib/armv7-m\libc.a(lib_a-memcpy.o)
                              src/asf/thirdparty/FreeRTOS/queue.o (memcpy)
c:/program files (x86)/atmel/atmel toolchain/arm gcc/native/4.8.1437/arm-gnu-toolchain/bin/../lib/gcc/arm-none-eabi/4.8.4/../../../../arm-none-eabi/lib/armv7-m\libc.a(lib_a-memset.o)
                              c:/program files (x86)/atmel/atmel toolchain/arm gcc/native/4.8.1437/arm-gnu-toolchain/bin/../lib/gcc/arm-none-eabi/4.8.4/../../../../arm-none-eabi/lib/armv7-m/crt0.o (memset)
c:/program files (x86)/atmel/atmel toolchain/arm gcc/native/4.8.1437/arm-gnu-toolchain/bin/../lib/gcc/arm-none-eabi/4.8.4/../../../../arm-none-eabi/lib/armv7-m\libc.a(lib_a-__call_atexit.o)
                              c:/program files (x86)/atmel/atmel toolchain/arm gcc/native/4.8.1437/arm-gnu-toolchain/bin/../lib/gcc/arm-none-eabi/4.8.4/../../../../arm-none-eabi/lib/armv7-m\libc.a(lib_a-exit.o) (__call_exitprocs)
c:/program files (x86)/atmel/atmel toolchain/arm gcc/native/4.8.1437/arm-gnu-toolchain/bin/../lib/gcc/arm-none-eabi/4.8.4/../../../../arm-none-eabi/lib/armv7-m\libc.a(lib_a-atexit.o)
                              c:/program files (x86)/atmel/atmel toolchain/arm gcc/native/4.8.1437/arm-gnu-toolchain/bin/../lib/gcc/arm-none-eabi/4.8.4/../../../../arm-none-eabi/lib/armv7-m\libc.a(lib_a-__call_atexit.o) (atexit)
c:/program files (x86)/atmel/atmel toolchain/arm gcc/native/4.8.1437/arm-gnu-toolchain/bin/../lib/gcc/arm-none-eabi/4.8.4/../../../../arm-none-eabi/lib/armv7-m\libc.a(lib_a-fini.o)
                              c:/program files (x86)/atmel/atmel toolchain/arm gcc/native/4.8.1437/arm-gnu-toolchain/bin/../lib/gcc/arm-none-eabi/4.8.4/../../../../arm-none-eabi/lib/armv7-m\libc.a(lib_a-__call_atexit.o) (__libc_fini_array)
c:/program files (x86)/atmel/atmel toolchain/arm gcc/native/4.8.1437/arm-gnu-toolchain/bin/../lib/gcc/arm-none-eabi/4.8.4/../../../../arm-none-eabi/lib/armv7-m\libc.a(lib_a-__atexit.o)
                              c:/program files (x86)/atmel/atmel toolchain/arm gcc/native/4.8.1437/arm-gnu-toolchain/bin/../lib/gcc/arm-none-eabi/4.8.4/../../../../arm-none-eabi/lib/armv7-m\libc.a(lib_a-atexit.o) (__register_exitproc)

Allocating common symbols
Common symbol       size              file

ptr_get             0x4               src/asf/common/utils/stdio/read.o
can1_mailbox        0x20              src/command_test.o
can1_transceiver    0x8               src/command_test.o
ptr_put             0x4               src/asf/common/utils/stdio/write.o
temp_mailbox_C1     0x20              src/command_test.o
stdio_base          0x4               src/asf/common/utils/stdio/write.o
g_uc_alarmed        0x1               src/rtt_test0.o
can0_mailbox        0x20              src/command_test.o
xCreatedTask        0x4               src/Common-Demo-Source/death.o
g_uc_state          0x1               src/rtt_test0.o
g_ul_new_alarm      0x4               src/rtt_test0.o
xSuspendedTestQueue
                    0x4               src/Common-Demo-Source/dynamic.o
temp_mailbox_C0     0x20              src/command_test.o
can0_transceiver    0x8               src/command_test.o

Discarded input sections

 .text          0x00000000        0x0 c:/program files (x86)/atmel/atmel toolchain/arm gcc/native/4.8.1437/arm-gnu-toolchain/bin/../lib/gcc/arm-none-eabi/4.8.4/armv7-m/crti.o
[...]
Memory Configuration

Name             Origin             Length             Attributes
rom              0x00080000         0x00080000         xr
sram0            0x20000000         0x00010000         xrw
sram1            0x20080000         0x00008000         xrw
ram              0x20070000         0x00018000         xrw
*default*        0x00000000         0xffffffff

Linker script and memory map

LOAD c:/program files (x86)/atmel/atmel toolchain/arm gcc/native/4.8.1437/arm-gnu-toolchain/bin/../lib/gcc/arm-none-eabi/4.8.4/armv7-m/crti.o
LOAD c:/program files (x86)/atmel/atmel toolchain/arm gcc/native/4.8.1437/arm-gnu-toolchain/bin/../lib/gcc/arm-none-eabi/4.8.4/armv7-m/crtbegin.o
LOAD c:/program files (x86)/atmel/atmel toolchain/arm gcc/native/4.8.1437/arm-gnu-toolchain/bin/../lib/gcc/arm-none-eabi/4.8.4/../../../../arm-none-eabi/lib/armv7-m/crt0.o
LOAD src/command_test.o
LOAD src/stk600_test0.o
LOAD src/asf/common/services/clock/sam3x/sysclk.o
LOAD src/asf/common/utils/interrupt/interrupt_sam_nvic.o
LOAD src/asf/common/utils/stdio/read.o
LOAD src/asf/common/utils/stdio/write.o
LOAD src/asf/sam/boards/sam3x_ek/init.o
LOAD src/asf/sam/components/can/sn65hvd234.o
LOAD src/asf/sam/drivers/can/can.o
LOAD src/asf/sam/drivers/pio/pio.o
LOAD src/asf/sam/drivers/pio/pio_handler.o
LOAD src/asf/sam/drivers/pmc/pmc.o
LOAD src/asf/sam/drivers/rtt/rtt.o
LOAD src/asf/sam/drivers/usart/usart.o
LOAD src/asf/sam/drivers/wdt/wdt.o
LOAD src/asf/sam/utils/cmsis/sam3x/source/templates/exceptions.o
LOAD src/asf/sam/utils/cmsis/sam3x/source/templates/gcc/startup_sam3x.o
LOAD src/asf/sam/utils/cmsis/sam3x/source/templates/system_sam3x.o
LOAD src/asf/thirdparty/FreeRTOS/list.o
LOAD src/asf/thirdparty/FreeRTOS/portable/GCC/ARM_CM3/port.o
LOAD src/asf/thirdparty/FreeRTOS/portable/MemMang/heap_4.o
LOAD src/asf/thirdparty/FreeRTOS/queue.o
LOAD src/asf/thirdparty/FreeRTOS/tasks.o
LOAD src/asf/thirdparty/FreeRTOS/timers.o
LOAD src/can_func.o
LOAD src/Common-Demo-Source/BlockQ.o
LOAD src/Common-Demo-Source/blocktim.o
LOAD src/Common-Demo-Source/comtest.o
LOAD src/Common-Demo-Source/countsem.o
LOAD src/Common-Demo-Source/death.o
LOAD src/Common-Demo-Source/dynamic.o
LOAD src/Common-Demo-Source/flash_timer.o
LOAD src/Common-Demo-Source/GenQTest.o
LOAD src/Common-Demo-Source/integer.o
LOAD src/Common-Demo-Source/PollQ.o
LOAD src/Common-Demo-Source/recmutex.o
LOAD src/Common-Demo-Source/semtest.o
LOAD src/housekeep_test.o
LOAD src/main.o
LOAD src/main_blinky.o
LOAD src/main_full.o
LOAD my_blink.o
LOAD src/ParTest.o
LOAD src/rtt_test0.o
LOAD src/serial.o
START GROUP
END GROUP
START GROUP
LOAD c:/program files (x86)/atmel/atmel toolchain/arm gcc/native/4.8.1437/arm-gnu-toolchain/bin/../lib/gcc/arm-none-eabi/4.8.4/armv7-m\libgcc.a
LOAD c:/program files (x86)/atmel/atmel toolchain/arm gcc/native/4.8.1437/arm-gnu-toolchain/bin/../lib/gcc/arm-none-eabi/4.8.4/../../../../arm-none-eabi/lib/armv7-m\libc.a
END GROUP
LOAD c:/program files (x86)/atmel/atmel toolchain/arm gcc/native/4.8.1437/arm-gnu-toolchain/bin/../lib/gcc/arm-none-eabi/4.8.4/armv7-m/crtend.o
LOAD c:/program files (x86)/atmel/atmel toolchain/arm gcc/native/4.8.1437/arm-gnu-toolchain/bin/../lib/gcc/arm-none-eabi/4.8.4/armv7-m/crtn.o
                0x00002000                STACK_SIZE = 0x2000

.text           0x00080000     0x4dfc
                0x00080000                . = ALIGN (0x4)
                0x00080000                _sfixed = .
 *(.vectors .vectors.*)
 .vectors       0x00080000       0xf4 src/asf/sam/utils/cmsis/sam3x/source/templates/gcc/startup_sam3x.o
                0x00080000                exception_table
 *(.text .text.* .gnu.linkonce.t.*)
 .text          0x000800f4       0x54 c:/program files (x86)/atmel/atmel toolchain/arm gcc/native/4.8.1437/arm-gnu-toolchain/bin/../lib/gcc/arm-none-eabi/4.8.4/armv7-m/crtbegin.o
 .text.command_test
                0x00080148       0x40 src/command_test.o
                0x00080148                command_test
 .text.prvCommandTask
                0x00080188       0x68 src/command_test.o
 .text.osc_enable
                0x000801f0       0x80 src/asf/common/services/clock/sam3x/sysclk.o
 .text.osc_is_ready
                0x00080270       0x70 src/asf/common/services/clock/sam3x/sysclk.o
 .text.osc_get_rate
                0x000802e0       0x74 src/asf/common/services/clock/sam3x/sysclk.o
 .text.osc_wait_ready
                0x00080354       0x2c src/asf/common/services/clock/sam3x/sysclk.o
 .text.pll_config_init
                0x00080380       0x68 src/asf/common/services/clock/sam3x/sysclk.o
 .text.pll_enable
                0x000803e8       0x3c src/asf/common/services/clock/sam3x/sysclk.o
 .text.pll_is_locked
                0x00080424       0x2c src/asf/common/services/clock/sam3x/sysclk.o
 .text.pll_enable_source
                0x00080450       0x34 src/asf/common/services/clock/sam3x/sysclk.o
 .text.pll_wait_for_lock
                0x00080484       0x24 src/asf/common/services/clock/sam3x/sysclk.o
 .text.sysclk_get_main_hz
                0x000804a8       0x1c src/asf/common/services/clock/sam3x/sysclk.o
 .text.sysclk_get_cpu_hz
                0x000804c4       0x14 src/asf/common/services/clock/sam3x/sysclk.o
 .text.sysclk_init
                0x000804d8       0x68 src/asf/common/services/clock/sam3x/sysclk.o
                0x000804d8                sysclk_init
 .text.board_init
                0x00080540       0xd8 src/asf/sam/boards/sam3x_ek/init.o
                0x00080540                board_init
 .text.sn65hvd234_set_rs
                0x00080618       0x1c src/asf/sam/components/can/sn65hvd234.o
                0x00080618                sn65hvd234_set_rs
 .text.sn65hvd234_set_en
                0x00080634       0x1c src/asf/sam/components/can/sn65hvd234.o
                0x00080634                sn65hvd234_set_en
 .text.sn65hvd234_enable
                0x00080650       0x1c src/asf/sam/components/can/sn65hvd234.o
                0x00080650                sn65hvd234_enable
 .text.sn65hvd234_disable_low_power
                0x0008066c       0x1c src/asf/sam/components/can/sn65hvd234.o
                0x0008066c                sn65hvd234_disable_low_power
 .text.can_set_baudrate
                0x00080688      0x150 src/asf/sam/drivers/can/can.o
 .text.can_init
                0x000807d8       0x88 src/asf/sam/drivers/can/can.o
                0x000807d8                can_init
 .text.can_enable
                0x00080860       0x20 src/asf/sam/drivers/can/can.o
                0x00080860                can_enable
 .text.can_disable
                0x00080880       0x20 src/asf/sam/drivers/can/can.o
                0x00080880                can_disable
 .text.can_enable_interrupt
                0x000808a0       0x1c src/asf/sam/drivers/can/can.o
                0x000808a0                can_enable_interrupt
 .text.can_disable_interrupt
                0x000808bc       0x1c src/asf/sam/drivers/can/can.o
                0x000808bc                can_disable_interrupt
 .text.can_get_status
                0x000808d8       0x18 src/asf/sam/drivers/can/can.o
                0x000808d8                can_get_status
 .text.can_global_send_transfer_cmd
                0x000808f0       0x2c src/asf/sam/drivers/can/can.o
                0x000808f0                can_global_send_transfer_cmd
 .text.can_mailbox_get_status
                0x0008091c       0x28 src/asf/sam/drivers/can/can.o
                0x0008091c                can_mailbox_get_status
 .text.can_mailbox_send_transfer_cmd
                0x00080944       0x38 src/asf/sam/drivers/can/can.o
                0x00080944                can_mailbox_send_transfer_cmd
 .text.can_mailbox_init
                0x0008097c      0x120 src/asf/sam/drivers/can/can.o
                0x0008097c                can_mailbox_init
 .text.can_mailbox_read
                0x00080a9c       0xc4 src/asf/sam/drivers/can/can.o
                0x00080a9c                can_mailbox_read
 .text.can_mailbox_write
                0x00080b60       0xb8 src/asf/sam/drivers/can/can.o
                0x00080b60                can_mailbox_write
 .text.can_reset_all_mailbox
                0x00080c18       0x44 src/asf/sam/drivers/can/can.o
                0x00080c18                can_reset_all_mailbox
 .text.pio_pull_up
                0x00080c5c       0x2c src/asf/sam/drivers/pio/pio.o
                0x00080c5c                pio_pull_up
 .text.pio_set_peripheral
                0x00080c88       0x80 src/asf/sam/drivers/pio/pio.o
                0x00080c88                pio_set_peripheral
 .text.pio_set_input
                0x00080d08       0x7c src/asf/sam/drivers/pio/pio.o
                0x00080d08                pio_set_input
 .text.pio_set_output
                0x00080d84       0x64 src/asf/sam/drivers/pio/pio.o
                0x00080d84                pio_set_output
 .text.pio_disable_interrupt
                0x00080de8       0x1c src/asf/sam/drivers/pio/pio.o
                0x00080de8                pio_disable_interrupt
 .text.pio_get_interrupt_status
                0x00080e04       0x18 src/asf/sam/drivers/pio/pio.o
                0x00080e04                pio_get_interrupt_status
 .text.pio_get_interrupt_mask
                0x00080e1c       0x18 src/asf/sam/drivers/pio/pio.o
                0x00080e1c                pio_get_interrupt_mask
 .text.pio_set_pin_high
                0x00080e34       0x34 src/asf/sam/drivers/pio/pio.o
                0x00080e34                pio_set_pin_high
 .text.pio_set_pin_low
                0x00080e68       0x34 src/asf/sam/drivers/pio/pio.o
                0x00080e68                pio_set_pin_low
 .text.pio_toggle_pin
                0x00080e9c       0x60 src/asf/sam/drivers/pio/pio.o
                0x00080e9c                pio_toggle_pin
 .text.pio_configure_pin
                0x00080efc      0x13c src/asf/sam/drivers/pio/pio.o
                0x00080efc                pio_configure_pin
 .text.pio_handler_process
                0x00081038       0xa4 src/asf/sam/drivers/pio/pio_handler.o
                0x00081038                pio_handler_process
 .text.PIOA_Handler
                0x000810dc       0x18 src/asf/sam/drivers/pio/pio_handler.o
                0x000810dc                PIOA_Handler
 .text.PIOB_Handler
                0x000810f4       0x18 src/asf/sam/drivers/pio/pio_handler.o
                0x000810f4                PIOB_Handler
 .text.PIOC_Handler
                0x0008110c       0x18 src/asf/sam/drivers/pio/pio_handler.o
                0x0008110c                PIOC_Handler
 .text.PIOD_Handler
                0x00081124       0x18 src/asf/sam/drivers/pio/pio_handler.o
                0x00081124                PIOD_Handler
 .text.pmc_switch_mck_to_pllack
                0x0008113c       0x84 src/asf/sam/drivers/pmc/pmc.o
                0x0008113c                pmc_switch_mck_to_pllack
 .text.pmc_switch_sclk_to_32kxtal
                0x000811c0       0x3c src/asf/sam/drivers/pmc/pmc.o
                0x000811c0                pmc_switch_sclk_to_32kxtal
 .text.pmc_osc_is_ready_32kxtal
                0x000811fc       0x34 src/asf/sam/drivers/pmc/pmc.o
                0x000811fc                pmc_osc_is_ready_32kxtal
 .text.pmc_switch_mainck_to_fastrc
                0x00081230       0xa0 src/asf/sam/drivers/pmc/pmc.o
                0x00081230                pmc_switch_mainck_to_fastrc
 .text.pmc_switch_mainck_to_xtal
                0x000812d0       0x6c src/asf/sam/drivers/pmc/pmc.o
                0x000812d0                pmc_switch_mainck_to_xtal
 .text.pmc_osc_is_ready_mainck
                0x0008133c       0x1c src/asf/sam/drivers/pmc/pmc.o
                0x0008133c                pmc_osc_is_ready_mainck
 .text.pmc_disable_pllack
                0x00081358       0x18 src/asf/sam/drivers/pmc/pmc.o
                0x00081358                pmc_disable_pllack
 .text.pmc_is_locked_pllack
                0x00081370       0x1c src/asf/sam/drivers/pmc/pmc.o
                0x00081370                pmc_is_locked_pllack
 .text.pmc_is_locked_upll
                0x0008138c       0x1c src/asf/sam/drivers/pmc/pmc.o
                0x0008138c                pmc_is_locked_upll
 .text.pmc_enable_periph_clk
                0x000813a8       0x84 src/asf/sam/drivers/pmc/pmc.o
                0x000813a8                pmc_enable_periph_clk
 .text.rtt_init
                0x0008142c       0x24 src/asf/sam/drivers/rtt/rtt.o
                0x0008142c                rtt_init
 .text.rtt_enable_interrupt
                0x00081450       0x28 src/asf/sam/drivers/rtt/rtt.o
                0x00081450                rtt_enable_interrupt
 .text.rtt_disable_interrupt
                0x00081478       0x30 src/asf/sam/drivers/rtt/rtt.o
                0x00081478                rtt_disable_interrupt
 .text.rtt_get_status
                0x000814a8       0x18 src/asf/sam/drivers/rtt/rtt.o
                0x000814a8                rtt_get_status
 .text.rtt_write_alarm_time
                0x000814c0       0x58 src/asf/sam/drivers/rtt/rtt.o
                0x000814c0                rtt_write_alarm_time
 .text.usart_disable_interrupt
                0x00081518       0x1c src/asf/sam/drivers/usart/usart.o
                0x00081518                usart_disable_interrupt
 .text.usart_get_interrupt_mask
                0x00081534       0x18 src/asf/sam/drivers/usart/usart.o
                0x00081534                usart_get_interrupt_mask
 .text.usart_get_status
                0x0008154c       0x18 src/asf/sam/drivers/usart/usart.o
                0x0008154c                usart_get_status
 .text.usart_putchar
                0x00081564       0x44 src/asf/sam/drivers/usart/usart.o
                0x00081564                usart_putchar
 .text.usart_getchar
                0x000815a8       0x48 src/asf/sam/drivers/usart/usart.o
                0x000815a8                usart_getchar
 .text.wdt_restart
                0x000815f0       0x28 src/asf/sam/drivers/wdt/wdt.o
                0x000815f0                wdt_restart
 .text.wdt_get_status
                0x00081618       0x18 src/asf/sam/drivers/wdt/wdt.o
                0x00081618                wdt_get_status
 .text.Dummy_Handler
                0x00081630        0x8 src/asf/sam/utils/cmsis/sam3x/source/templates/exceptions.o
                0x00081630                DACC_Handler
                0x00081630                DebugMon_Handler
                0x00081630                DMAC_Handler
                0x00081630                TRNG_Handler
                0x00081630                HardFault_Handler
                0x00081630                TC2_Handler
                0x00081630                USART3_Handler
                0x00081630                TWI1_Handler
                0x00081630                NMI_Handler
                0x00081630                TC7_Handler
                0x00081630                ADC_Handler
                0x00081630                SMC_Handler
                0x00081630                EFC1_Handler
                0x00081630                RTC_Handler
                0x00081630                UsageFault_Handler
                0x00081630                TC6_Handler
                0x00081630                TC4_Handler
                0x00081630                TC1_Handler
                0x00081630                HSMCI_Handler
                0x00081630                TC3_Handler
                0x00081630                Dummy_Handler
                0x00081630                TWI0_Handler
                0x00081630                USART1_Handler
                0x00081630                SSC_Handler
                0x00081630                EFC0_Handler
                0x00081630                PMC_Handler
                0x00081630                PWM_Handler
                0x00081630                MemManage_Handler
                0x00081630                SUPC_Handler
                0x00081630                TC8_Handler
                0x00081630                USART2_Handler
                0x00081630                EMAC_Handler
                0x00081630                UART_Handler
                0x00081630                BusFault_Handler
                0x00081630                RSTC_Handler
                0x00081630                TC0_Handler
                0x00081630                TC5_Handler
                0x00081630                UOTGHS_Handler
                0x00081630                SPI0_Handler
 .text.Reset_Handler
                0x00081638       0xa8 src/asf/sam/utils/cmsis/sam3x/source/templates/gcc/startup_sam3x.o
                0x00081638                Reset_Handler
 .text.SystemCoreClockUpdate
                0x000816e0      0x180 src/asf/sam/utils/cmsis/sam3x/source/templates/system_sam3x.o
                0x000816e0                SystemCoreClockUpdate
 .text.system_init_flash
                0x00081860       0xa0 src/asf/sam/utils/cmsis/sam3x/source/templates/system_sam3x.o
                0x00081860                system_init_flash
 .text.vListInitialise
                0x00081900       0x40 src/asf/thirdparty/FreeRTOS/list.o
                0x00081900                vListInitialise
 .text.vListInitialiseItem
                0x00081940       0x18 src/asf/thirdparty/FreeRTOS/list.o
                0x00081940                vListInitialiseItem
 .text.vListInsertEnd
                0x00081958       0x48 src/asf/thirdparty/FreeRTOS/list.o
                0x00081958                vListInsertEnd
 .text.vListInsert
                0x000819a0       0x70 src/asf/thirdparty/FreeRTOS/list.o
                0x000819a0                vListInsert
 .text.uxListRemove
                0x00081a10       0x54 src/asf/thirdparty/FreeRTOS/list.o
                0x00081a10                uxListRemove
 .text.pxPortInitialiseStack
                0x00081a64       0x58 src/asf/thirdparty/FreeRTOS/portable/GCC/ARM_CM3/port.o
                0x00081a64                pxPortInitialiseStack
 .text.prvTaskExitError
                0x00081abc       0x24 src/asf/thirdparty/FreeRTOS/portable/GCC/ARM_CM3/port.o
 .text.SVC_Handler
                0x00081ae0       0x24 src/asf/thirdparty/FreeRTOS/portable/GCC/ARM_CM3/port.o
                0x00081ae0                SVC_Handler
 .text.prvPortStartFirstTask
                0x00081b04       0x20 src/asf/thirdparty/FreeRTOS/portable/GCC/ARM_CM3/port.o
 .text.xPortStartScheduler
                0x00081b24       0xc8 src/asf/thirdparty/FreeRTOS/portable/GCC/ARM_CM3/port.o
                0x00081b24                xPortStartScheduler
 .text.vPortYield
                0x00081bec       0x20 src/asf/thirdparty/FreeRTOS/portable/GCC/ARM_CM3/port.o
                0x00081bec                vPortYield
 .text.vPortEnterCritical
                0x00081c0c       0x44 src/asf/thirdparty/FreeRTOS/portable/GCC/ARM_CM3/port.o
                0x00081c0c                vPortEnterCritical
 .text.vPortExitCritical
                0x00081c50       0x38 src/asf/thirdparty/FreeRTOS/portable/GCC/ARM_CM3/port.o
                0x00081c50                vPortExitCritical
 .text.ulPortSetInterruptMask
                0x00081c88       0x14 src/asf/thirdparty/FreeRTOS/portable/GCC/ARM_CM3/port.o
                0x00081c88                ulPortSetInterruptMask
 .text.vPortClearInterruptMask
                0x00081c9c        0x8 src/asf/thirdparty/FreeRTOS/portable/GCC/ARM_CM3/port.o
                0x00081c9c                vPortClearInterruptMask
 .text.PendSV_Handler
                0x00081ca4       0x44 src/asf/thirdparty/FreeRTOS/portable/GCC/ARM_CM3/port.o
                0x00081ca4                PendSV_Handler
 .text.SysTick_Handler
                0x00081ce8       0x34 src/asf/thirdparty/FreeRTOS/portable/GCC/ARM_CM3/port.o
                0x00081ce8                SysTick_Handler
 .text.vPortSetupTimerInterrupt
                0x00081d1c       0x34 src/asf/thirdparty/FreeRTOS/portable/GCC/ARM_CM3/port.o
                0x00081d1c                vPortSetupTimerInterrupt
 .text.vPortValidateInterruptPriority
                0x00081d50       0x5c src/asf/thirdparty/FreeRTOS/portable/GCC/ARM_CM3/port.o
                0x00081d50                vPortValidateInterruptPriority
 .text.pvPortMalloc
                0x00081dac      0x178 src/asf/thirdparty/FreeRTOS/portable/MemMang/heap_4.o
                0x00081dac                pvPortMalloc
 .text.vPortFree
                0x00081f24       0xa4 src/asf/thirdparty/FreeRTOS/portable/MemMang/heap_4.o
                0x00081f24                vPortFree
 .text.prvHeapInit
                0x00081fc8       0xc4 src/asf/thirdparty/FreeRTOS/portable/MemMang/heap_4.o
 .text.prvInsertBlockIntoFreeList
                0x0008208c       0xb0 src/asf/thirdparty/FreeRTOS/portable/MemMang/heap_4.o
 .text.xQueueGenericReset
                0x0008213c       0xc8 src/asf/thirdparty/FreeRTOS/queue.o
                0x0008213c                xQueueGenericReset
 .text.xQueueGenericCreate
                0x00082204       0x8c src/asf/thirdparty/FreeRTOS/queue.o
                0x00082204                xQueueGenericCreate
 .text.xQueueGenericSend
                0x00082290      0x1c4 src/asf/thirdparty/FreeRTOS/queue.o
                0x00082290                xQueueGenericSend
 .text.xQueueGenericSendFromISR
                0x00082454       0xfc src/asf/thirdparty/FreeRTOS/queue.o
                0x00082454                xQueueGenericSendFromISR
 .text.xQueueGenericReceive
                0x00082550      0x1fc src/asf/thirdparty/FreeRTOS/queue.o
                0x00082550                xQueueGenericReceive
 .text.xQueueReceiveFromISR
                0x0008274c       0xc8 src/asf/thirdparty/FreeRTOS/queue.o
                0x0008274c                xQueueReceiveFromISR
 .text.prvCopyDataToQueue
                0x00082814       0xe4 src/asf/thirdparty/FreeRTOS/queue.o
 .text.prvCopyDataFromQueue
                0x000828f8       0x50 src/asf/thirdparty/FreeRTOS/queue.o
 .text.prvUnlockQueue
                0x00082948       0xa8 src/asf/thirdparty/FreeRTOS/queue.o
 .text.prvIsQueueEmpty
                0x000829f0       0x34 src/asf/thirdparty/FreeRTOS/queue.o
 .text.prvIsQueueFull
                0x00082a24       0x38 src/asf/thirdparty/FreeRTOS/queue.o
 .text.vQueueWaitForMessageRestricted
                0x00082a5c       0x68 src/asf/thirdparty/FreeRTOS/queue.o
                0x00082a5c                vQueueWaitForMessageRestricted
 .text.xTaskGenericCreate
                0x00082ac4      0x180 src/asf/thirdparty/FreeRTOS/tasks.o
                0x00082ac4                xTaskGenericCreate
 .text.vTaskDelayUntil
                0x00082c44       0xfc src/asf/thirdparty/FreeRTOS/tasks.o
                0x00082c44                vTaskDelayUntil
 .text.vTaskStartScheduler
                0x00082d40       0x80 src/asf/thirdparty/FreeRTOS/tasks.o
                0x00082d40                vTaskStartScheduler
 .text.vTaskSuspendAll
                0x00082dc0       0x1c src/asf/thirdparty/FreeRTOS/tasks.o
                0x00082dc0                vTaskSuspendAll
 .text.xTaskResumeAll
                0x00082ddc      0x124 src/asf/thirdparty/FreeRTOS/tasks.o
                0x00082ddc                xTaskResumeAll
 .text.xTaskGetTickCount
                0x00082f00       0x2c src/asf/thirdparty/FreeRTOS/tasks.o
                0x00082f00                xTaskGetTickCount
 .text.xTaskIncrementTick
                0x00082f2c      0x17c src/asf/thirdparty/FreeRTOS/tasks.o
                0x00082f2c                xTaskIncrementTick
 .text.vTaskSwitchContext
                0x000830a8       0xfc src/asf/thirdparty/FreeRTOS/tasks.o
                0x000830a8                vTaskSwitchContext
 .text.vTaskPlaceOnEventList
                0x000831a4       0xa0 src/asf/thirdparty/FreeRTOS/tasks.o
                0x000831a4                vTaskPlaceOnEventList
 .text.vTaskPlaceOnEventListRestricted
                0x00083244       0x80 src/asf/thirdparty/FreeRTOS/tasks.o
                0x00083244                vTaskPlaceOnEventListRestricted
 .text.xTaskRemoveFromEventList
                0x000832c4       0xc0 src/asf/thirdparty/FreeRTOS/tasks.o
                0x000832c4                xTaskRemoveFromEventList
 .text.vTaskSetTimeOutState
                0x00083384       0x38 src/asf/thirdparty/FreeRTOS/tasks.o
                0x00083384                vTaskSetTimeOutState
 .text.xTaskCheckForTimeOut
                0x000833bc       0xb0 src/asf/thirdparty/FreeRTOS/tasks.o
                0x000833bc                xTaskCheckForTimeOut
 .text.vTaskMissedYield
                0x0008346c       0x18 src/asf/thirdparty/FreeRTOS/tasks.o
                0x0008346c                vTaskMissedYield
 .text.prvIdleTask
                0x00083484       0x28 src/asf/thirdparty/FreeRTOS/tasks.o
 .text.prvInitialiseTCBVariables
                0x000834ac       0x98 src/asf/thirdparty/FreeRTOS/tasks.o
 .text.prvInitialiseTaskLists
                0x00083544       0x80 src/asf/thirdparty/FreeRTOS/tasks.o
 .text.prvCheckTasksWaitingTermination
                0x000835c4       0x8c src/asf/thirdparty/FreeRTOS/tasks.o
 .text.prvAddCurrentTaskToDelayedList
                0x00083650       0x70 src/asf/thirdparty/FreeRTOS/tasks.o
 .text.prvAllocateTCBAndStack
                0x000836c0       0x70 src/asf/thirdparty/FreeRTOS/tasks.o
 .text.prvDeleteTCB
                0x00083730       0x24 src/asf/thirdparty/FreeRTOS/tasks.o
 .text.prvResetNextTaskUnblockTime
                0x00083754       0x48 src/asf/thirdparty/FreeRTOS/tasks.o
 .text.xTaskGetSchedulerState
                0x0008379c       0x3c src/asf/thirdparty/FreeRTOS/tasks.o
                0x0008379c                xTaskGetSchedulerState
 .text.vTaskPriorityInherit
                0x000837d8       0xf4 src/asf/thirdparty/FreeRTOS/tasks.o
                0x000837d8                vTaskPriorityInherit
 .text.xTaskPriorityDisinherit
                0x000838cc       0xe4 src/asf/thirdparty/FreeRTOS/tasks.o
                0x000838cc                xTaskPriorityDisinherit
 .text.pvTaskIncrementMutexHeldCount
                0x000839b0       0x28 src/asf/thirdparty/FreeRTOS/tasks.o
                0x000839b0                pvTaskIncrementMutexHeldCount
 .text.xTimerCreateTimerTask
                0x000839d8       0x64 src/asf/thirdparty/FreeRTOS/timers.o
                0x000839d8                xTimerCreateTimerTask
 .text.xTimerGenericCommand
                0x00083a3c       0x98 src/asf/thirdparty/FreeRTOS/timers.o
                0x00083a3c                xTimerGenericCommand
 .text.prvProcessExpiredTimer
                0x00083ad4       0x80 src/asf/thirdparty/FreeRTOS/timers.o
 .text.prvTimerTask
                0x00083b54       0x30 src/asf/thirdparty/FreeRTOS/timers.o
 .text.prvProcessTimerOrBlockTask
                0x00083b84       0x84 src/asf/thirdparty/FreeRTOS/timers.o
 .text.prvGetNextExpireTime
                0x00083c08       0x48 src/asf/thirdparty/FreeRTOS/timers.o
 .text.prvSampleTimeNow
                0x00083c50       0x48 src/asf/thirdparty/FreeRTOS/timers.o
 .text.prvInsertTimerInActiveList
                0x00083c98       0x88 src/asf/thirdparty/FreeRTOS/timers.o
 .text.prvProcessReceivedCommands
                0x00083d20      0x12c src/asf/thirdparty/FreeRTOS/timers.o
 .text.prvSwitchTimerLists
                0x00083e4c       0xc0 src/asf/thirdparty/FreeRTOS/timers.o
 .text.prvCheckForValidListAndQueue
                0x00083f0c       0x74 src/asf/thirdparty/FreeRTOS/timers.o
 .text.NVIC_EnableIRQ
                0x00083f80       0x30 src/can_func.o
 .text.NVIC_DisableIRQ
                0x00083fb0       0x34 src/can_func.o
 .text.osc_get_rate
                0x00083fe4       0x74 src/can_func.o
 .text.sysclk_get_main_hz
                0x00084058       0x1c src/can_func.o
 .text.sysclk_get_cpu_hz
                0x00084074       0x14 src/can_func.o
 .text.CAN1_Handler
                0x00084088       0x98 src/can_func.o
                0x00084088                CAN1_Handler
 .text.CAN0_Handler
                0x00084120       0xa0 src/can_func.o
                0x00084120                CAN0_Handler
 .text.decode_can_msg
                0x000841c0      0x124 src/can_func.o
                0x000841c0                decode_can_msg
 .text.reset_mailbox_conf
                0x000842e4       0x54 src/can_func.o
                0x000842e4                reset_mailbox_conf
 .text.send_can_command
                0x00084338       0xa4 src/can_func.o
                0x00084338                send_can_command
 .text.command_in
                0x000843dc       0xf8 src/can_func.o
                0x000843dc                command_in
 .text.save_can_object
                0x000844d4       0x70 src/can_func.o
                0x000844d4                save_can_object
 .text.restore_can_object
                0x00084544       0x70 src/can_func.o
                0x00084544                restore_can_object
 .text.can_initialize
                0x000845b4       0xec src/can_func.o
                0x000845b4                can_initialize
 .text.can_init_mailboxes
                0x000846a0       0x8c src/can_func.o
                0x000846a0                can_init_mailboxes
 .text.NVIC_SetPriorityGrouping
                0x0008472c       0x48 src/main.o
 .text.main     0x00084774       0x18 src/main.o
                0x00084774                main
 .text.prvSetupHardware
                0x0008478c       0x30 src/main.o
 .text.vApplicationMallocFailedHook
                0x000847bc       0x10 src/main.o
                0x000847bc                vApplicationMallocFailedHook
 .text.vApplicationStackOverflowHook
                0x000847cc       0x14 src/main.o
                0x000847cc                vApplicationStackOverflowHook
 .text.WDT_Handler
                0x000847e0       0x28 src/main.o
                0x000847e0                WDT_Handler
 .text.vParTestInitialise
                0x00084808       0x44 src/ParTest.o
                0x00084808                vParTestInitialise
 .text.vParTestSetLED
                0x0008484c       0x74 src/ParTest.o
                0x0008484c                vParTestSetLED
 .text.RTT_Handler
                0x000848c0       0x70 src/rtt_test0.o
                0x000848c0                RTT_Handler
 .text.USART0_Handler
                0x00084930       0xd0 src/serial.o
                0x00084930                USART0_Handler
 .text.__libc_init_array
                0x00084a00       0x50 c:/program files (x86)/atmel/atmel toolchain/arm gcc/native/4.8.1437/arm-gnu-toolchain/bin/../lib/gcc/arm-none-eabi/4.8.4/../../../../arm-none-eabi/lib/armv7-m\libc.a(lib_a-init.o)
                0x00084a00                __libc_init_array
 .text.memcmp   0x00084a50       0x68 c:/program files (x86)/atmel/atmel toolchain/arm gcc/native/4.8.1437/arm-gnu-toolchain/bin/../lib/gcc/arm-none-eabi/4.8.4/../../../../arm-none-eabi/lib/armv7-m\libc.a(lib_a-memcmp.o)
                0x00084a50                memcmp
 .text          0x00084ab8       0xec c:/program files (x86)/atmel/atmel toolchain/arm gcc/native/4.8.1437/arm-gnu-toolchain/bin/../lib/gcc/arm-none-eabi/4.8.4/../../../../arm-none-eabi/lib/armv7-m\libc.a(lib_a-memcpy.o)
                0x00084ab8                memcpy
 .text.memset   0x00084ba4       0x94 c:/program files (x86)/atmel/atmel toolchain/arm gcc/native/4.8.1437/arm-gnu-toolchain/bin/../lib/gcc/arm-none-eabi/4.8.4/../../../../arm-none-eabi/lib/armv7-m\libc.a(lib_a-memset.o)
                0x00084ba4                memset
 .text.startup.register_fini
                0x00084c38       0x14 c:/program files (x86)/atmel/atmel toolchain/arm gcc/native/4.8.1437/arm-gnu-toolchain/bin/../lib/gcc/arm-none-eabi/4.8.4/../../../../arm-none-eabi/lib/armv7-m\libc.a(lib_a-__call_atexit.o)
 .text.atexit   0x00084c4c        0xc c:/program files (x86)/atmel/atmel toolchain/arm gcc/native/4.8.1437/arm-gnu-toolchain/bin/../lib/gcc/arm-none-eabi/4.8.4/../../../../arm-none-eabi/lib/armv7-m\libc.a(lib_a-atexit.o)
                0x00084c4c                atexit
 .text.__libc_fini_array
                0x00084c58       0x30 c:/program files (x86)/atmel/atmel toolchain/arm gcc/native/4.8.1437/arm-gnu-toolchain/bin/../lib/gcc/arm-none-eabi/4.8.4/../../../../arm-none-eabi/lib/armv7-m\libc.a(lib_a-fini.o)
                0x00084c58                __libc_fini_array
 .text.__register_exitproc
                0x00084c88       0xa8 c:/program files (x86)/atmel/atmel toolchain/arm gcc/native/4.8.1437/arm-gnu-toolchain/bin/../lib/gcc/arm-none-eabi/4.8.4/../../../../arm-none-eabi/lib/armv7-m\libc.a(lib_a-__atexit.o)
                0x00084c88                __register_exitproc
 *(.glue_7t)
 .glue_7t       0x00000000        0x0 linker stubs
 *(.glue_7)
 .glue_7        0x00000000        0x0 linker stubs
 *(.rodata .rodata* .gnu.linkonce.r.*)
 .rodata        0x00084d30        0x4 src/command_test.o
 .rodata.can_bit_time
                0x00084d34       0x6c src/asf/sam/drivers/can/can.o
                0x00084d34                can_bit_time
 .rodata        0x00084da0        0x8 src/asf/thirdparty/FreeRTOS/tasks.o
 .rodata.ucExpectedStackBytes.5295
                0x00084da8       0x14 src/asf/thirdparty/FreeRTOS/tasks.o
 .rodata        0x00084dbc        0x8 src/asf/thirdparty/FreeRTOS/timers.o
 .rodata.ulLED  0x00084dc4        0xc src/ParTest.o
 .rodata.str1.4
                0x00084dd0        0x4 c:/program files (x86)/atmel/atmel toolchain/arm gcc/native/4.8.1437/arm-gnu-toolchain/bin/../lib/gcc/arm-none-eabi/4.8.4/../../../../arm-none-eabi/lib/armv7-m\libc.a(lib_a-impure.o)
 .rodata._global_impure_ptr
                0x00084dd4        0x4 c:/program files (x86)/atmel/atmel toolchain/arm gcc/native/4.8.1437/arm-gnu-toolchain/bin/../lib/gcc/arm-none-eabi/4.8.4/../../../../arm-none-eabi/lib/armv7-m\libc.a(lib_a-impure.o)
                0x00084dd4                _global_impure_ptr
 *(.ARM.extab* .gnu.linkonce.armextab.*)
                0x00084dd8                . = ALIGN (0x4)
 *(.init)
 .init          0x00084dd8        0x4 c:/program files (x86)/atmel/atmel toolchain/arm gcc/native/4.8.1437/arm-gnu-toolchain/bin/../lib/gcc/arm-none-eabi/4.8.4/armv7-m/crti.o
                0x00084dd8                _init
 .init          0x00084ddc        0x8 c:/program files (x86)/atmel/atmel toolchain/arm gcc/native/4.8.1437/arm-gnu-toolchain/bin/../lib/gcc/arm-none-eabi/4.8.4/armv7-m/crtn.o
                0x00084de4                . = ALIGN (0x4)
                0x00084de4                __preinit_array_start = .
 *(.preinit_array)
                0x00084de4                __preinit_array_end = .
                0x00084de4                . = ALIGN (0x4)
                0x00084de4                __init_array_start = .
 *(SORT(.init_array.*))
 .init_array.00000
                0x00084de4        0x4 c:/program files (x86)/atmel/atmel toolchain/arm gcc/native/4.8.1437/arm-gnu-toolchain/bin/../lib/gcc/arm-none-eabi/4.8.4/../../../../arm-none-eabi/lib/armv7-m\libc.a(lib_a-__call_atexit.o)
 *(.init_array)
 .init_array    0x00084de8        0x4 c:/program files (x86)/atmel/atmel toolchain/arm gcc/native/4.8.1437/arm-gnu-toolchain/bin/../lib/gcc/arm-none-eabi/4.8.4/armv7-m/crtbegin.o
                0x00084dec                __init_array_end = .
                0x00084dec                . = ALIGN (0x4)
 *crtbegin.o(.ctors)
 *(EXCLUDE_FILE(*crtend.o) .ctors)
 *(SORT(.ctors.*))
 *crtend.o(.ctors)
                0x00084dec                . = ALIGN (0x4)
 *(.fini)
 .fini          0x00084dec        0x4 c:/program files (x86)/atmel/atmel toolchain/arm gcc/native/4.8.1437/arm-gnu-toolchain/bin/../lib/gcc/arm-none-eabi/4.8.4/armv7-m/crti.o
                0x00084dec                _fini
 .fini          0x00084df0        0x8 c:/program files (x86)/atmel/atmel toolchain/arm gcc/native/4.8.1437/arm-gnu-toolchain/bin/../lib/gcc/arm-none-eabi/4.8.4/armv7-m/crtn.o
                0x00084df8                . = ALIGN (0x4)
                0x00084df8                __fini_array_start = .
 *(.fini_array)
 .fini_array    0x00084df8        0x4 c:/program files (x86)/atmel/atmel toolchain/arm gcc/native/4.8.1437/arm-gnu-toolchain/bin/../lib/gcc/arm-none-eabi/4.8.4/armv7-m/crtbegin.o
 *(SORT(.fini_array.*))
                0x00084dfc                __fini_array_end = .
 *crtbegin.o(.dtors)
 *(EXCLUDE_FILE(*crtend.o) .dtors)
 *(SORT(.dtors.*))
 *crtend.o(.dtors)
                0x00084dfc                . = ALIGN (0x4)
                0x00084dfc                _efixed = .
                0x00084dfc                PROVIDE (__exidx_start, .)

.vfp11_veneer   0x00084dfc        0x0
 .vfp11_veneer  0x00000000        0x0 linker stubs

.v4_bx          0x00084dfc        0x0
 .v4_bx         0x00000000        0x0 linker stubs

.iplt           0x00084dfc        0x0
 .iplt          0x00000000        0x0 c:/program files (x86)/atmel/atmel toolchain/arm gcc/native/4.8.1437/arm-gnu-toolchain/bin/../lib/gcc/arm-none-eabi/4.8.4/armv7-m/crtbegin.o

.eh_frame       0x00084dfc        0x0
 .eh_frame      0x00084dfc        0x0 c:/program files (x86)/atmel/atmel toolchain/arm gcc/native/4.8.1437/arm-gnu-toolchain/bin/../lib/gcc/arm-none-eabi/4.8.4/armv7-m/crtbegin.o

.rel.dyn        0x00084dfc        0x0
 .rel.iplt      0x00000000        0x0 c:/program files (x86)/atmel/atmel toolchain/arm gcc/native/4.8.1437/arm-gnu-toolchain/bin/../lib/gcc/arm-none-eabi/4.8.4/armv7-m/crtbegin.o

.jcr            0x00084dfc        0x0
 .jcr           0x00084dfc        0x0 c:/program files (x86)/atmel/atmel toolchain/arm gcc/native/4.8.1437/arm-gnu-toolchain/bin/../lib/gcc/arm-none-eabi/4.8.4/armv7-m/crtbegin.o

.igot.plt       0x00084dfc        0x0
 .igot.plt      0x00000000        0x0 c:/program files (x86)/atmel/atmel toolchain/arm gcc/native/4.8.1437/arm-gnu-toolchain/bin/../lib/gcc/arm-none-eabi/4.8.4/armv7-m/crtbegin.o

.ARM.exidx
 *(.ARM.exidx* .gnu.linkonce.armexidx.*)
                0x00084dfc                PROVIDE (__exidx_end, .)
                0x00084dfc                . = ALIGN (0x4)
                0x00084dfc                _etext = .

.relocate       0x20070000      0x438 load address 0x00084dfc
                0x20070000                . = ALIGN (0x4)
                0x20070000                _srelocate = .
 *(.ramfunc .ramfunc.*)
 *(.data .data.*)
 .data.SystemCoreClock
                0x20070000        0x4 src/asf/sam/utils/cmsis/sam3x/source/templates/system_sam3x.o
                0x20070000                SystemCoreClock
 .data.uxCriticalNesting
                0x20070004        0x4 src/asf/thirdparty/FreeRTOS/portable/GCC/ARM_CM3/port.o
 .data.xNextTaskUnblockTime
                0x20070008        0x4 src/asf/thirdparty/FreeRTOS/tasks.o
 *fill*         0x2007000c        0x4 
 .data.impure_data
                0x20070010      0x428 c:/program files (x86)/atmel/atmel toolchain/arm gcc/native/4.8.1437/arm-gnu-toolchain/bin/../lib/gcc/arm-none-eabi/4.8.4/../../../../arm-none-eabi/lib/armv7-m\libc.a(lib_a-impure.o)
                0x20070438                . = ALIGN (0x4)
                0x20070438                _erelocate = .

.bss            0x20070438     0xa284 load address 0x00085234
                0x20070438                . = ALIGN (0x4)
                0x20070438                _sbss = .
                0x20070438                _szero = .
 *(.bss .bss.*)
 .bss           0x20070438       0x1c c:/program files (x86)/atmel/atmel toolchain/arm gcc/native/4.8.1437/arm-gnu-toolchain/bin/../lib/gcc/arm-none-eabi/4.8.4/armv7-m/crtbegin.o
 .bss.gs_interrupt_sources
                0x20070454       0x70 src/asf/sam/drivers/pio/pio_handler.o
 .bss.ucMaxSysCallPriority
                0x200704c4        0x1 src/asf/thirdparty/FreeRTOS/portable/GCC/ARM_CM3/port.o
 *fill*         0x200704c5        0x3 
 .bss.ulMaxPRIGROUPValue
                0x200704c8        0x4 src/asf/thirdparty/FreeRTOS/portable/GCC/ARM_CM3/port.o
 .bss.ucHeap    0x200704cc     0xa000 src/asf/thirdparty/FreeRTOS/portable/MemMang/heap_4.o
 .bss.xStart    0x2007a4cc        0x8 src/asf/thirdparty/FreeRTOS/portable/MemMang/heap_4.o
 .bss.pxEnd     0x2007a4d4        0x4 src/asf/thirdparty/FreeRTOS/portable/MemMang/heap_4.o
 .bss.xFreeBytesRemaining
                0x2007a4d8        0x4 src/asf/thirdparty/FreeRTOS/portable/MemMang/heap_4.o
 .bss.xMinimumEverFreeBytesRemaining
                0x2007a4dc        0x4 src/asf/thirdparty/FreeRTOS/portable/MemMang/heap_4.o
 .bss.xBlockAllocatedBit
                0x2007a4e0        0x4 src/asf/thirdparty/FreeRTOS/portable/MemMang/heap_4.o
 .bss.pxCurrentTCB
                0x2007a4e4        0x4 src/asf/thirdparty/FreeRTOS/tasks.o
                0x2007a4e4                pxCurrentTCB
 .bss.pxReadyTasksLists
                0x2007a4e8       0x64 src/asf/thirdparty/FreeRTOS/tasks.o
 .bss.xDelayedTaskList1
                0x2007a54c       0x14 src/asf/thirdparty/FreeRTOS/tasks.o
 .bss.xDelayedTaskList2
                0x2007a560       0x14 src/asf/thirdparty/FreeRTOS/tasks.o
 .bss.pxDelayedTaskList
                0x2007a574        0x4 src/asf/thirdparty/FreeRTOS/tasks.o
 .bss.pxOverflowDelayedTaskList
                0x2007a578        0x4 src/asf/thirdparty/FreeRTOS/tasks.o
 .bss.xPendingReadyList
                0x2007a57c       0x14 src/asf/thirdparty/FreeRTOS/tasks.o
 .bss.xTasksWaitingTermination
                0x2007a590       0x14 src/asf/thirdparty/FreeRTOS/tasks.o
 .bss.uxTasksDeleted
                0x2007a5a4        0x4 src/asf/thirdparty/FreeRTOS/tasks.o
 .bss.xSuspendedTaskList
                0x2007a5a8       0x14 src/asf/thirdparty/FreeRTOS/tasks.o
 .bss.uxCurrentNumberOfTasks
                0x2007a5bc        0x4 src/asf/thirdparty/FreeRTOS/tasks.o
 .bss.xTickCount
                0x2007a5c0        0x4 src/asf/thirdparty/FreeRTOS/tasks.o
 .bss.uxTopReadyPriority
                0x2007a5c4        0x4 src/asf/thirdparty/FreeRTOS/tasks.o
 .bss.xSchedulerRunning
                0x2007a5c8        0x4 src/asf/thirdparty/FreeRTOS/tasks.o
 .bss.uxPendedTicks
                0x2007a5cc        0x4 src/asf/thirdparty/FreeRTOS/tasks.o
 .bss.xYieldPending
                0x2007a5d0        0x4 src/asf/thirdparty/FreeRTOS/tasks.o
 .bss.xNumOfOverflows
                0x2007a5d4        0x4 src/asf/thirdparty/FreeRTOS/tasks.o
 .bss.uxTaskNumber
                0x2007a5d8        0x4 src/asf/thirdparty/FreeRTOS/tasks.o
 .bss.uxSchedulerSuspended
                0x2007a5dc        0x4 src/asf/thirdparty/FreeRTOS/tasks.o
 .bss.xActiveTimerList1
                0x2007a5e0       0x14 src/asf/thirdparty/FreeRTOS/timers.o
 .bss.xActiveTimerList2
                0x2007a5f4       0x14 src/asf/thirdparty/FreeRTOS/timers.o
 .bss.pxCurrentTimerList
                0x2007a608        0x4 src/asf/thirdparty/FreeRTOS/timers.o
 .bss.pxOverflowTimerList
                0x2007a60c        0x4 src/asf/thirdparty/FreeRTOS/timers.o
 .bss.xTimerQueue
                0x2007a610        0x4 src/asf/thirdparty/FreeRTOS/timers.o
 .bss.xLastTime.5147
                0x2007a614        0x4 src/asf/thirdparty/FreeRTOS/timers.o
 .bss.g_ul_recv_status
                0x2007a618        0x4 src/can_func.o
                0x2007a618                g_ul_recv_status
 .bss.xRxedChars
                0x2007a61c        0x4 src/serial.o
 .bss.xCharsForTx
                0x2007a620        0x4 src/serial.o
 *(COMMON)
 COMMON         0x2007a624       0x90 src/command_test.o
                0x2007a624                can1_mailbox
                0x2007a644                can1_transceiver
                0x2007a64c                temp_mailbox_C1
                0x2007a66c                can0_mailbox
                0x2007a68c                temp_mailbox_C0
                0x2007a6ac                can0_transceiver
 COMMON         0x2007a6b4        0x8 src/rtt_test0.o
                0x2007a6b4                g_uc_alarmed
                0x2007a6b5                g_uc_state
                0x2007a6b8                g_ul_new_alarm
                0x2007a6bc                . = ALIGN (0x4)
                0x2007a6bc                _ebss = .
                0x2007a6bc                _ezero = .

.stack          0x2007a6bc     0x2004 load address 0x0008f4b8
                0x2007a6c0                . = ALIGN (0x8)
 *fill*         0x2007a6bc        0x4 
                0x2007a6c0                _sstack = .
                0x2007c6c0                . = (. + STACK_SIZE)
 *fill*         0x2007a6c0     0x2000 
                0x2007c6c0                . = ALIGN (0x8)
                0x2007c6c0                _estack = .
                0x2007c6c0                . = ALIGN (0x4)
                0x2007c6c0                _end = .
OUTPUT(RTOSDemo.elf elf32-littlearm)

.ARM.attributes
                0x00000000       0x29
 .ARM.attributes
                0x00000000       0x1d c:/program files (x86)/atmel/atmel toolchain/arm gcc/native/4.8.1437/arm-gnu-toolchain/bin/../lib/gcc/arm-none-eabi/4.8.4/armv7-m/crti.o
 .ARM.attributes
                0x0000001d       0x2d c:/program files (x86)/atmel/atmel toolchain/arm gcc/native/4.8.1437/arm-gnu-toolchain/bin/../lib/gcc/arm-none-eabi/4.8.4/armv7-m/crtbegin.o
 .ARM.attributes
                0x0000004a       0x33 src/command_test.o
 .ARM.attributes
                0x0000007d       0x33 src/asf/common/services/clock/sam3x/sysclk.o
 .ARM.attributes
                0x000000b0       0x33 src/asf/sam/boards/sam3x_ek/init.o
 .ARM.attributes
                0x000000e3       0x33 src/asf/sam/components/can/sn65hvd234.o
 .ARM.attributes
                0x00000116       0x33 src/asf/sam/drivers/can/can.o
 .ARM.attributes
                0x00000149       0x33 src/asf/sam/drivers/pio/pio.o
 .ARM.attributes
                0x0000017c       0x33 src/asf/sam/drivers/pio/pio_handler.o
 .ARM.attributes
                0x000001af       0x33 src/asf/sam/drivers/pmc/pmc.o
 .ARM.attributes
                0x000001e2       0x33 src/asf/sam/drivers/rtt/rtt.o
 .ARM.attributes
                0x00000215       0x33 src/asf/sam/drivers/usart/usart.o
 .ARM.attributes
                0x00000248       0x33 src/asf/sam/drivers/wdt/wdt.o
 .ARM.attributes
                0x0000027b       0x33 src/asf/sam/utils/cmsis/sam3x/source/templates/exceptions.o
 .ARM.attributes
                0x000002ae       0x33 src/asf/sam/utils/cmsis/sam3x/source/templates/gcc/startup_sam3x.o
 .ARM.attributes
                0x000002e1       0x33 src/asf/sam/utils/cmsis/sam3x/source/templates/system_sam3x.o
 .ARM.attributes
                0x00000314       0x33 src/asf/thirdparty/FreeRTOS/list.o
 .ARM.attributes
                0x00000347       0x33 src/asf/thirdparty/FreeRTOS/portable/GCC/ARM_CM3/port.o
 .ARM.attributes
                0x0000037a       0x33 src/asf/thirdparty/FreeRTOS/portable/MemMang/heap_4.o
 .ARM.attributes
                0x000003ad       0x33 src/asf/thirdparty/FreeRTOS/queue.o
 .ARM.attributes
                0x000003e0       0x33 src/asf/thirdparty/FreeRTOS/tasks.o
 .ARM.attributes
                0x00000413       0x33 src/asf/thirdparty/FreeRTOS/timers.o
 .ARM.attributes
                0x00000446       0x33 src/can_func.o
 .ARM.attributes
                0x00000479       0x33 src/main.o
 .ARM.attributes
                0x000004ac       0x33 src/ParTest.o
 .ARM.attributes
                0x000004df       0x33 src/rtt_test0.o
 .ARM.attributes
                0x00000512       0x33 src/serial.o
 .ARM.attributes
                0x00000545       0x2d c:/program files (x86)/atmel/atmel toolchain/arm gcc/native/4.8.1437/arm-gnu-toolchain/bin/../lib/gcc/arm-none-eabi/4.8.4/../../../../arm-none-eabi/lib/armv7-m\libc.a(lib_a-impure.o)
 .ARM.attributes
                0x00000572       0x2d c:/program files (x86)/atmel/atmel toolchain/arm gcc/native/4.8.1437/arm-gnu-toolchain/bin/../lib/gcc/arm-none-eabi/4.8.4/../../../../arm-none-eabi/lib/armv7-m\libc.a(lib_a-init.o)
 .ARM.attributes
                0x0000059f       0x2d c:/program files (x86)/atmel/atmel toolchain/arm gcc/native/4.8.1437/arm-gnu-toolchain/bin/../lib/gcc/arm-none-eabi/4.8.4/../../../../arm-none-eabi/lib/armv7-m\libc.a(lib_a-memcmp.o)
 .ARM.attributes
                0x000005cc       0x1b c:/program files (x86)/atmel/atmel toolchain/arm gcc/native/4.8.1437/arm-gnu-toolchain/bin/../lib/gcc/arm-none-eabi/4.8.4/../../../../arm-none-eabi/lib/armv7-m\libc.a(lib_a-memcpy.o)
 .ARM.attributes
                0x000005e7       0x2d c:/program files (x86)/atmel/atmel toolchain/arm gcc/native/4.8.1437/arm-gnu-toolchain/bin/../lib/gcc/arm-none-eabi/4.8.4/../../../../arm-none-eabi/lib/armv7-m\libc.a(lib_a-memset.o)
 .ARM.attributes
                0x00000614       0x2d c:/program files (x86)/atmel/atmel toolchain/arm gcc/native/4.8.1437/arm-gnu-toolchain/bin/../lib/gcc/arm-none-eabi/4.8.4/../../../../arm-none-eabi/lib/armv7-m\libc.a(lib_a-__call_atexit.o)
 .ARM.attributes
                0x00000641       0x2d c:/program files (x86)/atmel/atmel toolchain/arm gcc/native/4.8.1437/arm-gnu-toolchain/bin/../lib/gcc/arm-none-eabi/4.8.4/../../../../arm-none-eabi/lib/armv7-m\libc.a(lib_a-atexit.o)
 .ARM.attributes
                0x0000066e       0x2d c:/program files (x86)/atmel/atmel toolchain/arm gcc/native/4.8.1437/arm-gnu-toolchain/bin/../lib/gcc/arm-none-eabi/4.8.4/../../../../arm-none-eabi/lib/armv7-m\libc.a(lib_a-fini.o)
 .ARM.attributes
                0x0000069b       0x2d c:/program files (x86)/atmel/atmel toolchain/arm gcc/native/4.8.1437/arm-gnu-toolchain/bin/../lib/gcc/arm-none-eabi/4.8.4/../../../../arm-none-eabi/lib/armv7-m\libc.a(lib_a-__atexit.o)
 .ARM.attributes
                0x000006c8       0x1d c:/program files (x86)/atmel/atmel toolchain/arm gcc/native/4.8.1437/arm-gnu-toolchain/bin/../lib/gcc/arm-none-eabi/4.8.4/armv7-m/crtn.o

.comment        0x00000000       0x5b
 .comment       0x00000000       0x5b src/command_test.o
                                 0x5c (size before relaxing)
 .comment       0x00000000       0x5c src/asf/common/services/clock/sam3x/sysclk.o
 .comment       0x00000000       0x5c src/asf/sam/boards/sam3x_ek/init.o
 .comment       0x00000000       0x5c src/asf/sam/components/can/sn65hvd234.o
 .comment       0x00000000       0x5c src/asf/sam/drivers/can/can.o
 .comment       0x00000000       0x5c src/asf/sam/drivers/pio/pio.o
 .comment       0x00000000       0x5c src/asf/sam/drivers/pio/pio_handler.o
 .comment       0x00000000       0x5c src/asf/sam/drivers/pmc/pmc.o
 .comment       0x00000000       0x5c src/asf/sam/drivers/rtt/rtt.o
 .comment       0x00000000       0x5c src/asf/sam/drivers/usart/usart.o
 .comment       0x00000000       0x5c src/asf/sam/drivers/wdt/wdt.o
 .comment       0x00000000       0x5c src/asf/sam/utils/cmsis/sam3x/source/templates/exceptions.o
 .comment       0x00000000       0x5c src/asf/sam/utils/cmsis/sam3x/source/templates/gcc/startup_sam3x.o
 .comment       0x00000000       0x5c src/asf/sam/utils/cmsis/sam3x/source/templates/system_sam3x.o
 .comment       0x00000000       0x5c src/asf/thirdparty/FreeRTOS/list.o
 .comment       0x00000000       0x5c src/asf/thirdparty/FreeRTOS/portable/GCC/ARM_CM3/port.o
 .comment       0x00000000       0x5c src/asf/thirdparty/FreeRTOS/portable/MemMang/heap_4.o
 .comment       0x00000000       0x5c src/asf/thirdparty/FreeRTOS/queue.o
 .comment       0x00000000       0x5c src/asf/thirdparty/FreeRTOS/tasks.o
 .comment       0x00000000       0x5c src/asf/thirdparty/FreeRTOS/timers.o
 .comment       0x00000000       0x5c src/can_func.o
 .comment       0x00000000       0x5c src/main.o
 .comment       0x00000000       0x5c src/ParTest.o
 .comment       0x00000000       0x5c src/rtt_test0.o
 .comment       0x00000000       0x5c src/serial.o

.debug_info     0x00000000     0xbe4e
 .debug_info    0x00000000      0x3ab src/command_test.o
 .debug_info    0x000003ab      0x668 src/asf/common/services/clock/sam3x/sysclk.o
 .debug_info    0x00000a13      0x1c7 src/asf/sam/boards/sam3x_ek/init.o
 .debug_info    0x00000bda      0x22b src/asf/sam/components/can/sn65hvd234.o
 .debug_info    0x00000e05      0xd50 src/asf/sam/drivers/can/can.o
 .debug_info    0x00001b55      0xea8 src/asf/sam/drivers/pio/pio.o
 .debug_info    0x000029fd      0xbfa src/asf/sam/drivers/pio/pio_handler.o
 .debug_info    0x000035f7      0xee6 src/asf/sam/drivers/pmc/pmc.o
 .debug_info    0x000044dd      0x2d8 src/asf/sam/drivers/rtt/rtt.o
 .debug_info    0x000047b5     0x1858 src/asf/sam/drivers/usart/usart.o
 .debug_info    0x0000600d      0x2d1 src/asf/sam/drivers/wdt/wdt.o
 .debug_info    0x000062de       0xba src/asf/sam/utils/cmsis/sam3x/source/templates/exceptions.o
 .debug_info    0x00006398      0x361 src/asf/sam/utils/cmsis/sam3x/source/templates/gcc/startup_sam3x.o
 .debug_info    0x000066f9      0x47a src/asf/sam/utils/cmsis/sam3x/source/templates/system_sam3x.o
 .debug_info    0x00006b73      0x2d4 src/asf/thirdparty/FreeRTOS/list.o
 .debug_info    0x00006e47      0x36f src/asf/thirdparty/FreeRTOS/portable/GCC/ARM_CM3/port.o
 .debug_info    0x000071b6      0x339 src/asf/thirdparty/FreeRTOS/portable/MemMang/heap_4.o
 .debug_info    0x000074ef      0xaef src/asf/thirdparty/FreeRTOS/queue.o
 .debug_info    0x00007fde     0x10bc src/asf/thirdparty/FreeRTOS/tasks.o
 .debug_info    0x0000909a      0x853 src/asf/thirdparty/FreeRTOS/timers.o
 .debug_info    0x000098ed      0xad1 src/can_func.o
 .debug_info    0x0000a3be      0x643 src/main.o
 .debug_info    0x0000aa01      0x1e1 src/ParTest.o
 .debug_info    0x0000abe2      0x70d src/rtt_test0.o
 .debug_info    0x0000b2ef      0xb5f src/serial.o

.debug_abbrev   0x00000000     0x249c
 .debug_abbrev  0x00000000       0xfd src/command_test.o
 .debug_abbrev  0x000000fd      0x1c3 src/asf/common/services/clock/sam3x/sysclk.o
 .debug_abbrev  0x000002c0       0xd4 src/asf/sam/boards/sam3x_ek/init.o
 .debug_abbrev  0x00000394       0xcd src/asf/sam/components/can/sn65hvd234.o
 .debug_abbrev  0x00000461      0x1ed src/asf/sam/drivers/can/can.o
 .debug_abbrev  0x0000064e      0x1c0 src/asf/sam/drivers/pio/pio.o
 .debug_abbrev  0x0000080e      0x1e6 src/asf/sam/drivers/pio/pio_handler.o
 .debug_abbrev  0x000009f4      0x20d src/asf/sam/drivers/pmc/pmc.o
 .debug_abbrev  0x00000c01      0x10e src/asf/sam/drivers/rtt/rtt.o
 .debug_abbrev  0x00000d0f      0x1cd src/asf/sam/drivers/usart/usart.o
 .debug_abbrev  0x00000edc       0xf2 src/asf/sam/drivers/wdt/wdt.o
 .debug_abbrev  0x00000fce       0x6c src/asf/sam/utils/cmsis/sam3x/source/templates/exceptions.o
 .debug_abbrev  0x0000103a      0x100 src/asf/sam/utils/cmsis/sam3x/source/templates/gcc/startup_sam3x.o
 .debug_abbrev  0x0000113a       0xf5 src/asf/sam/utils/cmsis/sam3x/source/templates/system_sam3x.o
 .debug_abbrev  0x0000122f       0xc3 src/asf/thirdparty/FreeRTOS/list.o
 .debug_abbrev  0x000012f2      0x1d2 src/asf/thirdparty/FreeRTOS/portable/GCC/ARM_CM3/port.o
 .debug_abbrev  0x000014c4      0x177 src/asf/thirdparty/FreeRTOS/portable/MemMang/heap_4.o
 .debug_abbrev  0x0000163b      0x17e src/asf/thirdparty/FreeRTOS/queue.o
 .debug_abbrev  0x000017b9      0x231 src/asf/thirdparty/FreeRTOS/tasks.o
 .debug_abbrev  0x000019ea      0x19c src/asf/thirdparty/FreeRTOS/timers.o
 .debug_abbrev  0x00001b86      0x2da src/can_func.o
 .debug_abbrev  0x00001e60      0x1c3 src/main.o
 .debug_abbrev  0x00002023       0xdd src/ParTest.o
 .debug_abbrev  0x00002100      0x1a0 src/rtt_test0.o
 .debug_abbrev  0x000022a0      0x1fc src/serial.o

.debug_loc      0x00000000     0x5774
 .debug_loc     0x00000000       0x70 src/command_test.o
 .debug_loc     0x00000070      0x2f8 src/asf/common/services/clock/sam3x/sysclk.o
 .debug_loc     0x00000368       0x2c src/asf/sam/boards/sam3x_ek/init.o
 .debug_loc     0x00000394      0x150 src/asf/sam/components/can/sn65hvd234.o
 .debug_loc     0x000004e4      0x850 src/asf/sam/drivers/can/can.o
 .debug_loc     0x00000d34      0x850 src/asf/sam/drivers/pio/pio.o
 .debug_loc     0x00001584      0x238 src/asf/sam/drivers/pio/pio_handler.o
 .debug_loc     0x000017bc      0xac0 src/asf/sam/drivers/pmc/pmc.o
 .debug_loc     0x0000227c      0x150 src/asf/sam/drivers/rtt/rtt.o
 .debug_loc     0x000023cc     0x12d0 src/asf/sam/drivers/usart/usart.o
 .debug_loc     0x0000369c      0x150 src/asf/sam/drivers/wdt/wdt.o
 .debug_loc     0x000037ec       0x2c src/asf/sam/utils/cmsis/sam3x/source/templates/exceptions.o
 .debug_loc     0x00003818       0x38 src/asf/sam/utils/cmsis/sam3x/source/templates/gcc/startup_sam3x.o
 .debug_loc     0x00003850       0x90 src/asf/sam/utils/cmsis/sam3x/source/templates/system_sam3x.o
 .debug_loc     0x000038e0      0x118 src/asf/thirdparty/FreeRTOS/list.o
 .debug_loc     0x000039f8      0x1dc src/asf/thirdparty/FreeRTOS/portable/GCC/ARM_CM3/port.o
 .debug_loc     0x00003bd4      0x164 src/asf/thirdparty/FreeRTOS/portable/MemMang/heap_4.o
 .debug_loc     0x00003d38      0x508 src/asf/thirdparty/FreeRTOS/queue.o
 .debug_loc     0x00004240      0x8bc src/asf/thirdparty/FreeRTOS/tasks.o
 .debug_loc     0x00004afc      0x33c src/asf/thirdparty/FreeRTOS/timers.o
 .debug_loc     0x00004e38      0x350 src/can_func.o
 .debug_loc     0x00005188      0x178 src/main.o
 .debug_loc     0x00005300       0xa8 src/ParTest.o
 .debug_loc     0x000053a8      0x17c src/rtt_test0.o
 .debug_loc     0x00005524      0x250 src/serial.o

.debug_aranges  0x00000000      0xf60
 .debug_aranges
                0x00000000       0x28 src/command_test.o
 .debug_aranges
                0x00000028       0x88 src/asf/common/services/clock/sam3x/sysclk.o
 .debug_aranges
                0x000000b0       0x20 src/asf/sam/boards/sam3x_ek/init.o
 .debug_aranges
                0x000000d0       0x48 src/asf/sam/components/can/sn65hvd234.o
 .debug_aranges
                0x00000118      0x148 src/asf/sam/drivers/can/can.o
 .debug_aranges
                0x00000260      0x148 src/asf/sam/drivers/pio/pio.o
 .debug_aranges
                0x000003a8       0x70 src/asf/sam/drivers/pio/pio_handler.o
 .debug_aranges
                0x00000418      0x1c0 src/asf/sam/drivers/pmc/pmc.o
 .debug_aranges
                0x000005d8       0x48 src/asf/sam/drivers/rtt/rtt.o
 .debug_aranges
                0x00000620      0x2c8 src/asf/sam/drivers/usart/usart.o
 .debug_aranges
                0x000008e8       0x48 src/asf/sam/drivers/wdt/wdt.o
 .debug_aranges
                0x00000930       0x20 src/asf/sam/utils/cmsis/sam3x/source/templates/exceptions.o
 .debug_aranges
                0x00000950       0x20 src/asf/sam/utils/cmsis/sam3x/source/templates/gcc/startup_sam3x.o
 .debug_aranges
                0x00000970       0x30 src/asf/sam/utils/cmsis/sam3x/source/templates/system_sam3x.o
 .debug_aranges
                0x000009a0       0x40 src/asf/thirdparty/FreeRTOS/list.o
 .debug_aranges
                0x000009e0       0x90 src/asf/thirdparty/FreeRTOS/portable/GCC/ARM_CM3/port.o
 .debug_aranges
                0x00000a70       0x50 src/asf/thirdparty/FreeRTOS/portable/MemMang/heap_4.o
 .debug_aranges
                0x00000ac0       0xd0 src/asf/thirdparty/FreeRTOS/queue.o
 .debug_aranges
                0x00000b90      0x160 src/asf/thirdparty/FreeRTOS/tasks.o
 .debug_aranges
                0x00000cf0       0x90 src/asf/thirdparty/FreeRTOS/timers.o
 .debug_aranges
                0x00000d80       0x98 src/can_func.o
 .debug_aranges
                0x00000e18       0x58 src/main.o
 .debug_aranges
                0x00000e70       0x30 src/ParTest.o
 .debug_aranges
                0x00000ea0       0x50 src/rtt_test0.o
 .debug_aranges
                0x00000ef0       0x70 src/serial.o

.debug_ranges   0x00000000      0xdd0
 .debug_ranges  0x00000000       0x18 src/command_test.o
 .debug_ranges  0x00000018       0x78 src/asf/common/services/clock/sam3x/sysclk.o
 .debug_ranges  0x00000090       0x10 src/asf/sam/boards/sam3x_ek/init.o
 .debug_ranges  0x000000a0       0x38 src/asf/sam/components/can/sn65hvd234.o
 .debug_ranges  0x000000d8      0x138 src/asf/sam/drivers/can/can.o
 .debug_ranges  0x00000210      0x138 src/asf/sam/drivers/pio/pio.o
 .debug_ranges  0x00000348       0x60 src/asf/sam/drivers/pio/pio_handler.o
 .debug_ranges  0x000003a8      0x1b0 src/asf/sam/drivers/pmc/pmc.o
 .debug_ranges  0x00000558       0x38 src/asf/sam/drivers/rtt/rtt.o
 .debug_ranges  0x00000590      0x2b8 src/asf/sam/drivers/usart/usart.o
 .debug_ranges  0x00000848       0x38 src/asf/sam/drivers/wdt/wdt.o
 .debug_ranges  0x00000880       0x10 src/asf/sam/utils/cmsis/sam3x/source/templates/exceptions.o
 .debug_ranges  0x00000890       0x10 src/asf/sam/utils/cmsis/sam3x/source/templates/gcc/startup_sam3x.o
 .debug_ranges  0x000008a0       0x20 src/asf/sam/utils/cmsis/sam3x/source/templates/system_sam3x.o
 .debug_ranges  0x000008c0       0x30 src/asf/thirdparty/FreeRTOS/list.o
 .debug_ranges  0x000008f0       0x80 src/asf/thirdparty/FreeRTOS/portable/GCC/ARM_CM3/port.o
 .debug_ranges  0x00000970       0x40 src/asf/thirdparty/FreeRTOS/portable/MemMang/heap_4.o
 .debug_ranges  0x000009b0       0xc0 src/asf/thirdparty/FreeRTOS/queue.o
 .debug_ranges  0x00000a70      0x150 src/asf/thirdparty/FreeRTOS/tasks.o
 .debug_ranges  0x00000bc0       0x80 src/asf/thirdparty/FreeRTOS/timers.o
 .debug_ranges  0x00000c40       0x88 src/can_func.o
 .debug_ranges  0x00000cc8       0x48 src/main.o
 .debug_ranges  0x00000d10       0x20 src/ParTest.o
 .debug_ranges  0x00000d30       0x40 src/rtt_test0.o
 .debug_ranges  0x00000d70       0x60 src/serial.o

.debug_macro    0x00000000    0x1997f
 .debug_macro   0x00000000      0x67c src/command_test.o
 .debug_macro   0x0000067c      0x862 src/command_test.o
 .debug_macro   0x00000ede       0x58 src/command_test.o
 .debug_macro   0x00000f36       0x16 src/command_test.o
 .debug_macro   0x00000f4c       0x35 src/command_test.o
 .debug_macro   0x00000f81       0xa3 src/command_test.o
 .debug_macro   0x00001024       0x16 src/command_test.o
 .debug_macro   0x0000103a       0x97 src/command_test.o
 .debug_macro   0x000010d1       0x10 src/command_test.o
 .debug_macro   0x000010e1       0xef src/command_test.o
 .debug_macro   0x000011d0       0x4a src/command_test.o
 .debug_macro   0x0000121a       0x52 src/command_test.o
 .debug_macro   0x0000126c       0x16 src/command_test.o
 .debug_macro   0x00001282       0x43 src/command_test.o
 .debug_macro   0x000012c5      0x180 src/command_test.o
 .debug_macro   0x00001445       0x10 src/command_test.o
 .debug_macro   0x00001455       0x22 src/command_test.o
 .debug_macro   0x00001477       0xbd src/command_test.o
 .debug_macro   0x00001534       0x16 src/command_test.o
 .debug_macro   0x0000154a      0x16c src/command_test.o
 .debug_macro   0x000016b6      0x20f src/command_test.o
 .debug_macro   0x000018c5      0x106 src/command_test.o
 .debug_macro   0x000019cb       0x46 src/command_test.o
 .debug_macro   0x00001a11       0xc9 src/command_test.o
 .debug_macro   0x00001ada       0x12 src/command_test.o
 .debug_macro   0x00001aec       0x1c src/command_test.o
 .debug_macro   0x00001b08      0x361 src/command_test.o
 .debug_macro   0x00001e69       0x79 src/command_test.o
 .debug_macro   0x00001ee2       0x69 src/command_test.o
 .debug_macro   0x00001f4b       0xb0 src/command_test.o
 .debug_macro   0x00001ffb       0x7e src/command_test.o
 .debug_macro   0x00002079      0x22f src/command_test.o
 .debug_macro   0x000022a8       0x76 src/command_test.o
 .debug_macro   0x0000231e       0x16 src/command_test.o
 .debug_macro   0x00002334      0x6d7 src/command_test.o
 .debug_macro   0x00002a0b       0x26 src/command_test.o
 .debug_macro   0x00002a31       0x34 src/command_test.o
 .debug_macro   0x00002a65       0x18 src/command_test.o
 .debug_macro   0x00002a7d      0x743 src/command_test.o
 .debug_macro   0x000031c0      0xab3 src/command_test.o
 .debug_macro   0x00003c73      0x566 src/command_test.o
 .debug_macro   0x000041d9      0x2b2 src/command_test.o
 .debug_macro   0x0000448b      0x317 src/command_test.o
 .debug_macro   0x000047a2      0x74c src/command_test.o
 .debug_macro   0x00004eee       0x82 src/command_test.o
 .debug_macro   0x00004f70      0x578 src/command_test.o
 .debug_macro   0x000054e8       0x1c src/command_test.o
 .debug_macro   0x00005504      0x6b5 src/command_test.o
 .debug_macro   0x00005bb9      0x52a src/command_test.o
 .debug_macro   0x000060e3       0xbe src/command_test.o
 .debug_macro   0x000061a1     0x233f src/command_test.o
 .debug_macro   0x000084e0      0x85a src/command_test.o
 .debug_macro   0x00008d3a      0xdc6 src/command_test.o
 .debug_macro   0x00009b00       0x7c src/command_test.o
 .debug_macro   0x00009b7c      0x261 src/command_test.o
 .debug_macro   0x00009ddd       0x58 src/command_test.o
 .debug_macro   0x00009e35      0x9a5 src/command_test.o
 .debug_macro   0x0000a7da      0x246 src/command_test.o
 .debug_macro   0x0000aa20      0x4dc src/command_test.o
 .debug_macro   0x0000aefc      0x6b0 src/command_test.o
 .debug_macro   0x0000b5ac      0x59c src/command_test.o
 .debug_macro   0x0000bb48       0x46 src/command_test.o
 .debug_macro   0x0000bb8e      0x34a src/command_test.o
 .debug_macro   0x0000bed8      0x289 src/command_test.o
 .debug_macro   0x0000c161     0x14d7 src/command_test.o
 .debug_macro   0x0000d638      0x7b7 src/command_test.o
 .debug_macro   0x0000ddef       0x76 src/command_test.o
 .debug_macro   0x0000de65       0x82 src/command_test.o
 .debug_macro   0x0000dee7       0x76 src/command_test.o
 .debug_macro   0x0000df5d       0x4c src/command_test.o
 .debug_macro   0x0000dfa9      0x102 src/command_test.o
 .debug_macro   0x0000e0ab      0x102 src/command_test.o
 .debug_macro   0x0000e1ad      0x102 src/command_test.o
 .debug_macro   0x0000e2af       0x88 src/command_test.o
 .debug_macro   0x0000e337       0x88 src/command_test.o
 .debug_macro   0x0000e3bf      0x3b4 src/command_test.o
 .debug_macro   0x0000e773       0xb8 src/command_test.o
 .debug_macro   0x0000e82b       0xb8 src/command_test.o
 .debug_macro   0x0000e8e3       0xb8 src/command_test.o
 .debug_macro   0x0000e99b       0xb8 src/command_test.o
 .debug_macro   0x0000ea53      0x2b8 src/command_test.o
 .debug_macro   0x0000ed0b      0x122 src/command_test.o
 .debug_macro   0x0000ee2d      0x222 src/command_test.o
 .debug_macro   0x0000f04f      0x222 src/command_test.o
 .debug_macro   0x0000f271       0x2e src/command_test.o
 .debug_macro   0x0000f29f       0xac src/command_test.o
 .debug_macro   0x0000f34b      0x14a src/command_test.o
 .debug_macro   0x0000f495       0x7c src/command_test.o
 .debug_macro   0x0000f511      0x202 src/command_test.o
 .debug_macro   0x0000f713       0x64 src/command_test.o
 .debug_macro   0x0000f777       0xa6 src/command_test.o
 .debug_macro   0x0000f81d       0x7c src/command_test.o
 .debug_macro   0x0000f899       0x16 src/command_test.o
 .debug_macro   0x0000f8af       0x22 src/command_test.o
 .debug_macro   0x0000f8d1       0x22 src/command_test.o
 .debug_macro   0x0000f8f3      0x112 src/command_test.o
 .debug_macro   0x0000fa05      0x112 src/command_test.o
 .debug_macro   0x0000fb17      0x112 src/command_test.o
 .debug_macro   0x0000fc29      0x112 src/command_test.o
 .debug_macro   0x0000fd3b       0x1c src/command_test.o
 .debug_macro   0x0000fd57       0x2e src/command_test.o
 .debug_macro   0x0000fd85       0x22 src/command_test.o
 .debug_macro   0x0000fda7       0x1c src/command_test.o
 .debug_macro   0x0000fdc3       0x58 src/command_test.o
 .debug_macro   0x0000fe1b       0x10 src/command_test.o
 .debug_macro   0x0000fe2b      0x273 src/command_test.o
 .debug_macro   0x0001009e     0x10b1 src/command_test.o
 .debug_macro   0x0001114f      0x12a src/command_test.o
 .debug_macro   0x00011279       0x22 src/command_test.o
 .debug_macro   0x0001129b       0x16 src/command_test.o
 .debug_macro   0x000112b1       0x35 src/command_test.o
 .debug_macro   0x000112e6       0x16 src/command_test.o
 .debug_macro   0x000112fc       0x29 src/command_test.o
 .debug_macro   0x00011325       0x52 src/command_test.o
 .debug_macro   0x00011377       0x3e src/command_test.o
 .debug_macro   0x000113b5      0x322 src/command_test.o
 .debug_macro   0x000116d7       0x8e src/command_test.o
 .debug_macro   0x00011765       0x40 src/command_test.o
 .debug_macro   0x000117a5      0x160 src/command_test.o
 .debug_macro   0x00011905      0xf4d src/command_test.o
 .debug_macro   0x00012852       0x58 src/command_test.o
 .debug_macro   0x000128aa       0x28 src/command_test.o
 .debug_macro   0x000128d2       0x28 src/command_test.o
 .debug_macro   0x000128fa       0x6a src/command_test.o
 .debug_macro   0x00012964       0x5e src/command_test.o
 .debug_macro   0x000129c2       0x90 src/command_test.o
 .debug_macro   0x00012a52       0x2e src/command_test.o
 .debug_macro   0x00012a80       0x10 src/command_test.o
 .debug_macro   0x00012a90       0x10 src/command_test.o
 .debug_macro   0x00012aa0       0x88 src/command_test.o
 .debug_macro   0x00012b28      0x2a6 src/command_test.o
 .debug_macro   0x00012dce       0x10 src/command_test.o
 .debug_macro   0x00012dde       0x1f src/command_test.o
 .debug_macro   0x00012dfd       0x28 src/command_test.o
 .debug_macro   0x00012e25       0x40 src/command_test.o
 .debug_macro   0x00012e65      0x533 src/asf/common/services/clock/sam3x/sysclk.o
 .debug_macro   0x00013398      0x166 src/asf/common/services/clock/sam3x/sysclk.o
 .debug_macro   0x000134fe       0x44 src/asf/common/services/clock/sam3x/sysclk.o
 .debug_macro   0x00013542      0x209 src/asf/common/services/clock/sam3x/sysclk.o
 .debug_macro   0x0001374b       0x20 src/asf/common/services/clock/sam3x/sysclk.o
 .debug_macro   0x0001376b      0x15a src/asf/common/services/clock/sam3x/sysclk.o
 .debug_macro   0x000138c5       0x64 src/asf/common/services/clock/sam3x/sysclk.o
 .debug_macro   0x00013929      0x59f src/asf/sam/boards/sam3x_ek/init.o
 .debug_macro   0x00013ec8      0x507 src/asf/sam/components/can/sn65hvd234.o
 .debug_macro   0x000143cf      0x4e8 src/asf/sam/drivers/can/can.o
 .debug_macro   0x000148b7       0x82 src/asf/sam/drivers/can/can.o
 .debug_macro   0x00014939      0x4d2 src/asf/sam/drivers/pio/pio.o
 .debug_macro   0x00014e0b       0x88 src/asf/sam/drivers/pio/pio.o
 .debug_macro   0x00014e93      0x4dc src/asf/sam/drivers/pio/pio_handler.o
 .debug_macro   0x0001536f      0x4c4 src/asf/sam/drivers/pmc/pmc.o
 .debug_macro   0x00015833       0x52 src/asf/sam/drivers/pmc/pmc.o
 .debug_macro   0x00015885      0x4b9 src/asf/sam/drivers/rtt/rtt.o
 .debug_macro   0x00015d3e      0x500 src/asf/sam/drivers/usart/usart.o
 .debug_macro   0x0001623e       0x28 src/asf/sam/drivers/usart/usart.o
 .debug_macro   0x00016266      0x4d1 src/asf/sam/drivers/wdt/wdt.o
 .debug_macro   0x00016737      0x33c src/asf/sam/utils/cmsis/sam3x/source/templates/exceptions.o
 .debug_macro   0x00016a73      0x34e src/asf/sam/utils/cmsis/sam3x/source/templates/gcc/startup_sam3x.o
 .debug_macro   0x00016dc1      0x34e src/asf/sam/utils/cmsis/sam3x/source/templates/system_sam3x.o
 .debug_macro   0x0001710f      0x133 src/asf/thirdparty/FreeRTOS/list.o
 .debug_macro   0x00017242      0x10e src/asf/thirdparty/FreeRTOS/list.o
 .debug_macro   0x00017350       0x7f src/asf/thirdparty/FreeRTOS/list.o
 .debug_macro   0x000173cf      0x143 src/asf/thirdparty/FreeRTOS/portable/GCC/ARM_CM3/port.o
 .debug_macro   0x00017512      0x15a src/asf/thirdparty/FreeRTOS/portable/MemMang/heap_4.o
 .debug_macro   0x0001766c      0x1c3 src/asf/thirdparty/FreeRTOS/queue.o
 .debug_macro   0x0001782f      0x1ff src/asf/thirdparty/FreeRTOS/tasks.o
 .debug_macro   0x00017a2e       0x91 src/asf/thirdparty/FreeRTOS/tasks.o
 .debug_macro   0x00017abf       0x16 src/asf/thirdparty/FreeRTOS/tasks.o
 .debug_macro   0x00017ad5      0x170 src/asf/thirdparty/FreeRTOS/timers.o
 .debug_macro   0x00017c45      0x596 src/can_func.o
 .debug_macro   0x000181db      0x662 src/main.o
 .debug_macro   0x0001883d      0x56d src/ParTest.o
 .debug_macro   0x00018daa      0x59f src/rtt_test0.o
 .debug_macro   0x00019349      0x636 src/serial.o

.debug_line     0x00000000    0x121e5
 .debug_line    0x00000000      0xf63 src/command_test.o
 .debug_line    0x00000f63      0xd25 src/asf/common/services/clock/sam3x/sysclk.o
 .debug_line    0x00001c88      0xd29 src/asf/sam/boards/sam3x_ek/init.o
 .debug_line    0x000029b1      0xbb4 src/asf/sam/components/can/sn65hvd234.o
 .debug_line    0x00003565      0xe07 src/asf/sam/drivers/can/can.o
 .debug_line    0x0000436c      0xdeb src/asf/sam/drivers/pio/pio.o
 .debug_line    0x00005157      0xbd2 src/asf/sam/drivers/pio/pio_handler.o
 .debug_line    0x00005d29     0x1003 src/asf/sam/drivers/pmc/pmc.o
 .debug_line    0x00006d2c      0xb2b src/asf/sam/drivers/rtt/rtt.o
 .debug_line    0x00007857     0x1207 src/asf/sam/drivers/usart/usart.o
 .debug_line    0x00008a5e      0xb2c src/asf/sam/drivers/wdt/wdt.o
 .debug_line    0x0000958a      0x8d6 src/asf/sam/utils/cmsis/sam3x/source/templates/exceptions.o
 .debug_line    0x00009e60      0x92d src/asf/sam/utils/cmsis/sam3x/source/templates/gcc/startup_sam3x.o
 .debug_line    0x0000a78d      0x965 src/asf/sam/utils/cmsis/sam3x/source/templates/system_sam3x.o
 .debug_line    0x0000b0f2      0x427 src/asf/thirdparty/FreeRTOS/list.o
 .debug_line    0x0000b519      0x48a src/asf/thirdparty/FreeRTOS/portable/GCC/ARM_CM3/port.o
 .debug_line    0x0000b9a3      0x4e6 src/asf/thirdparty/FreeRTOS/portable/MemMang/heap_4.o
 .debug_line    0x0000be89      0x949 src/asf/thirdparty/FreeRTOS/queue.o
 .debug_line    0x0000c7d2      0xbbf src/asf/thirdparty/FreeRTOS/tasks.o
 .debug_line    0x0000d391      0x5c7 src/asf/thirdparty/FreeRTOS/timers.o
 .debug_line    0x0000d958      0xf28 src/can_func.o
 .debug_line    0x0000e880      0xfcc src/main.o
 .debug_line    0x0000f84c      0xcd6 src/ParTest.o
 .debug_line    0x00010522      0xda1 src/rtt_test0.o
 .debug_line    0x000112c3      0xf22 src/serial.o

.debug_str      0x00000000    0x66c6b
 .debug_str     0x00000000    0x61002 src/command_test.o
                              0x612b2 (size before relaxing)
 .debug_str     0x00061002      0x30f src/asf/common/services/clock/sam3x/sysclk.o
                              0x5bdc9 (size before relaxing)
 .debug_str     0x00061311       0x71 src/asf/sam/boards/sam3x_ek/init.o
                              0x5c32c (size before relaxing)
 .debug_str     0x00061382      0x105 src/asf/sam/components/can/sn65hvd234.o
                              0x5b638 (size before relaxing)
 .debug_str     0x00061487      0x5cb src/asf/sam/drivers/can/can.o
                              0x556ea (size before relaxing)
 .debug_str     0x00061a52      0x609 src/asf/sam/drivers/pio/pio.o
                              0x55873 (size before relaxing)
 .debug_str     0x0006205b      0x42a src/asf/sam/drivers/pio/pio_handler.o
                              0x55866 (size before relaxing)
 .debug_str     0x00062485      0x5b4 src/asf/sam/drivers/pmc/pmc.o
                              0x55770 (size before relaxing)
 .debug_str     0x00062a39       0xd0 src/asf/sam/drivers/rtt/rtt.o
                              0x54f95 (size before relaxing)
 .debug_str     0x00062b09      0xb77 src/asf/sam/drivers/usart/usart.o
                              0x55b13 (size before relaxing)
 .debug_str     0x00063680       0xf1 src/asf/sam/drivers/wdt/wdt.o
                              0x54fdd (size before relaxing)
 .debug_str     0x00063771       0x4d src/asf/sam/utils/cmsis/sam3x/source/templates/exceptions.o
                              0x4b6ff (size before relaxing)
 .debug_str     0x000637be       0xb2 src/asf/sam/utils/cmsis/sam3x/source/templates/gcc/startup_sam3x.o
                              0x4b7e8 (size before relaxing)
 .debug_str     0x00063870      0x1cd src/asf/sam/utils/cmsis/sam3x/source/templates/system_sam3x.o
                              0x4b9fb (size before relaxing)
 .debug_str     0x00063a3d      0x13c src/asf/thirdparty/FreeRTOS/list.o
                               0x6db9 (size before relaxing)
 .debug_str     0x00063b79      0x704 src/asf/thirdparty/FreeRTOS/portable/GCC/ARM_CM3/port.o
                               0x63e7 (size before relaxing)
 .debug_str     0x0006427d      0x2b3 src/asf/thirdparty/FreeRTOS/portable/MemMang/heap_4.o
                               0x72d4 (size before relaxing)
 .debug_str     0x00064530      0x63a src/asf/thirdparty/FreeRTOS/queue.o
                               0x912c (size before relaxing)
 .debug_str     0x00064b6a     0x1897 src/asf/thirdparty/FreeRTOS/tasks.o
                               0x9a06 (size before relaxing)
 .debug_str     0x00066401      0x3a2 src/asf/thirdparty/FreeRTOS/timers.o
                               0x872c (size before relaxing)
 .debug_str     0x000667a3      0x105 src/can_func.o
                              0x5d6ba (size before relaxing)
 .debug_str     0x000668a8       0xc8 src/main.o
                              0x601c0 (size before relaxing)
 .debug_str     0x00066970       0x8c src/ParTest.o
                              0x5e30d (size before relaxing)
 .debug_str     0x000669fc       0x6f src/rtt_test0.o
                              0x5c645 (size before relaxing)
 .debug_str     0x00066a6b      0x200 src/serial.o
                              0x5fc16 (size before relaxing)

.debug_frame    0x00000000     0x31d4
 .debug_frame   0x00000000       0x50 src/command_test.o
 .debug_frame   0x00000050      0x1c4 src/asf/common/services/clock/sam3x/sysclk.o
 .debug_frame   0x00000214       0x2c src/asf/sam/boards/sam3x_ek/init.o
 .debug_frame   0x00000240       0xc8 src/asf/sam/components/can/sn65hvd234.o
 .debug_frame   0x00000308      0x450 src/asf/sam/drivers/can/can.o
 .debug_frame   0x00000758      0x44c src/asf/sam/drivers/pio/pio.o
 .debug_frame   0x00000ba4      0x150 src/asf/sam/drivers/pio/pio_handler.o
 .debug_frame   0x00000cf4      0x598 src/asf/sam/drivers/pmc/pmc.o
 .debug_frame   0x0000128c       0xbc src/asf/sam/drivers/rtt/rtt.o
 .debug_frame   0x00001348      0x9b0 src/asf/sam/drivers/usart/usart.o
 .debug_frame   0x00001cf8       0xb8 src/asf/sam/drivers/wdt/wdt.o
 .debug_frame   0x00001db0       0x28 src/asf/sam/utils/cmsis/sam3x/source/templates/exceptions.o
 .debug_frame   0x00001dd8       0x30 src/asf/sam/utils/cmsis/sam3x/source/templates/gcc/startup_sam3x.o
 .debug_frame   0x00001e08       0x5c src/asf/sam/utils/cmsis/sam3x/source/templates/system_sam3x.o
 .debug_frame   0x00001e64       0x9c src/asf/thirdparty/FreeRTOS/list.o
 .debug_frame   0x00001f00      0x178 src/asf/thirdparty/FreeRTOS/portable/GCC/ARM_CM3/port.o
 .debug_frame   0x00002078       0xd0 src/asf/thirdparty/FreeRTOS/portable/MemMang/heap_4.o
 .debug_frame   0x00002148      0x2f0 src/asf/thirdparty/FreeRTOS/queue.o
 .debug_frame   0x00002438      0x4fc src/asf/thirdparty/FreeRTOS/tasks.o
 .debug_frame   0x00002934      0x1e0 src/asf/thirdparty/FreeRTOS/timers.o
 .debug_frame   0x00002b14      0x1e8 src/can_func.o
 .debug_frame   0x00002cfc       0xec src/main.o
 .debug_frame   0x00002de8       0x70 src/ParTest.o
 .debug_frame   0x00002e58       0xdc src/rtt_test0.o
 .debug_frame   0x00002f34      0x158 src/serial.o
 .debug_frame   0x0000308c       0x2c c:/program files (x86)/atmel/atmel toolchain/arm gcc/native/4.8.1437/arm-gnu-toolchain/bin/../lib/gcc/arm-none-eabi/4.8.4/../../../../arm-none-eabi/lib/armv7-m\libc.a(lib_a-init.o)
 .debug_frame   0x000030b8       0x2c c:/program files (x86)/atmel/atmel toolchain/arm gcc/native/4.8.1437/arm-gnu-toolchain/bin/../lib/gcc/arm-none-eabi/4.8.4/../../../../arm-none-eabi/lib/armv7-m\libc.a(lib_a-memcmp.o)
 .debug_frame   0x000030e4       0x2c c:/program files (x86)/atmel/atmel toolchain/arm gcc/native/4.8.1437/arm-gnu-toolchain/bin/../lib/gcc/arm-none-eabi/4.8.4/../../../../arm-none-eabi/lib/armv7-m\libc.a(lib_a-memset.o)
 .debug_frame   0x00003110       0x48 c:/program files (x86)/atmel/atmel toolchain/arm gcc/native/4.8.1437/arm-gnu-toolchain/bin/../lib/gcc/arm-none-eabi/4.8.4/../../../../arm-none-eabi/lib/armv7-m\libc.a(lib_a-__call_atexit.o)
 .debug_frame   0x00003158       0x20 c:/program files (x86)/atmel/atmel toolchain/arm gcc/native/4.8.1437/arm-gnu-toolchain/bin/../lib/gcc/arm-none-eabi/4.8.4/../../../../arm-none-eabi/lib/armv7-m\libc.a(lib_a-atexit.o)
 .debug_frame   0x00003178       0x2c c:/program files (x86)/atmel/atmel toolchain/arm gcc/native/4.8.1437/arm-gnu-toolchain/bin/../lib/gcc/arm-none-eabi/4.8.4/../../../../arm-none-eabi/lib/armv7-m\libc.a(lib_a-fini.o)
 .debug_frame   0x000031a4       0x30 c:/program files (x86)/atmel/atmel toolchain/arm gcc/native/4.8.1437/arm-gnu-toolchain/bin/../lib/gcc/arm-none-eabi/4.8.4/../../../../arm-none-eabi/lib/armv7-m\libc.a(lib_a-__atexit.o)

Cross Reference Table

Symbol                                            File
ADC_Handler                                       src/asf/sam/utils/cmsis/sam3x/source/templates/exceptions.o
                                                  src/asf/sam/utils/cmsis/sam3x/source/templates/gcc/startup_sam3x.o
BusFault_Handler                                  src/asf/sam/utils/cmsis/sam3x/source/templates/exceptions.o
                                                  src/asf/sam/utils/cmsis/sam3x/source/templates/gcc/startup_sam3x.o
CAN0_Handler                                      src/can_func.o
                                                  src/asf/sam/utils/cmsis/sam3x/source/templates/exceptions.o
                                                  src/asf/sam/utils/cmsis/sam3x/source/templates/gcc/startup_sam3x.o
CAN1_Handler                                      src/can_func.o
                                                  src/asf/sam/utils/cmsis/sam3x/source/templates/exceptions.o
                                                  src/asf/sam/utils/cmsis/sam3x/source/templates/gcc/startup_sam3x.o
DACC_Handler                                      src/asf/sam/utils/cmsis/sam3x/source/templates/exceptions.o
                                                  src/asf/sam/utils/cmsis/sam3x/source/templates/gcc/startup_sam3x.o
DMAC_Handler                                      src/asf/sam/utils/cmsis/sam3x/source/templates/exceptions.o
                                                  src/asf/sam/utils/cmsis/sam3x/source/templates/gcc/startup_sam3x.o
DebugMon_Handler                                  src/asf/sam/utils/cmsis/sam3x/source/templates/exceptions.o
                                                  src/asf/sam/utils/cmsis/sam3x/source/templates/gcc/startup_sam3x.o
Dummy_Handler                                     src/asf/sam/utils/cmsis/sam3x/source/templates/exceptions.o
EFC0_Handler                                      src/asf/sam/utils/cmsis/sam3x/source/templates/exceptions.o
                                                  src/asf/sam/utils/cmsis/sam3x/source/templates/gcc/startup_sam3x.o
EFC1_Handler                                      src/asf/sam/utils/cmsis/sam3x/source/templates/exceptions.o
                                                  src/asf/sam/utils/cmsis/sam3x/source/templates/gcc/startup_sam3x.o
EMAC_Handler                                      src/asf/sam/utils/cmsis/sam3x/source/templates/exceptions.o
                                                  src/asf/sam/utils/cmsis/sam3x/source/templates/gcc/startup_sam3x.o
HSMCI_Handler                                     src/asf/sam/utils/cmsis/sam3x/source/templates/exceptions.o
                                                  src/asf/sam/utils/cmsis/sam3x/source/templates/gcc/startup_sam3x.o
HardFault_Handler                                 src/asf/sam/utils/cmsis/sam3x/source/templates/exceptions.o
                                                  src/asf/sam/utils/cmsis/sam3x/source/templates/gcc/startup_sam3x.o
MemManage_Handler                                 src/asf/sam/utils/cmsis/sam3x/source/templates/exceptions.o
                                                  src/asf/sam/utils/cmsis/sam3x/source/templates/gcc/startup_sam3x.o
NMI_Handler                                       src/asf/sam/utils/cmsis/sam3x/source/templates/exceptions.o
                                                  src/asf/sam/utils/cmsis/sam3x/source/templates/gcc/startup_sam3x.o
PIOA_Handler                                      src/asf/sam/drivers/pio/pio_handler.o
                                                  src/asf/sam/utils/cmsis/sam3x/source/templates/gcc/startup_sam3x.o
PIOB_Handler                                      src/asf/sam/drivers/pio/pio_handler.o
                                                  src/asf/sam/utils/cmsis/sam3x/source/templates/gcc/startup_sam3x.o
PIOC_Handler                                      src/asf/sam/drivers/pio/pio_handler.o
                                                  src/asf/sam/utils/cmsis/sam3x/source/templates/gcc/startup_sam3x.o
PIOD_Handler                                      src/asf/sam/drivers/pio/pio_handler.o
                                                  src/asf/sam/utils/cmsis/sam3x/source/templates/gcc/startup_sam3x.o
PMC_Handler                                       src/asf/sam/utils/cmsis/sam3x/source/templates/exceptions.o
                                                  src/asf/sam/utils/cmsis/sam3x/source/templates/gcc/startup_sam3x.o
PWM_Handler                                       src/asf/sam/utils/cmsis/sam3x/source/templates/exceptions.o
                                                  src/asf/sam/utils/cmsis/sam3x/source/templates/gcc/startup_sam3x.o
PendSV_Handler                                    src/asf/thirdparty/FreeRTOS/portable/GCC/ARM_CM3/port.o
                                                  src/asf/sam/utils/cmsis/sam3x/source/templates/exceptions.o
                                                  src/asf/sam/utils/cmsis/sam3x/source/templates/gcc/startup_sam3x.o
RSTC_Handler                                      src/asf/sam/utils/cmsis/sam3x/source/templates/exceptions.o
                                                  src/asf/sam/utils/cmsis/sam3x/source/templates/gcc/startup_sam3x.o
RTC_Handler                                       src/asf/sam/utils/cmsis/sam3x/source/templates/exceptions.o
                                                  src/asf/sam/utils/cmsis/sam3x/source/templates/gcc/startup_sam3x.o
RTT_Handler                                       src/rtt_test0.o
                                                  src/asf/sam/utils/cmsis/sam3x/source/templates/exceptions.o
                                                  src/asf/sam/utils/cmsis/sam3x/source/templates/gcc/startup_sam3x.o
Reset_Handler                                     src/asf/sam/utils/cmsis/sam3x/source/templates/gcc/startup_sam3x.o
SMC_Handler                                       src/asf/sam/utils/cmsis/sam3x/source/templates/exceptions.o
                                                  src/asf/sam/utils/cmsis/sam3x/source/templates/gcc/startup_sam3x.o
SPI0_Handler                                      src/asf/sam/utils/cmsis/sam3x/source/templates/exceptions.o
                                                  src/asf/sam/utils/cmsis/sam3x/source/templates/gcc/startup_sam3x.o
SSC_Handler                                       src/asf/sam/utils/cmsis/sam3x/source/templates/exceptions.o
                                                  src/asf/sam/utils/cmsis/sam3x/source/templates/gcc/startup_sam3x.o
SUPC_Handler                                      src/asf/sam/utils/cmsis/sam3x/source/templates/exceptions.o
                                                  src/asf/sam/utils/cmsis/sam3x/source/templates/gcc/startup_sam3x.o
SVC_Handler                                       src/asf/thirdparty/FreeRTOS/portable/GCC/ARM_CM3/port.o
                                                  src/asf/sam/utils/cmsis/sam3x/source/templates/exceptions.o
                                                  src/asf/sam/utils/cmsis/sam3x/source/templates/gcc/startup_sam3x.o
SysTick_Handler                                   src/asf/thirdparty/FreeRTOS/portable/GCC/ARM_CM3/port.o
                                                  src/asf/sam/utils/cmsis/sam3x/source/templates/exceptions.o
                                                  src/asf/sam/utils/cmsis/sam3x/source/templates/gcc/startup_sam3x.o
SystemCoreClock                                   src/asf/sam/utils/cmsis/sam3x/source/templates/system_sam3x.o
                                                  src/asf/thirdparty/FreeRTOS/portable/GCC/ARM_CM3/port.o
SystemCoreClockUpdate                             src/asf/sam/utils/cmsis/sam3x/source/templates/system_sam3x.o
                                                  src/asf/common/services/clock/sam3x/sysclk.o
SystemInit                                        src/asf/sam/utils/cmsis/sam3x/source/templates/system_sam3x.o
TC0_Handler                                       src/asf/sam/utils/cmsis/sam3x/source/templates/exceptions.o
                                                  src/asf/sam/utils/cmsis/sam3x/source/templates/gcc/startup_sam3x.o
TC1_Handler                                       src/asf/sam/utils/cmsis/sam3x/source/templates/exceptions.o
                                                  src/asf/sam/utils/cmsis/sam3x/source/templates/gcc/startup_sam3x.o
TC2_Handler                                       src/asf/sam/utils/cmsis/sam3x/source/templates/exceptions.o
                                                  src/asf/sam/utils/cmsis/sam3x/source/templates/gcc/startup_sam3x.o
TC3_Handler                                       src/asf/sam/utils/cmsis/sam3x/source/templates/exceptions.o
                                                  src/asf/sam/utils/cmsis/sam3x/source/templates/gcc/startup_sam3x.o
TC4_Handler                                       src/asf/sam/utils/cmsis/sam3x/source/templates/exceptions.o
                                                  src/asf/sam/utils/cmsis/sam3x/source/templates/gcc/startup_sam3x.o
TC5_Handler                                       src/asf/sam/utils/cmsis/sam3x/source/templates/exceptions.o
                                                  src/asf/sam/utils/cmsis/sam3x/source/templates/gcc/startup_sam3x.o
TC6_Handler                                       src/asf/sam/utils/cmsis/sam3x/source/templates/exceptions.o
                                                  src/asf/sam/utils/cmsis/sam3x/source/templates/gcc/startup_sam3x.o
TC7_Handler                                       src/asf/sam/utils/cmsis/sam3x/source/templates/exceptions.o
                                                  src/asf/sam/utils/cmsis/sam3x/source/templates/gcc/startup_sam3x.o
TC8_Handler                                       src/asf/sam/utils/cmsis/sam3x/source/templates/exceptions.o
                                                  src/asf/sam/utils/cmsis/sam3x/source/templates/gcc/startup_sam3x.o
TRNG_Handler                                      src/asf/sam/utils/cmsis/sam3x/source/templates/exceptions.o
                                                  src/asf/sam/utils/cmsis/sam3x/source/templates/gcc/startup_sam3x.o
TWI0_Handler                                      src/asf/sam/utils/cmsis/sam3x/source/templates/exceptions.o
                                                  src/asf/sam/utils/cmsis/sam3x/source/templates/gcc/startup_sam3x.o
TWI1_Handler                                      src/asf/sam/utils/cmsis/sam3x/source/templates/exceptions.o
                                                  src/asf/sam/utils/cmsis/sam3x/source/templates/gcc/startup_sam3x.o
UART_Handler                                      src/asf/sam/utils/cmsis/sam3x/source/templates/exceptions.o
                                                  src/asf/sam/utils/cmsis/sam3x/source/templates/gcc/startup_sam3x.o
UOTGHS_Handler                                    src/asf/sam/utils/cmsis/sam3x/source/templates/exceptions.o
                                                  src/asf/sam/utils/cmsis/sam3x/source/templates/gcc/startup_sam3x.o
USART0_Handler                                    src/serial.o
                                                  src/asf/sam/utils/cmsis/sam3x/source/templates/exceptions.o
                                                  src/asf/sam/utils/cmsis/sam3x/source/templates/gcc/startup_sam3x.o
USART1_Handler                                    src/asf/sam/utils/cmsis/sam3x/source/templates/exceptions.o
                                                  src/asf/sam/utils/cmsis/sam3x/source/templates/gcc/startup_sam3x.o
USART2_Handler                                    src/asf/sam/utils/cmsis/sam3x/source/templates/exceptions.o
                                                  src/asf/sam/utils/cmsis/sam3x/source/templates/gcc/startup_sam3x.o
USART3_Handler                                    src/asf/sam/utils/cmsis/sam3x/source/templates/exceptions.o
                                                  src/asf/sam/utils/cmsis/sam3x/source/templates/gcc/startup_sam3x.o
UsageFault_Handler                                src/asf/sam/utils/cmsis/sam3x/source/templates/exceptions.o
                                                  src/asf/sam/utils/cmsis/sam3x/source/templates/gcc/startup_sam3x.o
WDT_Handler                                       src/main.o
                                                  src/asf/sam/utils/cmsis/sam3x/source/templates/exceptions.o
                                                  src/asf/sam/utils/cmsis/sam3x/source/templates/gcc/startup_sam3x.o
_Jv_RegisterClasses                               c:/program files (x86)/atmel/atmel toolchain/arm gcc/native/4.8.1437/arm-gnu-toolchain/bin/../lib/gcc/arm-none-eabi/4.8.4/armv7-m/crtbegin.o
__bss_end__                                       c:/program files (x86)/atmel/atmel toolchain/arm gcc/native/4.8.1437/arm-gnu-toolchain/bin/../lib/gcc/arm-none-eabi/4.8.4/../../../../arm-none-eabi/lib/armv7-m/crt0.o
__bss_start__                                     c:/program files (x86)/atmel/atmel toolchain/arm gcc/native/4.8.1437/arm-gnu-toolchain/bin/../lib/gcc/arm-none-eabi/4.8.4/../../../../arm-none-eabi/lib/armv7-m/crt0.o
__call_exitprocs                                  c:/program files (x86)/atmel/atmel toolchain/arm gcc/native/4.8.1437/arm-gnu-toolchain/bin/../lib/gcc/arm-none-eabi/4.8.4/../../../../arm-none-eabi/lib/armv7-m\libc.a(lib_a-__call_atexit.o)
                                                  c:/program files (x86)/atmel/atmel toolchain/arm gcc/native/4.8.1437/arm-gnu-toolchain/bin/../lib/gcc/arm-none-eabi/4.8.4/../../../../arm-none-eabi/lib/armv7-m\libc.a(lib_a-exit.o)
__deregister_frame_info                           c:/program files (x86)/atmel/atmel toolchain/arm gcc/native/4.8.1437/arm-gnu-toolchain/bin/../lib/gcc/arm-none-eabi/4.8.4/armv7-m/crtbegin.o
__dso_handle                                      c:/program files (x86)/atmel/atmel toolchain/arm gcc/native/4.8.1437/arm-gnu-toolchain/bin/../lib/gcc/arm-none-eabi/4.8.4/armv7-m/crtbegin.o